ARM Linker, 5.03 [Build 24] [MDK-ARM Lite]

==============================================================================

Section Cross References

    system_stm32f4xx.o(.text) refers to system_stm32f4xx.o(.data) for SystemCoreClock
    startup_stm32f4xx.o(RESET) refers to startup_stm32f4xx.o(STACK) for __initial_sp
    startup_stm32f4xx.o(RESET) refers to startup_stm32f4xx.o(.text) for Reset_Handler
    startup_stm32f4xx.o(RESET) refers to hal_cm4.o(.emb_text) for SVC_Handler
    startup_stm32f4xx.o(RESET) refers to main.o(.text) for TIM3_IRQHandler
    startup_stm32f4xx.o(RESET) refers to dma.o(.text) for DMA2_Stream0_IRQHandler
    startup_stm32f4xx.o(.text) refers to system_stm32f4xx.o(.text) for SystemInit
    startup_stm32f4xx.o(.text) refers to entry.o(.ARM.Collect$$$$00000000) for __main
    rtx_conf_cm.o(.ARM.Collect$$$$000000FF) refers to rt_cmsis.o(i.osKernelStart) for osKernelStart
    rtx_conf_cm.o(.ARM.Collect$$$$000000FF) refers to rtx_conf_cm.o(.constdata) for .constdata
    rtx_conf_cm.o(.constdata) refers to rt_cmsis.o(i.osTimerThread) for osTimerThread
    rtx_conf_cm.o(.constdata) refers to rtx_conf_cm.o(.bss) for os_messageQ_q_osTimerMessageQ
    rtx_conf_cm.o(.constdata) refers to main.o(.text) for main
    main.o(.text) refers to stm32f4xx_tim.o(.text) for TIM_ClearITPendingBit
    main.o(.text) refers to rt_cmsis.o(i.osSignalSet) for osSignalSet
    main.o(.text) refers to rt_cmsis.o(i.osThreadGetId) for osThreadGetId
    main.o(.text) refers to button.o(.text) for buttonInit
    main.o(.text) refers to led.o(.text) for LED_init
    main.o(.text) refers to acc.o(.text) for acc_init
    main.o(.text) refers to tim3.o(.text) for TIM3_Init
    main.o(.text) refers to dma.o(.text) for dma_init
    main.o(.text) refers to rt_cmsis.o(i.osSemaphoreCreate) for osSemaphoreCreate
    main.o(.text) refers to rt_cmsis.o(i.osSemaphoreWait) for osSemaphoreWait
    main.o(.text) refers to wirelessdriver.o(.text) for RF2500_Init
    main.o(.text) refers to rt_cmsis.o(i.osThreadCreate) for osThreadCreate
    main.o(.text) refers to rt_cmsis.o(i.osMessageCreate) for osMessageCreate
    main.o(.text) refers to slave.o(.text) for slave_run
    main.o(.text) refers to master.o(.text) for master_run
    main.o(.text) refers to globals.o(.data) for mainThread_ID
    main.o(.text) refers to main.o(.constdata) for .constdata
    main.o(.constdata) refers to slave.o(.text) for slave_wireless
    main.o(.constdata) refers to master.o(.text) for master_wireless
    acc.o(.text) refers to stm32f4_discovery_lis302dl.o(.text) for LIS302DL_Init
    button.o(.text) refers to stm32f4xx_rcc.o(.text) for RCC_AHB1PeriphClockCmd
    button.o(.text) refers to stm32f4xx_gpio.o(.text) for GPIO_Init
    button.o(.text) refers to button.o(.data) for isDown
    led.o(.text) refers to stm32f4xx_rcc.o(.text) for RCC_AHB1PeriphClockCmd
    led.o(.text) refers to stm32f4xx_gpio.o(.text) for GPIO_Init
    stm32f4_discovery_lis302dl.o(.text) refers to stm32f4xx_spi.o(.text) for SPI_I2S_GetFlagStatus
    stm32f4_discovery_lis302dl.o(.text) refers to stm32f4xx_gpio.o(.text) for GPIO_ResetBits
    stm32f4_discovery_lis302dl.o(.text) refers to stm32f4xx_rcc.o(.text) for RCC_APB2PeriphClockCmd
    stm32f4_discovery_lis302dl.o(.text) refers to stm32f4_discovery_lis302dl.o(.data) for LIS302DLTimeout
    dma.o(.text) refers to stm32f4xx_dma.o(.text) for DMA_GetITStatus
    dma.o(.text) refers to stm32f4xx_gpio.o(.text) for GPIO_SetBits
    dma.o(.text) refers to rt_cmsis.o(i.osSemaphoreRelease) for osSemaphoreRelease
    dma.o(.text) refers to rt_cmsis.o(i.osSemaphoreWait) for osSemaphoreWait
    dma.o(.text) refers to stm32f4xx_rcc.o(.text) for RCC_AHB1PeriphClockCmd
    dma.o(.text) refers to stm32f4xx_spi.o(.text) for SPI_I2S_DMACmd
    dma.o(.text) refers to misc.o(.text) for NVIC_Init
    dma.o(.text) refers to globals.o(.data) for dmaComplete_ID
    tim3.o(.text) refers to stm32f4xx_rcc.o(.text) for RCC_GetClocksFreq
    tim3.o(.text) refers to misc.o(.text) for NVIC_Init
    tim3.o(.text) refers to stm32f4xx_tim.o(.text) for TIM_TimeBaseInit
    master.o(.text) refers to rt_cmsis.o(i.osSignalWait) for osSignalWait
    master.o(.text) refers to dma.o(.text) for SPI_DMA_simple
    master.o(.text) refers to moving_average_c.o(.text) for moving_average
    master.o(.text) refers to rt_cmsis.o(i.osMessagePut) for osMessagePut
    master.o(.text) refers to rt_cmsis.o(i.osMessageGet) for osMessageGet
    master.o(.text) refers to master.o(.bss) for fs
    master.o(.text) refers to globals.o(.data) for queue_ID
    slave.o(.text) refers to rt_cmsis.o(i.osSignalWait) for osSignalWait
    slave.o(.text) refers to dma.o(.text) for SPI_DMA_simple
    slave.o(.text) refers to moving_average_c.o(.text) for moving_average
    slave.o(.text) refers to rt_cmsis.o(i.osMessageGet) for osMessageGet
    slave.o(.text) refers to led.o(.text) for LED_setAll
    slave.o(.text) refers to slave.o(.bss) for fs
[...]
    ..\stm32f4_discovery_lis302dl.c          0x00000000   Number         0  stm32f4_discovery_lis302dl.o ABSOLUTE
    ..\system_stm32f4xx.c                    0x00000000   Number         0  system_stm32f4xx.o ABSOLUTE
    ..\wirelessDriver.c                      0x00000000   Number         0  wirelessdriver.o ABSOLUTE
    HAL_CM4.c                                0x00000000   Number         0  hal_cm4.o ABSOLUTE
    HAL_CM4.c                                0x00000000   Number         0  hal_cm4.o ABSOLUTE
    SVC_Table.s                              0x00000000   Number         0  SVC_Table.o ABSOLUTE
    cdrcmple.s                               0x00000000   Number         0  cdrcmple.o ABSOLUTE
    dc.s                                     0x00000000   Number         0  dc.o ABSOLUTE
    handlers.s                               0x00000000   Number         0  handlers.o ABSOLUTE
    init.s                                   0x00000000   Number         0  init.o ABSOLUTE
    RESET                                    0x08000000   Section      392  startup_stm32f4xx.o(RESET)
    .ARM.Collect$$$$00000000                 0x08000188   Section        0  entry.o(.ARM.Collect$$$$00000000)
    .ARM.Collect$$$$00000001                 0x08000188   Section        4  entry2.o(.ARM.Collect$$$$00000001)
    .ARM.Collect$$$$00000004                 0x0800018c   Section        4  entry5.o(.ARM.Collect$$$$00000004)
    .ARM.Collect$$$$00000008                 0x08000190   Section        0  entry7b.o(.ARM.Collect$$$$00000008)
    .ARM.Collect$$$$0000000A                 0x08000190   Section        0  entry8b.o(.ARM.Collect$$$$0000000A)
    .ARM.Collect$$$$0000000D                 0x08000190   Section        0  entry10a.o(.ARM.Collect$$$$0000000D)
    .ARM.Collect$$$$0000000F                 0x08000190   Section        0  entry11a.o(.ARM.Collect$$$$0000000F)
    .ARM.Collect$$$$000000FF                 0x08000190   Section        0  rtx_conf_cm.o(.ARM.Collect$$$$000000FF)
    .ARM.Collect$$$$00002712                 0x080001a0   Section        4  entry2.o(.ARM.Collect$$$$00002712)
    __lit__00000000                          0x080001a0   Data           4  entry2.o(.ARM.Collect$$$$00002712)
    .emb_text                                0x080001a4   Section      372  hal_cm4.o(.emb_text)
    $v0                                      0x080001a4   Number         0  hal_cm4.o(.emb_text)
    .text                                    0x08000318   Section        0  system_stm32f4xx.o(.text)
    SetSysClock                              0x08000319   Thumb Code   218  system_stm32f4xx.o(.text)
    .text                                    0x08000524   Section       36  startup_stm32f4xx.o(.text)
    $v0                                      0x08000524   Number         0  startup_stm32f4xx.o(.text)
    .text                                    0x08000548   Section        0  rtx_conf_cm.o(.text)
    .text                                    0x08000550   Section        0  main.o(.text)
    .text                                    0x0800066c   Section        0  acc.o(.text)
    .text                                    0x08000724   Section        0  button.o(.text)
    .text                                    0x08000798   Section        0  led.o(.text)
    .text                                    0x08000880   Section        0  moving_average_c.o(.text)
    .text                                    0x080008d8   Section        0  stm32f4_discovery_lis302dl.o(.text)
    LIS302DL_SendByte                        0x080008dd   Thumb Code    98  stm32f4_discovery_lis302dl.o(.text)
    LIS302DL_LowLevel_Init                   0x08000979   Thumb Code   294  stm32f4_discovery_lis302dl.o(.text)
    .text                                    0x08000c98   Section        0  dma.o(.text)
    .text                                    0x08000eb0   Section        0  tim3.o(.text)
    .text                                    0x08000f24   Section        0  master.o(.text)
    .text                                    0x08000fb0   Section        0  slave.o(.text)
    .text                                    0x08001054   Section        0  wirelessdriver.o(.text)
    .text                                    0x08001658   Section        0  misc.o(.text)
    .text                                    0x0800173c   Section        0  stm32f4xx_dma.o(.text)
    .text                                    0x08001ae0   Section        0  stm32f4xx_gpio.o(.text)
    .text                                    0x08001d3c   Section        0  stm32f4xx_rcc.o(.text)
    .text                                    0x080022c4   Section        0  stm32f4xx_spi.o(.text)
    .text                                    0x080026b8   Section        0  stm32f4xx_tim.o(.text)
    TI4_Config                               0x08002e57   Thumb Code    80  stm32f4xx_tim.o(.text)
    TI3_Config                               0x08002eb9   Thumb Code    72  stm32f4xx_tim.o(.text)
    TI2_Config                               0x08002f1b   Thumb Code    90  stm32f4xx_tim.o(.text)
    TI1_Config                               0x08002f87   Thumb Code    58  stm32f4xx_tim.o(.text)
    .text                                    0x0800335a   Section        0  dadd.o(.text)
    .text                                    0x080034a8   Section        0  dfixui.o(.text)
    .text                                    0x080034da   Section        0  f2d.o(.text)
    .text                                    0x08003500   Section        0  llshl.o(.text)
    .text                                    0x0800351e   Section        0  llushr.o(.text)
    .text                                    0x0800353e   Section        0  llsshr.o(.text)
    .text                                    0x08003562   Section        0  depilogue.o(.text)
    .text                                    0x08003562   Section        0  iusefp.o(.text)
    .text                                    0x08003620   Section       40  cdrcmple.o(.text)
    .text                                    0x08003648   Section       36  init.o(.text)
    SVC_TABLE                                0x0800366c   Section        4  SVC_Table.o(SVC_TABLE)
    i.__hardfp_floor                         0x08003670   Section        0  floor.o(i.__hardfp_floor)
    i.__scatterload_copy                     0x08003788   Section       14  handlers.o(i.__scatterload_copy)
    i.__scatterload_null                     0x08003796   Section        2  handlers.o(i.__scatterload_null)
    i.__scatterload_zeroinit                 0x08003798   Section       14  handlers.o(i.__scatterload_zeroinit)
    i._init_box                              0x080037a6   Section        0  rt_membox.o(i._init_box)
    i.dbg_init                               0x080037ec   Section        0  hal_cm.o(i.dbg_init)
    i.dbg_task_notify                        0x0800381c   Section        0  hal_cm.o(i.dbg_task_notify)
    i.dbg_task_switch                        0x0800383c   Section        0  hal_cm.o(i.dbg_task_switch)
    i.isrMessagePut                          0x0800384c   Section        0  rt_cmsis.o(i.isrMessagePut)
    isrMessagePut                            0x0800384d   Thumb Code    44  rt_cmsis.o(i.isrMessagePut)
    i.isr_evt_set                            0x08003878   Section        0  rt_event.o(i.isr_evt_set)
    i.isr_mbx_receive                        0x080038a0   Section        0  rt_mailbox.o(i.isr_mbx_receive)
    i.isr_mbx_send                           0x080038f0   Section        0  rt_mailbox.o(i.isr_mbx_send)
    i.isr_sem_send                           0x080038fe   Section        0  rt_semaphore.o(i.isr_sem_send)
    i.osKernelStart                          0x08003910   Section        0  rt_cmsis.o(i.osKernelStart)
    i.osMessageCreate                        0x08003978   Section        0  rt_cmsis.o(i.osMessageCreate)
    i.osMessageGet                           0x08003990   Section        0  rt_cmsis.o(i.osMessageGet)
    i.osMessagePut                           0x080039d4   Section        0  rt_cmsis.o(i.osMessagePut)
    i.osSemaphoreCreate                      0x080039ec   Section        0  rt_cmsis.o(i.osSemaphoreCreate)
    i.osSemaphoreRelease                     0x08003a04   Section        0  rt_cmsis.o(i.osSemaphoreRelease)
    i.osSemaphoreWait                        0x08003a34   Section        0  rt_cmsis.o(i.osSemaphoreWait)
    i.osSignalSet                            0x08003a4c   Section        0  rt_cmsis.o(i.osSignalSet)
    i.osSignalWait                           0x08003a80   Section        0  rt_cmsis.o(i.osSignalWait)
    i.osThreadCreate                         0x08003a98   Section        0  rt_cmsis.o(i.osThreadCreate)
    i.osThreadExit                           0x08003ab0   Section        0  rt_cmsis.o(i.osThreadExit)
    i.osThreadGetId                          0x08003ac8   Section        0  rt_cmsis.o(i.osThreadGetId)
    i.osTimerCall                            0x08003ae0   Section        0  rt_cmsis.o(i.osTimerCall)
    i.osTimerThread                          0x08003aec   Section        0  rt_cmsis.o(i.osTimerThread)
    i.rt_alloc_box                           0x08003b18   Section        0  rt_membox.o(i.rt_alloc_box)
    i.rt_alloc_mem                           0x08003b34   Section        0  rt_memory.o(i.rt_alloc_mem)
    i.rt_block                               0x08003b70   Section        0  rt_task.o(i.rt_block)
    i.rt_chk_robin                           0x08003ba8   Section        0  rt_robin.o(i.rt_chk_robin)
    i.rt_dec_dly                             0x08003bf0   Section        0  rt_list.o(i.rt_dec_dly)
    i.rt_dispatch                            0x08003c60   Section        0  rt_task.o(i.rt_dispatch)
    i.rt_evt_psh                             0x08003ca4   Section        0  rt_event.o(i.rt_evt_psh)
    i.rt_evt_set                             0x08003cf4   Section        0  rt_event.o(i.rt_evt_set)
    i.rt_evt_wait                            0x08003d50   Section        0  rt_event.o(i.rt_evt_wait)
    i.rt_free_box                            0x08003d90   Section        0  rt_membox.o(i.rt_free_box)
    i.rt_free_mem                            0x08003db0   Section        0  rt_memory.o(i.rt_free_mem)
    i.rt_get_first                           0x08003dd8   Section        0  rt_list.o(i.rt_get_first)
    i.rt_id2obj                              0x08003e00   Section        0  rt_cmsis.o(i.rt_id2obj)
    rt_id2obj                                0x08003e01   Thumb Code     8  rt_cmsis.o(i.rt_id2obj)
    i.rt_init_context                        0x08003e08   Section        0  rt_task.o(i.rt_init_context)
    rt_init_context                          0x08003e09   Thumb Code    60  rt_task.o(i.rt_init_context)
    i.rt_init_mem                            0x08003e48   Section        0  rt_memory.o(i.rt_init_mem)
    i.rt_init_robin                          0x08003e64   Section        0  rt_robin.o(i.rt_init_robin)
    i.rt_init_stack                          0x08003e7c   Section        0  hal_cm.o(i.rt_init_stack)
    i.rt_mbx_check                           0x08003ecc   Section        0  rt_mailbox.o(i.rt_mbx_check)
    i.rt_mbx_init                            0x08003ed4   Section        0  rt_mailbox.o(i.rt_mbx_init)
    i.rt_mbx_psh                             0x08003ef0   Section        0  rt_mailbox.o(i.rt_mbx_psh)
    i.rt_mbx_send                            0x08003fec   Section        0  rt_mailbox.o(i.rt_mbx_send)
    i.rt_mbx_wait                            0x08004098   Section        0  rt_mailbox.o(i.rt_mbx_wait)
    i.rt_ms2tick                             0x0800414c   Section        0  rt_cmsis.o(i.rt_ms2tick)
    rt_ms2tick                               0x0800414d   Thumb Code    50  rt_cmsis.o(i.rt_ms2tick)
    i.rt_pop_req                             0x08004188   Section        0  rt_system.o(i.rt_pop_req)
    i.rt_psh_req                             0x08004200   Section        0  rt_system.o(i.rt_psh_req)
    i.rt_psq_enq                             0x08004220   Section        0  rt_list.o(i.rt_psq_enq)
    i.rt_put_dly                             0x08004278   Section        0  rt_list.o(i.rt_put_dly)
    i.rt_put_prio                            0x080042d4   Section        0  rt_list.o(i.rt_put_prio)
    i.rt_put_rdy_first                       0x0800430c   Section        0  rt_list.o(i.rt_put_rdy_first)
    i.rt_ret_regs                            0x08004320   Section        0  hal_cm.o(i.rt_ret_regs)
    rt_ret_regs                              0x08004321   Thumb Code    16  hal_cm.o(i.rt_ret_regs)
    i.rt_ret_val                             0x08004330   Section        0  hal_cm.o(i.rt_ret_val)
    i.rt_ret_val2                            0x0800433c   Section        0  hal_cm.o(i.rt_ret_val2)
    i.rt_rmv_dly                             0x0800434c   Section        0  rt_list.o(i.rt_rmv_dly)
    i.rt_rmv_list                            0x08004374   Section        0  rt_list.o(i.rt_rmv_list)
    i.rt_sem_init                            0x080043a4   Section        0  rt_semaphore.o(i.rt_sem_init)
    i.rt_sem_psh                             0x080043b0   Section        0  rt_semaphore.o(i.rt_sem_psh)
    i.rt_sem_send                            0x080043e4   Section        0  rt_semaphore.o(i.rt_sem_send)
    i.rt_sem_wait                            0x08004410   Section        0  rt_semaphore.o(i.rt_sem_wait)
    i.rt_stk_check                           0x0800444c   Section        0  rt_system.o(i.rt_stk_check)
    i.rt_switch_req                          0x08004470   Section        0  rt_task.o(i.rt_switch_req)
    i.rt_sys_init                            0x08004498   Section        0  rt_task.o(i.rt_sys_init)
    i.rt_systick                             0x080045d8   Section        0  rt_system.o(i.rt_systick)
    i.rt_tid2ptcb                            0x08004614   Section        0  rt_cmsis.o(i.rt_tid2ptcb)
    rt_tid2ptcb                              0x08004615   Thumb Code    18  rt_cmsis.o(i.rt_tid2ptcb)
    i.rt_timer_insert                        0x08004628   Section        0  rt_cmsis.o(i.rt_timer_insert)
    rt_timer_insert                          0x08004629   Thumb Code    56  rt_cmsis.o(i.rt_timer_insert)
    i.rt_tsk_create                          0x08004664   Section        0  rt_task.o(i.rt_tsk_create)
    i.rt_tsk_delete                          0x080046e4   Section        0  rt_task.o(i.rt_tsk_delete)
    i.rt_tsk_self                            0x08004790   Section        0  rt_task.o(i.rt_tsk_self)
    i.svcKernelStart                         0x080047a0   Section        0  rt_cmsis.o(i.svcKernelStart)
    i.svcMessageCreate                       0x08004874   Section        0  rt_cmsis.o(i.svcMessageCreate)
    i.svcMessageGet                          0x08004898   Section        0  rt_cmsis.o(i.svcMessageGet)
    i.svcMessagePut                          0x080048d2   Section        0  rt_cmsis.o(i.svcMessagePut)
    i.svcSemaphoreCreate                     0x08004908   Section        0  rt_cmsis.o(i.svcSemaphoreCreate)
    i.svcSemaphoreRelease                    0x0800492c   Section        0  rt_cmsis.o(i.svcSemaphoreRelease)
    i.svcSemaphoreWait                       0x08004946   Section        0  rt_cmsis.o(i.svcSemaphoreWait)
    i.svcSignalSet                           0x0800497c   Section        0  rt_cmsis.o(i.svcSignalSet)
    i.svcSignalWait                          0x080049a0   Section        0  rt_cmsis.o(i.svcSignalWait)
    i.svcThreadCreate                        0x080049f4   Section        0  rt_cmsis.o(i.svcThreadCreate)
    i.svcThreadGetId                         0x08004a64   Section        0  rt_cmsis.o(i.svcThreadGetId)
    i.svcThreadTerminate                     0x08004a80   Section        0  rt_cmsis.o(i.svcThreadTerminate)
    i.svcTimerCall                           0x08004ab8   Section        0  rt_cmsis.o(i.svcTimerCall)
    i.sysTimerTick                           0x08004ad0   Section        0  rt_cmsis.o(i.sysTimerTick)
    .constdata                               0x08004b24   Section       88  rtx_conf_cm.o(.constdata)
    __tagsym$$used                           0x08004b38   Number         0  rtx_conf_cm.o(.constdata)
    __tagsym$$used                           0x08004b3c   Number         0  rtx_conf_cm.o(.constdata)
    .constdata                               0x08004b7c   Section       40  main.o(.constdata)
    .bss                                     0x10000000   Section     6992  rtx_conf_cm.o(.bss)
    .data                                    0x20000000   Section       20  system_stm32f4xx.o(.data)
    .data                                    0x20000014   Section       16  rtx_conf_cm.o(.data)
    .data                                    0x20000024   Section        4  button.o(.data)
    isDown                                   0x20000024   Data           4  button.o(.data)
    .data                                    0x20000028   Section        4  stm32f4_discovery_lis302dl.o(.data)
    .data                                    0x2000002c   Section       20  globals.o(.data)
    .data                                    0x20000040   Section       32  wirelessdriver.o(.data)
    .data                                    0x20000060   Section       16  stm32f4xx_rcc.o(.data)
    APBAHBPrescTable                         0x20000060   Data          16  stm32f4xx_rcc.o(.data)
    .data                                    0x20000070   Section        4  rt_cmsis.o(.data)
    .data                                    0x20000074   Section        8  rt_task.o(.data)
    .data                                    0x2000007c   Section        3  rt_system.o(.data)
    os_lock                                  0x2000007c   Data           1  rt_system.o(.data)
    os_psh_flag                              0x2000007d   Data           1  rt_system.o(.data)
    pend_flags                               0x2000007e   Data           1  rt_system.o(.data)
    .data                                    0x20000080   Section        2  rt_time.o(.data)
    .data                                    0x20000082   Section        1  hal_cm.o(.data)
    .data                                    0x20000084   Section        8  rt_robin.o(.data)
    .bss                                     0x2000008c   Section       84  master.o(.bss)
    fs                                       0x2000008c   Data          84  master.o(.bss)
    .bss                                     0x200000e0   Section       84  slave.o(.bss)
    fs                                       0x200000e0   Data          84  slave.o(.bss)
    .bss                                     0x20000134   Section       24  wirelessdriver.o(.bss)
    .bss                                     0x2000014c   Section       48  rt_task.o(.bss)
    .bss                                     0x2000017c   Section       48  rt_list.o(.bss)
    STACK                                    0x200001b0   Section     1024  startup_stm32f4xx.o(STACK)

    Global Symbols

    Symbol Name                              Value     Ov Type        Size  Object(Section)

    BuildAttributes$$THM_ISAv4$E$P$D$K$B$S$7EM$VFPi3$EXTD16$VFPS$VFMA$PE$A:L22UL41UL21$X:L11$S22US41US21$IEEE1$IW$USESV6$~STKCKD$USESV7$~SHL$OTIME$ROPI$IEEEJ$EBA8$MICROLIB$REQ8$PRES8$EABIv2 0x00000000   Number         0  anon$$obj.o ABSOLUTE
    __ARM_use_no_argv                        0x00000000   Number         0  main.o ABSOLUTE
    __use_no_errno                           0x00000000   Number         0  useno.o ABSOLUTE
    __use_no_exception_handling              0x00000000   Number         0  useno.o ABSOLUTE
    __use_no_fp                              0x00000000   Number         0  useno.o ABSOLUTE
    __use_no_heap                            0x00000000   Number         0  useno.o ABSOLUTE
    __use_no_heap_region                     0x00000000   Number         0  useno.o ABSOLUTE
    __use_no_semihosting                     0x00000000   Number         0  useno.o ABSOLUTE
    __use_no_semihosting_swi                 0x00000000   Number         0  useno.o ABSOLUTE
    __use_no_signal_handling                 0x00000000   Number         0  useno.o ABSOLUTE
    __cpp_initialize__aeabi_                  - Undefined Weak Reference
    __cxa_finalize                            - Undefined Weak Reference
    __decompress                              - Undefined Weak Reference
    _clock_init                               - Undefined Weak Reference
    _microlib_exit                            - Undefined Weak Reference
    __Vectors_Size                           0x00000188   Number         0  startup_stm32f4xx.o ABSOLUTE
    __RL_RTX_VER                             0x00000422   Number         0  rt_system.o ABSOLUTE
    __Vectors                                0x08000000   Data           4  startup_stm32f4xx.o(RESET)
    __Vectors_End                            0x08000188   Data           0  startup_stm32f4xx.o(RESET)
    __main                                   0x08000189   Thumb Code     0  entry.o(.ARM.Collect$$$$00000000)
    _main_stk                                0x08000189   Thumb Code     0  entry2.o(.ARM.Collect$$$$00000001)
    _main_scatterload                        0x0800018d   Thumb Code     0  entry5.o(.ARM.Collect$$$$00000004)
    __main_after_scatterload                 0x08000191   Thumb Code     0  entry5.o(.ARM.Collect$$$$00000004)
    __rt_final_cpp                           0x08000191   Thumb Code     0  entry10a.o(.ARM.Collect$$$$0000000D)
    __rt_final_exit                          0x08000191   Thumb Code     0  entry11a.o(.ARM.Collect$$$$0000000F)
    _main_clock                              0x08000191   Thumb Code     0  entry7b.o(.ARM.Collect$$$$00000008)
    _main_cpp_init                           0x08000191   Thumb Code     0  entry8b.o(.ARM.Collect$$$$0000000A)
    _main_init                               0x08000191   Thumb Code    10  rtx_conf_cm.o(.ARM.Collect$$$$000000FF)
    rt_set_PSP                               0x080001a5   Thumb Code     6  hal_cm4.o(.emb_text)
    os_set_env                               0x080001ab   Thumb Code    26  hal_cm4.o(.emb_text)
    _alloc_box                               0x080001c9   Thumb Code    28  hal_cm4.o(.emb_text)
    _free_box                                0x080001e9   Thumb Code    28  hal_cm4.o(.emb_text)
    SVC_Handler                              0x08000209   Thumb Code   152  hal_cm4.o(.emb_text)
    PendSV_Handler                           0x080002ad   Thumb Code     0  hal_cm4.o(.emb_text)
    Sys_Handler                              0x080002ad   Thumb Code   104  hal_cm4.o(.emb_text)
    SysTick_Handler                          0x0800030d   Thumb Code     0  hal_cm4.o(.emb_text)
    SystemInit                               0x080003f3   Thumb Code    88  system_stm32f4xx.o(.text)
    SystemCoreClockUpdate                    0x0800044b   Thumb Code   174  system_stm32f4xx.o(.text)
    Reset_Handler                            0x08000525   Thumb Code     8  startup_stm32f4xx.o(.text)
    NMI_Handler                              0x0800052d   Thumb Code     2  startup_stm32f4xx.o(.text)
    HardFault_Handler                        0x0800052f   Thumb Code     2  startup_stm32f4xx.o(.text)
    MemManage_Handler                        0x08000531   Thumb Code     2  startup_stm32f4xx.o(.text)
    BusFault_Handler                         0x08000533   Thumb Code     2  startup_stm32f4xx.o(.text)
    UsageFault_Handler                       0x08000535   Thumb Code     2  startup_stm32f4xx.o(.text)
    DebugMon_Handler                         0x08000539   Thumb Code     2  startup_stm32f4xx.o(.text)
    ADC_IRQHandler                           0x0800053f   Thumb Code     0  startup_stm32f4xx.o(.text)
    CAN1_RX0_IRQHandler                      0x0800053f   Thumb Code     0  startup_stm32f4xx.o(.text)
    CAN1_RX1_IRQHandler                      0x0800053f   Thumb Code     0  startup_stm32f4xx.o(.text)
    CAN1_SCE_IRQHandler                      0x0800053f   Thumb Code     0  startup_stm32f4xx.o(.text)
    CAN1_TX_IRQHandler                       0x0800053f   Thumb Code     0  startup_stm32f4xx.o(.text)
    CAN2_RX0_IRQHandler                      0x0800053f   Thumb Code     0  startup_stm32f4xx.o(.text)
    CAN2_RX1_IRQHandler                      0x0800053f   Thumb Code     0  startup_stm32f4xx.o(.text)
    CAN2_SCE_IRQHandler                      0x0800053f   Thumb Code     0  startup_stm32f4xx.o(.text)
    CAN2_TX_IRQHandler                       0x0800053f   Thumb Code     0  startup_stm32f4xx.o(.text)
    CRYP_IRQHandler                          0x0800053f   Thumb Code     0  startup_stm32f4xx.o(.text)
    DCMI_IRQHandler                          0x0800053f   Thumb Code     0  startup_stm32f4xx.o(.text)
    DMA1_Stream0_IRQHandler                  0x0800053f   Thumb Code     0  startup_stm32f4xx.o(.text)
    DMA1_Stream1_IRQHandler                  0x0800053f   Thumb Code     0  startup_stm32f4xx.o(.text)
    DMA1_Stream2_IRQHandler                  0x0800053f   Thumb Code     0  startup_stm32f4xx.o(.text)
    DMA1_Stream3_IRQHandler                  0x0800053f   Thumb Code     0  startup_stm32f4xx.o(.text)
    DMA1_Stream4_IRQHandler                  0x0800053f   Thumb Code     0  startup_stm32f4xx.o(.text)
    DMA1_Stream5_IRQHandler                  0x0800053f   Thumb Code     0  startup_stm32f4xx.o(.text)
    DMA1_Stream6_IRQHandler                  0x0800053f   Thumb Code     0  startup_stm32f4xx.o(.text)
    DMA1_Stream7_IRQHandler                  0x0800053f   Thumb Code     0  startup_stm32f4xx.o(.text)
    DMA2_Stream1_IRQHandler                  0x0800053f   Thumb Code     0  startup_stm32f4xx.o(.text)
    DMA2_Stream2_IRQHandler                  0x0800053f   Thumb Code     0  startup_stm32f4xx.o(.text)
    DMA2_Stream3_IRQHandler                  0x0800053f   Thumb Code     0  startup_stm32f4xx.o(.text)
    DMA2_Stream4_IRQHandler                  0x0800053f   Thumb Code     0  startup_stm32f4xx.o(.text)
    DMA2_Stream5_IRQHandler                  0x0800053f   Thumb Code     0  startup_stm32f4xx.o(.text)
    DMA2_Stream6_IRQHandler                  0x0800053f   Thumb Code     0  startup_stm32f4xx.o(.text)
    DMA2_Stream7_IRQHandler                  0x0800053f   Thumb Code     0  startup_stm32f4xx.o(.text)
    ETH_IRQHandler                           0x0800053f   Thumb Code     0  startup_stm32f4xx.o(.text)
    ETH_WKUP_IRQHandler                      0x0800053f   Thumb Code     0  startup_stm32f4xx.o(.text)
    EXTI0_IRQHandler                         0x0800053f   Thumb Code     0  startup_stm32f4xx.o(.text)
    EXTI15_10_IRQHandler                     0x0800053f   Thumb Code     0  startup_stm32f4xx.o(.text)
    EXTI1_IRQHandler                         0x0800053f   Thumb Code     0  startup_stm32f4xx.o(.text)
    EXTI2_IRQHandler                         0x0800053f   Thumb Code     0  startup_stm32f4xx.o(.text)
    EXTI3_IRQHandler                         0x0800053f   Thumb Code     0  startup_stm32f4xx.o(.text)
    EXTI4_IRQHandler                         0x0800053f   Thumb Code     0  startup_stm32f4xx.o(.text)
    EXTI9_5_IRQHandler                       0x0800053f   Thumb Code     0  startup_stm32f4xx.o(.text)
    FLASH_IRQHandler                         0x0800053f   Thumb Code     0  startup_stm32f4xx.o(.text)
    FPU_IRQHandler                           0x0800053f   Thumb Code     0  startup_stm32f4xx.o(.text)
    FSMC_IRQHandler                          0x0800053f   Thumb Code     0  startup_stm32f4xx.o(.text)
    HASH_RNG_IRQHandler                      0x0800053f   Thumb Code     0  startup_stm32f4xx.o(.text)
    I2C1_ER_IRQHandler                       0x0800053f   Thumb Code     0  startup_stm32f4xx.o(.text)
    I2C1_EV_IRQHandler                       0x0800053f   Thumb Code     0  startup_stm32f4xx.o(.text)
    I2C2_ER_IRQHandler                       0x0800053f   Thumb Code     0  startup_stm32f4xx.o(.text)
    I2C2_EV_IRQHandler                       0x0800053f   Thumb Code     0  startup_stm32f4xx.o(.text)
    I2C3_ER_IRQHandler                       0x0800053f   Thumb Code     0  startup_stm32f4xx.o(.text)
    I2C3_EV_IRQHandler                       0x0800053f   Thumb Code     0  startup_stm32f4xx.o(.text)
    OTG_FS_IRQHandler                        0x0800053f   Thumb Code     0  startup_stm32f4xx.o(.text)
    OTG_FS_WKUP_IRQHandler                   0x0800053f   Thumb Code     0  startup_stm32f4xx.o(.text)
    OTG_HS_EP1_IN_IRQHandler                 0x0800053f   Thumb Code     0  startup_stm32f4xx.o(.text)
    OTG_HS_EP1_OUT_IRQHandler                0x0800053f   Thumb Code     0  startup_stm32f4xx.o(.text)
    OTG_HS_IRQHandler                        0x0800053f   Thumb Code     0  startup_stm32f4xx.o(.text)
    OTG_HS_WKUP_IRQHandler                   0x0800053f   Thumb Code     0  startup_stm32f4xx.o(.text)
    PVD_IRQHandler                           0x0800053f   Thumb Code     0  startup_stm32f4xx.o(.text)
    RCC_IRQHandler                           0x0800053f   Thumb Code     0  startup_stm32f4xx.o(.text)
    RTC_Alarm_IRQHandler                     0x0800053f   Thumb Code     0  startup_stm32f4xx.o(.text)
    RTC_WKUP_IRQHandler                      0x0800053f   Thumb Code     0  startup_stm32f4xx.o(.text)
    SDIO_IRQHandler                          0x0800053f   Thumb Code     0  startup_stm32f4xx.o(.text)
    SPI1_IRQHandler                          0x0800053f   Thumb Code     0  startup_stm32f4xx.o(.text)
    SPI2_IRQHandler                          0x0800053f   Thumb Code     0  startup_stm32f4xx.o(.text)
    SPI3_IRQHandler                          0x0800053f   Thumb Code     0  startup_stm32f4xx.o(.text)
    TAMP_STAMP_IRQHandler                    0x0800053f   Thumb Code     0  startup_stm32f4xx.o(.text)
    TIM1_BRK_TIM9_IRQHandler                 0x0800053f   Thumb Code     0  startup_stm32f4xx.o(.text)
    TIM1_CC_IRQHandler                       0x0800053f   Thumb Code     0  startup_stm32f4xx.o(.text)
    TIM1_TRG_COM_TIM11_IRQHandler            0x0800053f   Thumb Code     0  startup_stm32f4xx.o(.text)
    TIM1_UP_TIM10_IRQHandler                 0x0800053f   Thumb Code     0  startup_stm32f4xx.o(.text)
    TIM2_IRQHandler                          0x0800053f   Thumb Code     0  startup_stm32f4xx.o(.text)
    TIM4_IRQHandler                          0x0800053f   Thumb Code     0  startup_stm32f4xx.o(.text)
    TIM5_IRQHandler                          0x0800053f   Thumb Code     0  startup_stm32f4xx.o(.text)
    TIM6_DAC_IRQHandler                      0x0800053f   Thumb Code     0  startup_stm32f4xx.o(.text)
    TIM7_IRQHandler                          0x0800053f   Thumb Code     0  startup_stm32f4xx.o(.text)
    TIM8_BRK_TIM12_IRQHandler                0x0800053f   Thumb Code     0  startup_stm32f4xx.o(.text)
    TIM8_CC_IRQHandler                       0x0800053f   Thumb Code     0  startup_stm32f4xx.o(.text)
    TIM8_TRG_COM_TIM14_IRQHandler            0x0800053f   Thumb Code     0  startup_stm32f4xx.o(.text)
    TIM8_UP_TIM13_IRQHandler                 0x0800053f   Thumb Code     0  startup_stm32f4xx.o(.text)
    UART4_IRQHandler                         0x0800053f   Thumb Code     0  startup_stm32f4xx.o(.text)
    UART5_IRQHandler                         0x0800053f   Thumb Code     0  startup_stm32f4xx.o(.text)
    USART1_IRQHandler                        0x0800053f   Thumb Code     0  startup_stm32f4xx.o(.text)
    USART2_IRQHandler                        0x0800053f   Thumb Code     0  startup_stm32f4xx.o(.text)
    USART3_IRQHandler                        0x0800053f   Thumb Code     0  startup_stm32f4xx.o(.text)
    USART6_IRQHandler                        0x0800053f   Thumb Code     0  startup_stm32f4xx.o(.text)
    WWDG_IRQHandler                          0x0800053f   Thumb Code     0  startup_stm32f4xx.o(.text)
    os_idle_demon                            0x08000549   Thumb Code     4  rtx_conf_cm.o(.text)
    os_error                                 0x0800054d   Thumb Code     4  rtx_conf_cm.o(.text)
    TIM3_IRQHandler                          0x08000551   Thumb Code    22  main.o(.text)
    main                                     0x08000567   Thumb Code   234  main.o(.text)
    acc_init                                 0x0800066d   Thumb Code    38  acc.o(.text)
    acc_clearLatch                           0x08000693   Thumb Code    14  acc.o(.text)
    acc_calibrate                            0x080006a1   Thumb Code    74  acc.o(.text)
    acc_read                                 0x080006eb   Thumb Code    18  acc.o(.text)
    acc_convertRaw                           0x080006fd   Thumb Code    40  acc.o(.text)
    buttonIsPushed                           0x08000725   Thumb Code    10  button.o(.text)
    buttonWasPushed                          0x0800072f   Thumb Code    48  button.o(.text)
    buttonInit                               0x0800075f   Thumb Code    48  button.o(.text)
    LED_set                                  0x08000799   Thumb Code   140  led.o(.text)
    LED_set_ar                               0x08000825   Thumb Code    18  led.o(.text)
    LED_setAll                               0x08000837   Thumb Code    18  led.o(.text)
    LED_init                                 0x08000849   Thumb Code    50  led.o(.text)
    moving_average                           0x08000881   Thumb Code    88  moving_average_c.o(.text)
    LIS302DL_TIMEOUT_UserCallback            0x080008d9   Thumb Code     4  stm32f4_discovery_lis302dl.o(.text)
    LIS302DL_Write                           0x0800093f   Thumb Code    58  stm32f4_discovery_lis302dl.o(.text)
    LIS302DL_Init                            0x08000a9f   Thumb Code    44  stm32f4_discovery_lis302dl.o(.text)
    LIS302DL_Read                            0x08000acb   Thumb Code    66  stm32f4_discovery_lis302dl.o(.text)
    LIS302DL_FilterConfig                    0x08000b0d   Thumb Code    58  stm32f4_discovery_lis302dl.o(.text)
    LIS302DL_InterruptConfig                 0x08000b47   Thumb Code    42  stm32f4_discovery_lis302dl.o(.text)
    LIS302DL_LowpowerCmd                     0x08000b71   Thumb Code    44  stm32f4_discovery_lis302dl.o(.text)
    LIS302DL_DataRateCmd                     0x08000b9d   Thumb Code    44  stm32f4_discovery_lis302dl.o(.text)
    LIS302DL_FullScaleCmd                    0x08000bc9   Thumb Code    44  stm32f4_discovery_lis302dl.o(.text)
    LIS302DL_RebootCmd                       0x08000bf5   Thumb Code    34  stm32f4_discovery_lis302dl.o(.text)
    LIS302DL_ReadACC                         0x08000c17   Thumb Code   112  stm32f4_discovery_lis302dl.o(.text)
    DMA2_Stream0_IRQHandler                  0x08000c99   Thumb Code    66  dma.o(.text)
    SPI_DMA_xfer                             0x08000cdb   Thumb Code   130  dma.o(.text)
    SPI_DMA_simple                           0x08000d5d   Thumb Code    54  dma.o(.text)
    dma_init                                 0x08000d93   Thumb Code   248  dma.o(.text)
    TIM3_Init                                0x08000eb1   Thumb Code   110  tim3.o(.text)
    master_run                               0x08000f25   Thumb Code   110  master.o(.text)
    master_wireless                          0x08000f93   Thumb Code    22  master.o(.text)
    slave_run                                0x08000fb1   Thumb Code   154  slave.o(.text)
    slave_wireless                           0x0800104b   Thumb Code     2  slave.o(.text)
    RF2500_TIMEOUT_UserCallback              0x08001055   Thumb Code     4  wirelessdriver.o(.text)
    delay                                    0x08001059   Thumb Code    12  wirelessdriver.o(.text)
    byteToDegrees                            0x08001065   Thumb Code    78  wirelessdriver.o(.text)
    degreesToByte                            0x080010b3   Thumb Code    88  wirelessdriver.o(.text)
    RF2500_CheckRegister                     0x0800110b   Thumb Code    42  wirelessdriver.o(.text)
    RF2500_CheckRegisters                    0x08001135   Thumb Code   406  wirelessdriver.o(.text)
    RF2500_WriteRegister                     0x080012cb   Thumb Code    24  wirelessdriver.o(.text)
    RF2500_WriteRegisters                    0x080012e3   Thumb Code   288  wirelessdriver.o(.text)
    RF2500_Strobe                            0x08001403   Thumb Code    24  wirelessdriver.o(.text)
    RF2500_LowLevel_Init                     0x0800141b   Thumb Code   138  wirelessdriver.o(.text)
    RF2500_Init                              0x080014a5   Thumb Code     8  wirelessdriver.o(.text)
    initRF2500                               0x080014ad   Thumb Code     8  wirelessdriver.o(.text)
    RF2500_Write                             0x080014b5   Thumb Code    52  wirelessdriver.o(.text)
    RF2500_Read                              0x080014e9   Thumb Code    46  wirelessdriver.o(.text)
    RF2500_GetFifoSize                       0x08001517   Thumb Code    24  wirelessdriver.o(.text)
    RF2500_GetCurrentState                   0x0800152f   Thumb Code    14  wirelessdriver.o(.text)
    receiveAccelData                         0x0800153d   Thumb Code   148  wirelessdriver.o(.text)
    transmitAccelData                        0x080015d1   Thumb Code    90  wirelessdriver.o(.text)
    NVIC_PriorityGroupConfig                 0x08001659   Thumb Code    10  misc.o(.text)
    NVIC_Init                                0x08001663   Thumb Code   108  misc.o(.text)
    NVIC_SetVectorTable                      0x080016cf   Thumb Code    14  misc.o(.text)
    NVIC_SystemLPConfig                      0x080016dd   Thumb Code    34  misc.o(.text)
    SysTick_CLKSourceConfig                  0x080016ff   Thumb Code    40  misc.o(.text)
    DMA_DeInit                               0x0800173d   Thumb Code   324  stm32f4xx_dma.o(.text)
    DMA_Init                                 0x08001881   Thumb Code    82  stm32f4xx_dma.o(.text)
    DMA_StructInit                           0x080018d3   Thumb Code    34  stm32f4xx_dma.o(.text)
    DMA_Cmd                                  0x080018f5   Thumb Code    22  stm32f4xx_dma.o(.text)
    DMA_PeriphIncOffsetSizeConfig            0x0800190b   Thumb Code    22  stm32f4xx_dma.o(.text)
    DMA_FlowControllerConfig                 0x08001921   Thumb Code    22  stm32f4xx_dma.o(.text)
    DMA_SetCurrDataCounter                   0x08001937   Thumb Code     4  stm32f4xx_dma.o(.text)
    DMA_GetCurrDataCounter                   0x0800193b   Thumb Code     8  stm32f4xx_dma.o(.text)
    DMA_DoubleBufferModeConfig               0x08001943   Thumb Code    24  stm32f4xx_dma.o(.text)
    DMA_DoubleBufferModeCmd                  0x0800195b   Thumb Code    22  stm32f4xx_dma.o(.text)
    DMA_MemoryTargetConfig                   0x08001971   Thumb Code    10  stm32f4xx_dma.o(.text)
    DMA_GetCurrentMemoryTarget               0x0800197b   Thumb Code    20  stm32f4xx_dma.o(.text)
    DMA_GetCmdStatus                         0x0800198f   Thumb Code    20  stm32f4xx_dma.o(.text)
    DMA_GetFIFOStatus                        0x080019a3   Thumb Code    12  stm32f4xx_dma.o(.text)
    DMA_GetFlagStatus                        0x080019af   Thumb Code    54  stm32f4xx_dma.o(.text)
    DMA_ClearFlag                            0x080019e5   Thumb Code    40  stm32f4xx_dma.o(.text)
    DMA_ITConfig                             0x08001a0d   Thumb Code    58  stm32f4xx_dma.o(.text)
    DMA_GetITStatus                          0x08001a47   Thumb Code    82  stm32f4xx_dma.o(.text)
    DMA_ClearITPendingBit                    0x08001a99   Thumb Code    40  stm32f4xx_dma.o(.text)
    GPIO_DeInit                              0x08001ae1   Thumb Code   220  stm32f4xx_gpio.o(.text)
    GPIO_Init                                0x08001bbd   Thumb Code   144  stm32f4xx_gpio.o(.text)
    GPIO_StructInit                          0x08001c4d   Thumb Code    18  stm32f4xx_gpio.o(.text)
    GPIO_PinLockConfig                       0x08001c5f   Thumb Code    34  stm32f4xx_gpio.o(.text)
    GPIO_ReadInputDataBit                    0x08001c81   Thumb Code    18  stm32f4xx_gpio.o(.text)
    GPIO_ReadInputData                       0x08001c93   Thumb Code     8  stm32f4xx_gpio.o(.text)
    GPIO_ReadOutputDataBit                   0x08001c9b   Thumb Code    18  stm32f4xx_gpio.o(.text)
    GPIO_ReadOutputData                      0x08001cad   Thumb Code     8  stm32f4xx_gpio.o(.text)
    GPIO_SetBits                             0x08001cb5   Thumb Code     4  stm32f4xx_gpio.o(.text)
    GPIO_ResetBits                           0x08001cb9   Thumb Code     4  stm32f4xx_gpio.o(.text)
    GPIO_WriteBit                            0x08001cbd   Thumb Code    10  stm32f4xx_gpio.o(.text)
    GPIO_Write                               0x08001cc7   Thumb Code     4  stm32f4xx_gpio.o(.text)
    GPIO_ToggleBits                          0x08001ccb   Thumb Code     8  stm32f4xx_gpio.o(.text)
    GPIO_PinAFConfig                         0x08001cd3   Thumb Code    70  stm32f4xx_gpio.o(.text)
    RCC_DeInit                               0x08001d3d   Thumb Code    60  stm32f4xx_rcc.o(.text)
    RCC_HSEConfig                            0x08001d79   Thumb Code    14  stm32f4xx_rcc.o(.text)
    RCC_GetFlagStatus                        0x08001d87   Thumb Code    60  stm32f4xx_rcc.o(.text)
    RCC_WaitForHSEStartUp                    0x08001dc3   Thumb Code    56  stm32f4xx_rcc.o(.text)
    RCC_AdjustHSICalibrationValue            0x08001dfb   Thumb Code    20  stm32f4xx_rcc.o(.text)
    RCC_HSICmd                               0x08001e0f   Thumb Code     6  stm32f4xx_rcc.o(.text)
    RCC_LSEConfig                            0x08001e15   Thumb Code    46  stm32f4xx_rcc.o(.text)
    RCC_LSICmd                               0x08001e43   Thumb Code     6  stm32f4xx_rcc.o(.text)
    RCC_PLLConfig                            0x08001e49   Thumb Code    32  stm32f4xx_rcc.o(.text)
    RCC_PLLCmd                               0x08001e69   Thumb Code     6  stm32f4xx_rcc.o(.text)
    RCC_PLLI2SConfig                         0x08001e6f   Thumb Code    14  stm32f4xx_rcc.o(.text)
    RCC_PLLI2SCmd                            0x08001e7d   Thumb Code     6  stm32f4xx_rcc.o(.text)
    RCC_ClockSecuritySystemCmd               0x08001e83   Thumb Code     6  stm32f4xx_rcc.o(.text)
    RCC_MCO1Config                           0x08001e89   Thumb Code    28  stm32f4xx_rcc.o(.text)
    RCC_MCO2Config                           0x08001ea5   Thumb Code    28  stm32f4xx_rcc.o(.text)
    RCC_SYSCLKConfig                         0x08001ec1   Thumb Code    20  stm32f4xx_rcc.o(.text)
    RCC_GetSYSCLKSource                      0x08001ed5   Thumb Code    12  stm32f4xx_rcc.o(.text)
    RCC_HCLKConfig                           0x08001ee1   Thumb Code    20  stm32f4xx_rcc.o(.text)
    RCC_PCLK1Config                          0x08001ef5   Thumb Code    20  stm32f4xx_rcc.o(.text)
    RCC_PCLK2Config                          0x08001f09   Thumb Code    22  stm32f4xx_rcc.o(.text)
    RCC_GetClocksFreq                        0x08001f1f   Thumb Code   222  stm32f4xx_rcc.o(.text)
    RCC_RTCCLKConfig                         0x08001ffd   Thumb Code    54  stm32f4xx_rcc.o(.text)
    RCC_RTCCLKCmd                            0x08002033   Thumb Code     8  stm32f4xx_rcc.o(.text)
    RCC_BackupResetCmd                       0x0800203b   Thumb Code     8  stm32f4xx_rcc.o(.text)
    RCC_I2SCLKConfig                         0x08002043   Thumb Code     6  stm32f4xx_rcc.o(.text)
    RCC_AHB1PeriphClockCmd                   0x08002049   Thumb Code    34  stm32f4xx_rcc.o(.text)
    RCC_AHB2PeriphClockCmd                   0x0800206b   Thumb Code    34  stm32f4xx_rcc.o(.text)
    RCC_AHB3PeriphClockCmd                   0x0800208d   Thumb Code    34  stm32f4xx_rcc.o(.text)
    RCC_APB1PeriphClockCmd                   0x080020af   Thumb Code    34  stm32f4xx_rcc.o(.text)
    RCC_APB2PeriphClockCmd                   0x080020d1   Thumb Code    34  stm32f4xx_rcc.o(.text)
    RCC_AHB1PeriphResetCmd                   0x080020f3   Thumb Code    34  stm32f4xx_rcc.o(.text)
    RCC_AHB2PeriphResetCmd                   0x08002115   Thumb Code    72  stm32f4xx_rcc.o(.text)
    RCC_AHB3PeriphResetCmd                   0x0800215d   Thumb Code    34  stm32f4xx_rcc.o(.text)
    RCC_APB1PeriphResetCmd                   0x0800217f   Thumb Code    34  stm32f4xx_rcc.o(.text)
    RCC_APB2PeriphResetCmd                   0x080021a1   Thumb Code    34  stm32f4xx_rcc.o(.text)
    RCC_AHB1PeriphClockLPModeCmd             0x080021c3   Thumb Code    34  stm32f4xx_rcc.o(.text)
    RCC_AHB2PeriphClockLPModeCmd             0x080021e5   Thumb Code    34  stm32f4xx_rcc.o(.text)
    RCC_AHB3PeriphClockLPModeCmd             0x08002207   Thumb Code    34  stm32f4xx_rcc.o(.text)
    RCC_APB1PeriphClockLPModeCmd             0x08002229   Thumb Code    34  stm32f4xx_rcc.o(.text)
    RCC_APB2PeriphClockLPModeCmd             0x0800224b   Thumb Code    34  stm32f4xx_rcc.o(.text)
    RCC_ITConfig                             0x0800226d   Thumb Code    34  stm32f4xx_rcc.o(.text)
    RCC_ClearFlag                            0x0800228f   Thumb Code    18  stm32f4xx_rcc.o(.text)
    RCC_GetITStatus                          0x080022a1   Thumb Code    22  stm32f4xx_rcc.o(.text)
    RCC_ClearITPendingBit                    0x080022b7   Thumb Code     8  stm32f4xx_rcc.o(.text)
    SPI_I2S_DeInit                           0x080022c5   Thumb Code    76  stm32f4xx_spi.o(.text)
    SPI_Init                                 0x08002311   Thumb Code    60  stm32f4xx_spi.o(.text)
    I2S_Init                                 0x0800234d   Thumb Code   346  stm32f4xx_spi.o(.text)
    SPI_StructInit                           0x080024a7   Thumb Code    24  stm32f4xx_spi.o(.text)
    I2S_StructInit                           0x080024bf   Thumb Code    20  stm32f4xx_spi.o(.text)
    SPI_Cmd                                  0x080024d3   Thumb Code    24  stm32f4xx_spi.o(.text)
    I2S_Cmd                                  0x080024eb   Thumb Code    24  stm32f4xx_spi.o(.text)
    SPI_DataSizeConfig                       0x08002503   Thumb Code    18  stm32f4xx_spi.o(.text)
    SPI_BiDirectionalLineConfig              0x08002515   Thumb Code    28  stm32f4xx_spi.o(.text)
    SPI_NSSInternalSoftwareConfig            0x08002531   Thumb Code    30  stm32f4xx_spi.o(.text)
    SPI_SSOutputCmd                          0x0800254f   Thumb Code    24  stm32f4xx_spi.o(.text)
    SPI_TIModeCmd                            0x08002567   Thumb Code    24  stm32f4xx_spi.o(.text)
    I2S_FullDuplexConfig                     0x0800257f   Thumb Code    80  stm32f4xx_spi.o(.text)
    SPI_I2S_ReceiveData                      0x080025cf   Thumb Code     6  stm32f4xx_spi.o(.text)
    SPI_I2S_SendData                         0x080025d5   Thumb Code     4  stm32f4xx_spi.o(.text)
    SPI_CalculateCRC                         0x080025d9   Thumb Code    24  stm32f4xx_spi.o(.text)
    SPI_TransmitCRC                          0x080025f1   Thumb Code    10  stm32f4xx_spi.o(.text)
    SPI_GetCRC                               0x080025fb   Thumb Code    16  stm32f4xx_spi.o(.text)
    SPI_GetCRCPolynomial                     0x0800260b   Thumb Code     6  stm32f4xx_spi.o(.text)
    SPI_I2S_DMACmd                           0x08002611   Thumb Code    18  stm32f4xx_spi.o(.text)
    SPI_I2S_ITConfig                         0x08002623   Thumb Code    32  stm32f4xx_spi.o(.text)
    SPI_I2S_GetFlagStatus                    0x08002643   Thumb Code    18  stm32f4xx_spi.o(.text)
    SPI_I2S_ClearFlag                        0x08002655   Thumb Code     6  stm32f4xx_spi.o(.text)
    SPI_I2S_GetITStatus                      0x0800265b   Thumb Code    52  stm32f4xx_spi.o(.text)
    SPI_I2S_ClearITPendingBit                0x0800268f   Thumb Code    20  stm32f4xx_spi.o(.text)
    TIM_DeInit                               0x080026b9   Thumb Code   346  stm32f4xx_tim.o(.text)
    TIM_TimeBaseInit                         0x08002813   Thumb Code   104  stm32f4xx_tim.o(.text)
    TIM_TimeBaseStructInit                   0x0800287b   Thumb Code    18  stm32f4xx_tim.o(.text)
    TIM_PrescalerConfig                      0x0800288d   Thumb Code     6  stm32f4xx_tim.o(.text)
    TIM_CounterModeConfig                    0x08002893   Thumb Code    18  stm32f4xx_tim.o(.text)
    TIM_SetCounter                           0x080028a5   Thumb Code     4  stm32f4xx_tim.o(.text)
    TIM_SetAutoreload                        0x080028a9   Thumb Code     4  stm32f4xx_tim.o(.text)
    TIM_GetCounter                           0x080028ad   Thumb Code     6  stm32f4xx_tim.o(.text)
    TIM_GetPrescaler                         0x080028b3   Thumb Code     6  stm32f4xx_tim.o(.text)
    TIM_UpdateDisableConfig                  0x080028b9   Thumb Code    24  stm32f4xx_tim.o(.text)
    TIM_UpdateRequestConfig                  0x080028d1   Thumb Code    24  stm32f4xx_tim.o(.text)
    TIM_ARRPreloadConfig                     0x080028e9   Thumb Code    24  stm32f4xx_tim.o(.text)
    TIM_SelectOnePulseMode                   0x08002901   Thumb Code    18  stm32f4xx_tim.o(.text)
    TIM_SetClockDivision                     0x08002913   Thumb Code    18  stm32f4xx_tim.o(.text)
    TIM_Cmd                                  0x08002925   Thumb Code    24  stm32f4xx_tim.o(.text)
    TIM_OC1Init                              0x0800293d   Thumb Code   114  stm32f4xx_tim.o(.text)
    TIM_OC2Init                              0x080029af   Thumb Code   154  stm32f4xx_tim.o(.text)
    TIM_OC3Init                              0x08002a49   Thumb Code   204  stm32f4xx_tim.o(.text)
    TIM_OC4Init                              0x08002b15   Thumb Code   112  stm32f4xx_tim.o(.text)
    TIM_OCStructInit                         0x08002b85   Thumb Code    20  stm32f4xx_tim.o(.text)
    TIM_SelectOCxM                           0x08002b99   Thumb Code    86  stm32f4xx_tim.o(.text)
    TIM_SetCompare1                          0x08002bef   Thumb Code     4  stm32f4xx_tim.o(.text)
    TIM_SetCompare2                          0x08002bf3   Thumb Code     4  stm32f4xx_tim.o(.text)
    TIM_SetCompare3                          0x08002bf7   Thumb Code     4  stm32f4xx_tim.o(.text)
    TIM_SetCompare4                          0x08002bfb   Thumb Code     4  stm32f4xx_tim.o(.text)
    TIM_ForcedOC1Config                      0x08002bff   Thumb Code    18  stm32f4xx_tim.o(.text)
    TIM_ForcedOC2Config                      0x08002c11   Thumb Code    26  stm32f4xx_tim.o(.text)
    TIM_ForcedOC3Config                      0x08002c2b   Thumb Code    18  stm32f4xx_tim.o(.text)
    TIM_ForcedOC4Config                      0x08002c3d   Thumb Code    26  stm32f4xx_tim.o(.text)
    TIM_OC1PreloadConfig                     0x08002c57   Thumb Code    18  stm32f4xx_tim.o(.text)
    TIM_OC2PreloadConfig                     0x08002c69   Thumb Code    26  stm32f4xx_tim.o(.text)
    TIM_OC3PreloadConfig                     0x08002c83   Thumb Code    18  stm32f4xx_tim.o(.text)
    TIM_OC4PreloadConfig                     0x08002c95   Thumb Code    26  stm32f4xx_tim.o(.text)
    TIM_OC1FastConfig                        0x08002caf   Thumb Code    18  stm32f4xx_tim.o(.text)
    TIM_OC2FastConfig                        0x08002cc1   Thumb Code    26  stm32f4xx_tim.o(.text)
    TIM_OC3FastConfig                        0x08002cdb   Thumb Code    18  stm32f4xx_tim.o(.text)
    TIM_OC4FastConfig                        0x08002ced   Thumb Code    26  stm32f4xx_tim.o(.text)
    TIM_ClearOC1Ref                          0x08002d07   Thumb Code    18  stm32f4xx_tim.o(.text)
    TIM_ClearOC2Ref                          0x08002d19   Thumb Code    24  stm32f4xx_tim.o(.text)
    TIM_ClearOC3Ref                          0x08002d31   Thumb Code    18  stm32f4xx_tim.o(.text)
    TIM_ClearOC4Ref                          0x08002d43   Thumb Code    24  stm32f4xx_tim.o(.text)
    TIM_OC1PolarityConfig                    0x08002d5b   Thumb Code    18  stm32f4xx_tim.o(.text)
    TIM_OC1NPolarityConfig                   0x08002d6d   Thumb Code    18  stm32f4xx_tim.o(.text)
    TIM_OC2PolarityConfig                    0x08002d7f   Thumb Code    26  stm32f4xx_tim.o(.text)
    TIM_OC2NPolarityConfig                   0x08002d99   Thumb Code    26  stm32f4xx_tim.o(.text)
    TIM_OC3PolarityConfig                    0x08002db3   Thumb Code    26  stm32f4xx_tim.o(.text)
    TIM_OC3NPolarityConfig                   0x08002dcd   Thumb Code    26  stm32f4xx_tim.o(.text)
    TIM_OC4PolarityConfig                    0x08002de7   Thumb Code    26  stm32f4xx_tim.o(.text)
    TIM_CCxCmd                               0x08002e01   Thumb Code    30  stm32f4xx_tim.o(.text)
    TIM_CCxNCmd                              0x08002e1f   Thumb Code    30  stm32f4xx_tim.o(.text)
    TIM_SetIC4Prescaler                      0x08002e3d   Thumb Code    26  stm32f4xx_tim.o(.text)
    TIM_SetIC3Prescaler                      0x08002ea7   Thumb Code    18  stm32f4xx_tim.o(.text)
    TIM_SetIC2Prescaler                      0x08002f01   Thumb Code    26  stm32f4xx_tim.o(.text)
    TIM_SetIC1Prescaler                      0x08002f75   Thumb Code    18  stm32f4xx_tim.o(.text)
    TIM_ICInit                               0x08002fc1   Thumb Code   110  stm32f4xx_tim.o(.text)
    TIM_ICStructInit                         0x0800302f   Thumb Code    18  stm32f4xx_tim.o(.text)
    TIM_PWMIConfig                           0x08003041   Thumb Code   124  stm32f4xx_tim.o(.text)
    TIM_GetCapture1                          0x080030bd   Thumb Code     6  stm32f4xx_tim.o(.text)
    TIM_GetCapture2                          0x080030c3   Thumb Code     6  stm32f4xx_tim.o(.text)
    TIM_GetCapture3                          0x080030c9   Thumb Code     6  stm32f4xx_tim.o(.text)
    TIM_GetCapture4                          0x080030cf   Thumb Code     6  stm32f4xx_tim.o(.text)
    TIM_BDTRConfig                           0x080030d5   Thumb Code    32  stm32f4xx_tim.o(.text)
    TIM_BDTRStructInit                       0x080030f5   Thumb Code    18  stm32f4xx_tim.o(.text)
    TIM_CtrlPWMOutputs                       0x08003107   Thumb Code    30  stm32f4xx_tim.o(.text)
    TIM_SelectCOM                            0x08003125   Thumb Code    24  stm32f4xx_tim.o(.text)
    TIM_CCPreloadControl                     0x0800313d   Thumb Code    24  stm32f4xx_tim.o(.text)
    TIM_ITConfig                             0x08003155   Thumb Code    18  stm32f4xx_tim.o(.text)
    TIM_GenerateEvent                        0x08003167   Thumb Code     4  stm32f4xx_tim.o(.text)
    TIM_GetFlagStatus                        0x0800316b   Thumb Code    18  stm32f4xx_tim.o(.text)
    TIM_ClearFlag                            0x0800317d   Thumb Code     6  stm32f4xx_tim.o(.text)
    TIM_GetITStatus                          0x08003183   Thumb Code    34  stm32f4xx_tim.o(.text)
    TIM_ClearITPendingBit                    0x080031a5   Thumb Code     6  stm32f4xx_tim.o(.text)
    TIM_DMAConfig                            0x080031ab   Thumb Code    10  stm32f4xx_tim.o(.text)
    TIM_DMACmd                               0x080031b5   Thumb Code    18  stm32f4xx_tim.o(.text)
    TIM_SelectCCDMA                          0x080031c7   Thumb Code    24  stm32f4xx_tim.o(.text)
    TIM_InternalClockConfig                  0x080031df   Thumb Code    12  stm32f4xx_tim.o(.text)
    TIM_SelectInputTrigger                   0x080031eb   Thumb Code    18  stm32f4xx_tim.o(.text)
    TIM_ITRxExternalClockConfig              0x080031fd   Thumb Code    24  stm32f4xx_tim.o(.text)
    TIM_TIxExternalClockConfig               0x08003215   Thumb Code    62  stm32f4xx_tim.o(.text)
    TIM_ETRConfig                            0x08003253   Thumb Code    28  stm32f4xx_tim.o(.text)
    TIM_ETRClockMode1Config                  0x0800326f   Thumb Code    54  stm32f4xx_tim.o(.text)
    TIM_ETRClockMode2Config                  0x080032a5   Thumb Code    32  stm32f4xx_tim.o(.text)
    TIM_SelectOutputTrigger                  0x080032c5   Thumb Code    18  stm32f4xx_tim.o(.text)
    TIM_SelectSlaveMode                      0x080032d7   Thumb Code    18  stm32f4xx_tim.o(.text)
    TIM_SelectMasterSlaveMode                0x080032e9   Thumb Code    18  stm32f4xx_tim.o(.text)
    TIM_EncoderInterfaceConfig               0x080032fb   Thumb Code    66  stm32f4xx_tim.o(.text)
    TIM_SelectHallSensor                     0x0800333d   Thumb Code    24  stm32f4xx_tim.o(.text)
    TIM_RemapConfig                          0x08003355   Thumb Code     6  stm32f4xx_tim.o(.text)
    __aeabi_dadd                             0x0800335b   Thumb Code   322  dadd.o(.text)
    __aeabi_dsub                             0x0800349d   Thumb Code     6  dadd.o(.text)
    __aeabi_drsub                            0x080034a3   Thumb Code     6  dadd.o(.text)
    __aeabi_d2uiz                            0x080034a9   Thumb Code    50  dfixui.o(.text)
    __aeabi_f2d                              0x080034db   Thumb Code    38  f2d.o(.text)
    __aeabi_llsl                             0x08003501   Thumb Code    30  llshl.o(.text)
    _ll_shift_l                              0x08003501   Thumb Code     0  llshl.o(.text)
    __aeabi_llsr                             0x0800351f   Thumb Code    32  llushr.o(.text)
    _ll_ushift_r                             0x0800351f   Thumb Code     0  llushr.o(.text)
    __aeabi_lasr                             0x0800353f   Thumb Code    36  llsshr.o(.text)
    _ll_sshift_r                             0x0800353f   Thumb Code     0  llsshr.o(.text)
    __I$use$fp                               0x08003563   Thumb Code     0  iusefp.o(.text)
    _double_round                            0x08003563   Thumb Code    26  depilogue.o(.text)
    _double_epilogue                         0x0800357d   Thumb Code   164  depilogue.o(.text)
    __aeabi_cdrcmple                         0x08003621   Thumb Code    38  cdrcmple.o(.text)
    __scatterload                            0x08003649   Thumb Code    28  init.o(.text)
    __scatterload_rt2                        0x08003649   Thumb Code     0  init.o(.text)
    SVC_Count                                0x0800366c   Data           4  SVC_Table.o(SVC_TABLE)
    SVC_Table                                0x08003670   Data           0  SVC_Table.o(SVC_TABLE)
    __hardfp_floor                           0x08003671   Thumb Code   252  floor.o(i.__hardfp_floor)
    __scatterload_copy                       0x08003789   Thumb Code    14  handlers.o(i.__scatterload_copy)
    __scatterload_null                       0x08003797   Thumb Code     2  handlers.o(i.__scatterload_null)
    __scatterload_zeroinit                   0x08003799   Thumb Code    14  handlers.o(i.__scatterload_zeroinit)
    _init_box                                0x080037a7   Thumb Code    70  rt_membox.o(i._init_box)
    dbg_init                                 0x080037ed   Thumb Code    34  hal_cm.o(i.dbg_init)
    dbg_task_notify                          0x0800381d   Thumb Code    32  hal_cm.o(i.dbg_task_notify)
    dbg_task_switch                          0x0800383d   Thumb Code    16  hal_cm.o(i.dbg_task_switch)
    isr_evt_set                              0x08003879   Thumb Code    34  rt_event.o(i.isr_evt_set)
    isr_mbx_receive                          0x080038a1   Thumb Code    80  rt_mailbox.o(i.isr_mbx_receive)
    isr_mbx_send                             0x080038f1   Thumb Code    14  rt_mailbox.o(i.isr_mbx_send)
    isr_sem_send                             0x080038ff   Thumb Code    16  rt_semaphore.o(i.isr_sem_send)
    osKernelStart                            0x08003911   Thumb Code    94  rt_cmsis.o(i.osKernelStart)
    osMessageCreate                          0x08003979   Thumb Code    18  rt_cmsis.o(i.osMessageCreate)
    osMessageGet                             0x08003991   Thumb Code    64  rt_cmsis.o(i.osMessageGet)
    osMessagePut                             0x080039d5   Thumb Code    18  rt_cmsis.o(i.osMessagePut)
    osSemaphoreCreate                        0x080039ed   Thumb Code    18  rt_cmsis.o(i.osSemaphoreCreate)
    osSemaphoreRelease                       0x08003a05   Thumb Code    42  rt_cmsis.o(i.osSemaphoreRelease)
    osSemaphoreWait                          0x08003a35   Thumb Code    20  rt_cmsis.o(i.osSemaphoreWait)
    osSignalSet                              0x08003a4d   Thumb Code    48  rt_cmsis.o(i.osSignalSet)
    osSignalWait                             0x08003a81   Thumb Code    18  rt_cmsis.o(i.osSignalWait)
    osThreadCreate                           0x08003a99   Thumb Code    18  rt_cmsis.o(i.osThreadCreate)
    osThreadExit                             0x08003ab1   Thumb Code    14  rt_cmsis.o(i.osThreadExit)
    osThreadGetId                            0x08003ac9   Thumb Code    18  rt_cmsis.o(i.osThreadGetId)
    osTimerCall                              0x08003ae1   Thumb Code     8  rt_cmsis.o(i.osTimerCall)
    osTimerThread                            0x08003aed   Thumb Code    38  rt_cmsis.o(i.osTimerThread)
    rt_alloc_box                             0x08003b19   Thumb Code    28  rt_membox.o(i.rt_alloc_box)
    rt_alloc_mem                             0x08003b35   Thumb Code    60  rt_memory.o(i.rt_alloc_mem)
    rt_block                                 0x08003b71   Thumb Code    48  rt_task.o(i.rt_block)
    rt_chk_robin                             0x08003ba9   Thumb Code    58  rt_robin.o(i.rt_chk_robin)
    rt_dec_dly                               0x08003bf1   Thumb Code   102  rt_list.o(i.rt_dec_dly)
    rt_dispatch                              0x08003c61   Thumb Code    60  rt_task.o(i.rt_dispatch)
    rt_evt_psh                               0x08003ca5   Thumb Code    76  rt_event.o(i.rt_evt_psh)
    rt_evt_set                               0x08003cf5   Thumb Code    88  rt_event.o(i.rt_evt_set)
    rt_evt_wait                              0x08003d51   Thumb Code    58  rt_event.o(i.rt_evt_wait)
    rt_free_box                              0x08003d91   Thumb Code    32  rt_membox.o(i.rt_free_box)
    rt_free_mem                              0x08003db1   Thumb Code    40  rt_memory.o(i.rt_free_mem)
    rt_get_first                             0x08003dd9   Thumb Code    40  rt_list.o(i.rt_get_first)
    rt_init_mem                              0x08003e49   Thumb Code    26  rt_memory.o(i.rt_init_mem)
    rt_init_robin                            0x08003e65   Thumb Code    14  rt_robin.o(i.rt_init_robin)
    rt_init_stack                            0x08003e7d   Thumb Code    70  hal_cm.o(i.rt_init_stack)
    rt_mbx_check                             0x08003ecd   Thumb Code     8  rt_mailbox.o(i.rt_mbx_check)
    rt_mbx_init                              0x08003ed5   Thumb Code    26  rt_mailbox.o(i.rt_mbx_init)
    rt_mbx_psh                               0x08003ef1   Thumb Code   248  rt_mailbox.o(i.rt_mbx_psh)
    rt_mbx_send                              0x08003fed   Thumb Code   166  rt_mailbox.o(i.rt_mbx_send)
    rt_mbx_wait                              0x08004099   Thumb Code   174  rt_mailbox.o(i.rt_mbx_wait)
    rt_pop_req                               0x08004189   Thumb Code   106  rt_system.o(i.rt_pop_req)
    rt_psh_req                               0x08004201   Thumb Code    22  rt_system.o(i.rt_psh_req)
    rt_psq_enq                               0x08004221   Thumb Code    82  rt_list.o(i.rt_psq_enq)
    rt_put_dly                               0x08004279   Thumb Code    88  rt_list.o(i.rt_put_dly)
    rt_put_prio                              0x080042d5   Thumb Code    56  rt_list.o(i.rt_put_prio)
    rt_put_rdy_first                         0x0800430d   Thumb Code    14  rt_list.o(i.rt_put_rdy_first)
    rt_ret_val                               0x08004331   Thumb Code    12  hal_cm.o(i.rt_ret_val)
    rt_ret_val2                              0x0800433d   Thumb Code    16  hal_cm.o(i.rt_ret_val2)
    rt_rmv_dly                               0x0800434d   Thumb Code    40  rt_list.o(i.rt_rmv_dly)
    rt_rmv_list                              0x08004375   Thumb Code    44  rt_list.o(i.rt_rmv_list)
    rt_sem_init                              0x080043a5   Thumb Code    12  rt_semaphore.o(i.rt_sem_init)
    rt_sem_psh                               0x080043b1   Thumb Code    48  rt_semaphore.o(i.rt_sem_psh)
    rt_sem_send                              0x080043e5   Thumb Code    42  rt_semaphore.o(i.rt_sem_send)
    rt_sem_wait                              0x08004411   Thumb Code    56  rt_semaphore.o(i.rt_sem_wait)
    rt_stk_check                             0x0800444d   Thumb Code    28  rt_system.o(i.rt_stk_check)
    rt_switch_req                            0x08004471   Thumb Code    30  rt_task.o(i.rt_switch_req)
    rt_sys_init                              0x08004499   Thumb Code   242  rt_task.o(i.rt_sys_init)
    rt_systick                               0x080045d9   Thumb Code    48  rt_system.o(i.rt_systick)
    rt_tsk_create                            0x08004665   Thumb Code   112  rt_task.o(i.rt_tsk_create)
    rt_tsk_delete                            0x080046e5   Thumb Code   146  rt_task.o(i.rt_tsk_delete)
    rt_tsk_self                              0x08004791   Thumb Code    12  rt_task.o(i.rt_tsk_self)
    svcKernelStart                           0x080047a1   Thumb Code   174  rt_cmsis.o(i.svcKernelStart)
    svcMessageCreate                         0x08004875   Thumb Code    36  rt_cmsis.o(i.svcMessageCreate)
    svcMessageGet                            0x08004899   Thumb Code    58  rt_cmsis.o(i.svcMessageGet)
    svcMessagePut                            0x080048d3   Thumb Code    54  rt_cmsis.o(i.svcMessagePut)
    svcSemaphoreCreate                       0x08004909   Thumb Code    36  rt_cmsis.o(i.svcSemaphoreCreate)
    svcSemaphoreRelease                      0x0800492d   Thumb Code    26  rt_cmsis.o(i.svcSemaphoreRelease)
    svcSemaphoreWait                         0x08004947   Thumb Code    54  rt_cmsis.o(i.svcSemaphoreWait)
    svcSignalSet                             0x0800497d   Thumb Code    36  rt_cmsis.o(i.svcSignalSet)
    svcSignalWait                            0x080049a1   Thumb Code    80  rt_cmsis.o(i.svcSignalWait)
    svcThreadCreate                          0x080049f5   Thumb Code   100  rt_cmsis.o(i.svcThreadCreate)
    svcThreadGetId                           0x08004a65   Thumb Code    22  rt_cmsis.o(i.svcThreadGetId)
    svcThreadTerminate                       0x08004a81   Thumb Code    52  rt_cmsis.o(i.svcThreadTerminate)
    svcTimerCall                             0x08004ab9   Thumb Code    24  rt_cmsis.o(i.svcTimerCall)
    sysTimerTick                             0x08004ad1   Thumb Code    76  rt_cmsis.o(i.sysTimerTick)
    os_maxtaskrun                            0x08004b24   Data           2  rtx_conf_cm.o(.constdata)
    os_stackinfo                             0x08004b28   Data           4  rtx_conf_cm.o(.constdata)
    os_rrobin                                0x08004b2c   Data           4  rtx_conf_cm.o(.constdata)
    os_trv                                   0x08004b30   Data           4  rtx_conf_cm.o(.constdata)
    os_flags                                 0x08004b34   Data           1  rtx_conf_cm.o(.constdata)
    os_clockrate                             0x08004b38   Data           4  rtx_conf_cm.o(.constdata)
    os_timernum                              0x08004b3c   Data           4  rtx_conf_cm.o(.constdata)
    mp_tcb_size                              0x08004b40   Data           2  rtx_conf_cm.o(.constdata)
    mp_stk_size                              0x08004b44   Data           4  rtx_conf_cm.o(.constdata)
    os_stack_sz                              0x08004b48   Data           4  rtx_conf_cm.o(.constdata)
    os_fifo_size                             0x08004b4c   Data           1  rtx_conf_cm.o(.constdata)
    os_thread_def_osTimerThread              0x08004b50   Data          16  rtx_conf_cm.o(.constdata)
    os_messageQ_def_osTimerMessageQ          0x08004b60   Data           8  rtx_conf_cm.o(.constdata)
    mp_tmr_size                              0x08004b68   Data           2  rtx_conf_cm.o(.constdata)
    os_thread_def_main                       0x08004b6c   Data          16  rtx_conf_cm.o(.constdata)
    Region$$Table$$Base                      0x08004ba4   Number         0  anon$$obj.o(Region$$Table)
    Region$$Table$$Limit                     0x08004bd4   Number         0  anon$$obj.o(Region$$Table)
    mp_tcb                                   0x10000000   Data         348  rtx_conf_cm.o(.bss)
    mp_stk                                   0x10000160   Data        4816  rtx_conf_cm.o(.bss)
    os_stack_mem                             0x10001430   Data        1632  rtx_conf_cm.o(.bss)
    os_fifo                                  0x10001a90   Data         132  rtx_conf_cm.o(.bss)
    os_active_TCB                            0x10001b14   Data          28  rtx_conf_cm.o(.bss)
    os_messageQ_q_osTimerMessageQ            0x10001b30   Data          32  rtx_conf_cm.o(.bss)
    SystemCoreClock                          0x20000000   Data           4  system_stm32f4xx.o(.data)
    AHBPrescTable                            0x20000004   Data          16  system_stm32f4xx.o(.data)
    os_tmr                                   0x20000014   Data           4  rtx_conf_cm.o(.data)
    m_tmr                                    0x20000018   Data           4  rtx_conf_cm.o(.data)
    osThreadId_osTimerThread                 0x2000001c   Data           4  rtx_conf_cm.o(.data)
    osMessageQId_osTimerMessageQ             0x20000020   Data           4  rtx_conf_cm.o(.data)
    LIS302DLTimeout                          0x20000028   Data           4  stm32f4_discovery_lis302dl.o(.data)
    mainThread_ID                            0x2000002c   Data           4  globals.o(.data)
    wirelessThread_ID                        0x20000030   Data           4  globals.o(.data)
    queue_ID                                 0x20000034   Data           4  globals.o(.data)
    dmaSema_ID                               0x20000038   Data           4  globals.o(.data)
    dmaComplete_ID                           0x2000003c   Data           4  globals.o(.data)
    RF2500Timeout                            0x20000040   Data           4  wirelessdriver.o(.data)
    source_ID                                0x20000044   Data           4  wirelessdriver.o(.data)
    alpha                                    0x20000048   Data           4  wirelessdriver.o(.data)
    beta                                     0x2000004c   Data           4  wirelessdriver.o(.data)
    comradeAlpha                             0x20000050   Data           4  wirelessdriver.o(.data)
    comradeBeta                              0x20000054   Data           4  wirelessdriver.o(.data)
    RF2500_state                             0x20000058   Data           1  wirelessdriver.o(.data)
    comrade_data                             0x20000059   Data           4  wirelessdriver.o(.data)
    rssi                                     0x2000005d   Data           1  wirelessdriver.o(.data)
    crc_ok                                   0x2000005e   Data           1  wirelessdriver.o(.data)
    packet_read                              0x2000005f   Data           1  wirelessdriver.o(.data)
    os_timer_head                            0x20000070   Data           4  rt_cmsis.o(.data)
    os_tsk                                   0x20000074   Data           8  rt_task.o(.data)
    os_time                                  0x20000080   Data           2  rt_time.o(.data)
    dbg_msg                                  0x20000082   Data           1  hal_cm.o(.data)
    os_robin                                 0x20000084   Data           8  rt_robin.o(.data)
    r_buff                                   0x20000134   Data          12  wirelessdriver.o(.bss)
    w_buff                                   0x20000140   Data          12  wirelessdriver.o(.bss)
    os_idle_TCB                              0x2000014c   Data          48  rt_task.o(.bss)
    os_rdy                                   0x2000017c   Data          24  rt_list.o(.bss)
    os_dly                                   0x20000194   Data          24  rt_list.o(.bss)
    __initial_sp                             0x200005b0   Data           0  startup_stm32f4xx.o(STACK)



==============================================================================

Memory Map of the image

  Image Entry point : 0x08000189

  Load Region LR_IROM1 (Base: 0x08000000, Size: 0x00004c60, Max: 0x00100000, ABSOLUTE)

    Execution Region ER_IROM1 (Base: 0x08000000, Size: 0x00004bd4, Max: 0x00100000, ABSOLUTE)

    Base Addr    Size         Type   Attr      Idx    E Section Name        Object

    0x08000000   0x00000188   Data   RO          132    RESET               startup_stm32f4xx.o
    0x08000188   0x00000000   Code   RO         2446  * .ARM.Collect$$$$00000000  mc_w.l(entry.o)
    0x08000188   0x00000004   Code   RO         2455    .ARM.Collect$$$$00000001  mc_w.l(entry2.o)
    0x0800018c   0x00000004   Code   RO         2458    .ARM.Collect$$$$00000004  mc_w.l(entry5.o)
    0x08000190   0x00000000   Code   RO         2460    .ARM.Collect$$$$00000008  mc_w.l(entry7b.o)
    0x08000190   0x00000000   Code   RO         2462    .ARM.Collect$$$$0000000A  mc_w.l(entry8b.o)
    0x08000190   0x00000000   Code   RO         2463    .ARM.Collect$$$$0000000D  mc_w.l(entry10a.o)
    0x08000190   0x00000000   Code   RO         2465    .ARM.Collect$$$$0000000F  mc_w.l(entry11a.o)
    0x08000190   0x00000010   Code   RO          137    .ARM.Collect$$$$000000FF  rtx_conf_cm.o
    0x080001a0   0x00000004   Code   RO         2456    .ARM.Collect$$$$00002712  mc_w.l(entry2.o)
    0x080001a4   0x00000174   Code   RO         2427    .emb_text           RTX_CM4.lib(hal_cm4.o)
    0x08000318   0x0000020c   Code   RO            3    .text               system_stm32f4xx.o
    0x08000524   0x00000024   Code   RO          133    .text               startup_stm32f4xx.o
    0x08000548   0x00000008   Code   RO          138    .text               rtx_conf_cm.o
    0x08000550   0x0000011c   Code   RO          171    .text               main.o
    0x0800066c   0x000000b8   Code   RO          340    .text               acc.o
    0x08000724   0x00000074   Code   RO          363    .text               button.o
    0x08000798   0x000000e8   Code   RO          425    .text               led.o
    0x08000880   0x00000058   Code   RO          446    .text               moving_average_c.o
    0x080008d8   0x000003c0   Code   RO          463    .text               stm32f4_discovery_lis302dl.o
    0x08000c98   0x00000218   Code   RO          489    .text               dma.o
    0x08000eb0   0x00000074   Code   RO          516    .text               tim3.o
    0x08000f24   0x0000008c   Code   RO          554    .text               master.o
    0x08000fb0   0x000000a4   Code   RO          578    .text               slave.o
    0x08001054   0x00000604   Code   RO          611    .text               wirelessdriver.o
    0x08001658   0x000000e4   Code   RO          642    .text               misc.o
    0x0800173c   0x000003a4   Code   RO          958    .text               stm32f4xx_dma.o
    0x08001ae0   0x0000025c   Code   RO         1050    .text               stm32f4xx_gpio.o
    0x08001d3c   0x00000588   Code   RO         1199    .text               stm32f4xx_rcc.o
    0x080022c4   0x000003f4   Code   RO         1290    .text               stm32f4xx_spi.o
    0x080026b8   0x00000ca2   Code   RO         1333    .text               stm32f4xx_tim.o
    0x0800335a   0x0000014e   Code   RO         2449    .text               mf_w.l(dadd.o)
    0x080034a8   0x00000032   Code   RO         2451    .text               mf_w.l(dfixui.o)
    0x080034da   0x00000026   Code   RO         2453    .text               mf_w.l(f2d.o)
    0x08003500   0x0000001e   Code   RO         2467    .text               mc_w.l(llshl.o)
    0x0800351e   0x00000020   Code   RO         2469    .text               mc_w.l(llushr.o)
    0x0800353e   0x00000024   Code   RO         2471    .text               mc_w.l(llsshr.o)
    0x08003562   0x00000000   Code   RO         2473    .text               mc_w.l(iusefp.o)
    0x08003562   0x000000be   Code   RO         2474    .text               mf_w.l(depilogue.o)
    0x08003620   0x00000028   Code   RO         2476    .text               mf_w.l(cdrcmple.o)
    0x08003648   0x00000024   Code   RO         2478    .text               mc_w.l(init.o)
    0x0800366c   0x00000004   Code   RO         2437    SVC_TABLE           RTX_CM4.lib(SVC_Table.o)
    0x08003670   0x00000118   Code   RO         2440    i.__hardfp_floor    m_wm.l(floor.o)
    0x08003788   0x0000000e   Code   RO         2482    i.__scatterload_copy  mc_w.l(handlers.o)
    0x08003796   0x00000002   Code   RO         2483    i.__scatterload_null  mc_w.l(handlers.o)
    0x08003798   0x0000000e   Code   RO         2484    i.__scatterload_zeroinit  mc_w.l(handlers.o)
    0x080037a6   0x00000046   Code   RO         2300    i._init_box         RTX_CM4.lib(rt_membox.o)
    0x080037ec   0x00000030   Code   RO         2353    i.dbg_init          RTX_CM4.lib(hal_cm.o)
    0x0800381c   0x00000020   Code   RO         2354    i.dbg_task_notify   RTX_CM4.lib(hal_cm.o)
    0x0800383c   0x00000010   Code   RO         2355    i.dbg_task_switch   RTX_CM4.lib(hal_cm.o)
    0x0800384c   0x0000002c   Code   RO         1399    i.isrMessagePut     RTX_CM4.lib(rt_cmsis.o)
    0x08003878   0x00000028   Code   RO         2046    i.isr_evt_set       RTX_CM4.lib(rt_event.o)
    0x080038a0   0x00000050   Code   RO         2164    i.isr_mbx_receive   RTX_CM4.lib(rt_mailbox.o)
    0x080038f0   0x0000000e   Code   RO         2165    i.isr_mbx_send      RTX_CM4.lib(rt_mailbox.o)
    0x080038fe   0x00000010   Code   RO         2212    i.isr_sem_send      RTX_CM4.lib(rt_semaphore.o)
    0x0800390e   0x00000002   PAD
    0x08003910   0x00000068   Code   RO         1402    i.osKernelStart     RTX_CM4.lib(rt_cmsis.o)
    0x08003978   0x00000018   Code   RO         1409    i.osMessageCreate   RTX_CM4.lib(rt_cmsis.o)
    0x08003990   0x00000044   Code   RO         1410    i.osMessageGet      RTX_CM4.lib(rt_cmsis.o)
    0x080039d4   0x00000018   Code   RO         1411    i.osMessagePut      RTX_CM4.lib(rt_cmsis.o)
    0x080039ec   0x00000018   Code   RO         1419    i.osSemaphoreCreate  RTX_CM4.lib(rt_cmsis.o)
    0x08003a04   0x00000030   Code   RO         1420    i.osSemaphoreRelease  RTX_CM4.lib(rt_cmsis.o)
    0x08003a34   0x00000018   Code   RO         1421    i.osSemaphoreWait   RTX_CM4.lib(rt_cmsis.o)
    0x08003a4c   0x00000034   Code   RO         1424    i.osSignalSet       RTX_CM4.lib(rt_cmsis.o)
    0x08003a80   0x00000018   Code   RO         1425    i.osSignalWait      RTX_CM4.lib(rt_cmsis.o)
    0x08003a98   0x00000018   Code   RO         1426    i.osThreadCreate    RTX_CM4.lib(rt_cmsis.o)
    0x08003ab0   0x00000018   Code   RO         1427    i.osThreadExit      RTX_CM4.lib(rt_cmsis.o)
    0x08003ac8   0x00000018   Code   RO         1428    i.osThreadGetId     RTX_CM4.lib(rt_cmsis.o)
    0x08003ae0   0x0000000c   Code   RO         1433    i.osTimerCall       RTX_CM4.lib(rt_cmsis.o)
    0x08003aec   0x0000002c   Code   RO         1437    i.osTimerThread     RTX_CM4.lib(rt_cmsis.o)
    0x08003b18   0x0000001c   Code   RO         2301    i.rt_alloc_box      RTX_CM4.lib(rt_membox.o)
    0x08003b34   0x0000003c   Code   RO         2329    i.rt_alloc_mem      RTX_CM4.lib(rt_memory.o)
    0x08003b70   0x00000038   Code   RO         1921    i.rt_block          RTX_CM4.lib(rt_task.o)
    0x08003ba8   0x00000048   Code   RO         2406    i.rt_chk_robin      RTX_CM4.lib(rt_robin.o)
    0x08003bf0   0x00000070   Code   RO         2088    i.rt_dec_dly        RTX_CM4.lib(rt_list.o)
    0x08003c60   0x00000044   Code   RO         1922    i.rt_dispatch       RTX_CM4.lib(rt_task.o)
    0x08003ca4   0x00000050   Code   RO         2049    i.rt_evt_psh        RTX_CM4.lib(rt_event.o)
    0x08003cf4   0x0000005c   Code   RO         2050    i.rt_evt_set        RTX_CM4.lib(rt_event.o)
    0x08003d50   0x00000040   Code   RO         2051    i.rt_evt_wait       RTX_CM4.lib(rt_event.o)
    0x08003d90   0x00000020   Code   RO         2302    i.rt_free_box       RTX_CM4.lib(rt_membox.o)
    0x08003db0   0x00000028   Code   RO         2330    i.rt_free_mem       RTX_CM4.lib(rt_memory.o)
    0x08003dd8   0x00000028   Code   RO         2089    i.rt_get_first      RTX_CM4.lib(rt_list.o)
    0x08003e00   0x00000008   Code   RO         1440    i.rt_id2obj         RTX_CM4.lib(rt_cmsis.o)
    0x08003e08   0x00000040   Code   RO         1923    i.rt_init_context   RTX_CM4.lib(rt_task.o)
    0x08003e48   0x0000001a   Code   RO         2331    i.rt_init_mem       RTX_CM4.lib(rt_memory.o)
    0x08003e62   0x00000002   PAD
    0x08003e64   0x00000018   Code   RO         2407    i.rt_init_robin     RTX_CM4.lib(rt_robin.o)
    0x08003e7c   0x00000050   Code   RO         2356    i.rt_init_stack     RTX_CM4.lib(hal_cm.o)
    0x08003ecc   0x00000008   Code   RO         2166    i.rt_mbx_check      RTX_CM4.lib(rt_mailbox.o)
    0x08003ed4   0x0000001a   Code   RO         2167    i.rt_mbx_init       RTX_CM4.lib(rt_mailbox.o)
    0x08003eee   0x00000002   PAD
    0x08003ef0   0x000000fc   Code   RO         2168    i.rt_mbx_psh        RTX_CM4.lib(rt_mailbox.o)
    0x08003fec   0x000000ac   Code   RO         2169    i.rt_mbx_send       RTX_CM4.lib(rt_mailbox.o)
    0x08004098   0x000000b4   Code   RO         2170    i.rt_mbx_wait       RTX_CM4.lib(rt_mailbox.o)
    0x0800414c   0x0000003c   Code   RO         1441    i.rt_ms2tick        RTX_CM4.lib(rt_cmsis.o)
    0x08004188   0x00000078   Code   RO         2000    i.rt_pop_req        RTX_CM4.lib(rt_system.o)
    0x08004200   0x00000020   Code   RO         2001    i.rt_psh_req        RTX_CM4.lib(rt_system.o)
    0x08004220   0x00000058   Code   RO         2091    i.rt_psq_enq        RTX_CM4.lib(rt_list.o)
    0x08004278   0x0000005c   Code   RO         2092    i.rt_put_dly        RTX_CM4.lib(rt_list.o)
    0x080042d4   0x00000038   Code   RO         2093    i.rt_put_prio       RTX_CM4.lib(rt_list.o)
    0x0800430c   0x00000014   Code   RO         2094    i.rt_put_rdy_first  RTX_CM4.lib(rt_list.o)
    0x08004320   0x00000010   Code   RO         2357    i.rt_ret_regs       RTX_CM4.lib(hal_cm.o)
    0x08004330   0x0000000c   Code   RO         2358    i.rt_ret_val        RTX_CM4.lib(hal_cm.o)
    0x0800433c   0x00000010   Code   RO         2359    i.rt_ret_val2       RTX_CM4.lib(hal_cm.o)
    0x0800434c   0x00000028   Code   RO         2096    i.rt_rmv_dly        RTX_CM4.lib(rt_list.o)
    0x08004374   0x00000030   Code   RO         2097    i.rt_rmv_list       RTX_CM4.lib(rt_list.o)
    0x080043a4   0x0000000c   Code   RO         2213    i.rt_sem_init       RTX_CM4.lib(rt_semaphore.o)
    0x080043b0   0x00000034   Code   RO         2214    i.rt_sem_psh        RTX_CM4.lib(rt_semaphore.o)
    0x080043e4   0x0000002a   Code   RO         2215    i.rt_sem_send       RTX_CM4.lib(rt_semaphore.o)
    0x0800440e   0x00000002   PAD
    0x08004410   0x0000003c   Code   RO         2216    i.rt_sem_wait       RTX_CM4.lib(rt_semaphore.o)
    0x0800444c   0x00000024   Code   RO         2002    i.rt_stk_check      RTX_CM4.lib(rt_system.o)
    0x08004470   0x00000028   Code   RO         1924    i.rt_switch_req     RTX_CM4.lib(rt_task.o)
    0x08004498   0x00000140   Code   RO         1925    i.rt_sys_init       RTX_CM4.lib(rt_task.o)
    0x080045d8   0x0000003c   Code   RO         2003    i.rt_systick        RTX_CM4.lib(rt_system.o)
    0x08004614   0x00000012   Code   RO         1442    i.rt_tid2ptcb       RTX_CM4.lib(rt_cmsis.o)
    0x08004626   0x00000002   PAD
    0x08004628   0x0000003c   Code   RO         1443    i.rt_timer_insert   RTX_CM4.lib(rt_cmsis.o)
    0x08004664   0x00000080   Code   RO         1926    i.rt_tsk_create     RTX_CM4.lib(rt_task.o)
    0x080046e4   0x000000ac   Code   RO         1927    i.rt_tsk_delete     RTX_CM4.lib(rt_task.o)
    0x08004790   0x00000010   Code   RO         1930    i.rt_tsk_self       RTX_CM4.lib(rt_task.o)
    0x080047a0   0x000000d4   Code   RO         1446    i.svcKernelStart    RTX_CM4.lib(rt_cmsis.o)
    0x08004874   0x00000024   Code   RO         1448    i.svcMessageCreate  RTX_CM4.lib(rt_cmsis.o)
    0x08004898   0x0000003a   Code   RO         1449    i.svcMessageGet     RTX_CM4.lib(rt_cmsis.o)
    0x080048d2   0x00000036   Code   RO         1450    i.svcMessagePut     RTX_CM4.lib(rt_cmsis.o)
    0x08004908   0x00000024   Code   RO         1455    i.svcSemaphoreCreate  RTX_CM4.lib(rt_cmsis.o)
    0x0800492c   0x0000001a   Code   RO         1456    i.svcSemaphoreRelease  RTX_CM4.lib(rt_cmsis.o)
    0x08004946   0x00000036   Code   RO         1457    i.svcSemaphoreWait  RTX_CM4.lib(rt_cmsis.o)
    0x0800497c   0x00000024   Code   RO         1460    i.svcSignalSet      RTX_CM4.lib(rt_cmsis.o)
    0x080049a0   0x00000054   Code   RO         1461    i.svcSignalWait     RTX_CM4.lib(rt_cmsis.o)
    0x080049f4   0x00000070   Code   RO         1462    i.svcThreadCreate   RTX_CM4.lib(rt_cmsis.o)
    0x08004a64   0x0000001c   Code   RO         1463    i.svcThreadGetId    RTX_CM4.lib(rt_cmsis.o)
    0x08004a80   0x00000038   Code   RO         1466    i.svcThreadTerminate  RTX_CM4.lib(rt_cmsis.o)
    0x08004ab8   0x00000018   Code   RO         1468    i.svcTimerCall      RTX_CM4.lib(rt_cmsis.o)
    0x08004ad0   0x00000054   Code   RO         1476    i.sysTimerTick      RTX_CM4.lib(rt_cmsis.o)
    0x08004b24   0x00000058   Data   RO          140    .constdata          rtx_conf_cm.o
    0x08004b7c   0x00000028   Data   RO          172    .constdata          main.o
    0x08004ba4   0x00000030   Data   RO         2480    Region$$Table       anon$$obj.o


    Execution Region RW_IRAM1 (Base: 0x10000000, Size: 0x00001b50, Max: 0x0001ffff, ABSOLUTE)

    Base Addr    Size         Type   Attr      Idx    E Section Name        Object

    0x10000000   0x00001b50   Zero   RW          139    .bss                rtx_conf_cm.o


    Execution Region RW_IRAM2 (Base: 0x20000000, Size: 0x000005b0, Max: 0x0001ffff, ABSOLUTE)

    Base Addr    Size         Type   Attr      Idx    E Section Name        Object

    0x20000000   0x00000014   Data   RW            4    .data               system_stm32f4xx.o
    0x20000014   0x00000010   Data   RW          141    .data               rtx_conf_cm.o
    0x20000024   0x00000004   Data   RW          364    .data               button.o
    0x20000028   0x00000004   Data   RW          464    .data               stm32f4_discovery_lis302dl.o
    0x2000002c   0x00000014   Data   RW          537    .data               globals.o
    0x20000040   0x00000020   Data   RW          613    .data               wirelessdriver.o
    0x20000060   0x00000010   Data   RW         1200    .data               stm32f4xx_rcc.o
    0x20000070   0x00000004   Data   RW         1477    .data               RTX_CM4.lib(rt_cmsis.o)
    0x20000074   0x00000008   Data   RW         1932    .data               RTX_CM4.lib(rt_task.o)
    0x2000007c   0x00000003   Data   RW         2006    .data               RTX_CM4.lib(rt_system.o)
    0x2000007f   0x00000001   PAD
    0x20000080   0x00000002   Data   RW         2251    .data               RTX_CM4.lib(rt_time.o)
    0x20000082   0x00000001   Data   RW         2360    .data               RTX_CM4.lib(hal_cm.o)
    0x20000083   0x00000001   PAD
    0x20000084   0x00000008   Data   RW         2408    .data               RTX_CM4.lib(rt_robin.o)
    0x2000008c   0x00000054   Zero   RW          555    .bss                master.o
    0x200000e0   0x00000054   Zero   RW          579    .bss                slave.o
    0x20000134   0x00000018   Zero   RW          612    .bss                wirelessdriver.o
    0x2000014c   0x00000030   Zero   RW         1931    .bss                RTX_CM4.lib(rt_task.o)
    0x2000017c   0x00000030   Zero   RW         2098    .bss                RTX_CM4.lib(rt_list.o)
    0x200001ac   0x00000004   PAD
    0x200001b0   0x00000400   Zero   RW          130    STACK               startup_stm32f4xx.o


==============================================================================

Image component sizes


      Code (inc. data)   RO Data    RW Data    ZI Data      Debug   Object Name

       184          0          0          0          0       1692   acc.o
       116         10          0          4          0       1008   button.o
       536         38          0          0          0       2652   dma.o
         0          0          0         20          0       3869   globals.o
       232          6          0          0          0       1649   led.o
       284         28         40          0          0     279064   main.o
       140          8          0          0         84        821   master.o
       228         22          0          0          0       3573   misc.o
        88          0          0          0          0       1173   moving_average_c.o
        24          6         88         16       6992       6440   rtx_conf_cm.o
       164          8          0          0         84       1335   slave.o
        36          8        392          0       1024        768   startup_stm32f4xx.o
       960         18          0          4          0       9412   stm32f4_discovery_lis302dl.o
       932         32          0          0          0      18965   stm32f4xx_dma.o
       604         36          0          0          0      10485   stm32f4xx_gpio.o
      1416         48          0         16          0      23899   stm32f4xx_rcc.o
      1012         22          0          0          0      14913   stm32f4xx_spi.o
      3234         60          0          0          0      42132   stm32f4xx_tim.o
       524         44          0         20          0     219687   system_stm32f4xx.o
       116          6          0          0          0        576   tim3.o
      1540         76          0         32         24       5748   wirelessdriver.o

    ----------------------------------------------------------------------
     12370        476        568        112       8208     649861   Object Totals
         0          0         48          0          0          0   (incl. Generated)
         0          0          0          0          0          0   (incl. Padding)

    ----------------------------------------------------------------------

      Code (inc. data)   RO Data    RW Data    ZI Data      Debug   Library Member Name

         4          4          0          0          0        132   SVC_Table.o
       220         24          0          1          0       3876   hal_cm.o
       372         32          0          0          0        616   hal_cm4.o
      1610        170          0          4          0      34861   rt_cmsis.o
       276         20          0          0          0       2550   rt_event.o
       496         30          0          0         48       6636   rt_list.o
       732         16          0          0          0       4695   rt_mailbox.o
       130          0          0          0          0       1837   rt_membox.o
       126          0          0          0          0       2159   rt_memory.o
        96         24          0          8          0       1042   rt_robin.o
       182          8          0          0          0       2810   rt_semaphore.o
       248         44          0          3          0       2066   rt_system.o
       864        154          0          8         48       7224   rt_task.o
         0          0          0          2          0        150   rt_time.o
       280         28          0          0          0        156   floor.o
         0          0          0          0          0          0   entry.o
         0          0          0          0          0          0   entry10a.o
         0          0          0          0          0          0   entry11a.o
         8          4          0          0          0          0   entry2.o
         4          0          0          0          0          0   entry5.o
         0          0          0          0          0          0   entry7b.o
         0          0          0          0          0          0   entry8b.o
        30          0          0          0          0          0   handlers.o
        36          8          0          0          0         68   init.o
         0          0          0          0          0          0   iusefp.o
        30          0          0          0          0         68   llshl.o
        36          0          0          0          0         68   llsshr.o
        32          0          0          0          0         68   llushr.o
        40          2          0          0          0         68   cdrcmple.o
       334          0          0          0          0        144   dadd.o
       190          0          0          0          0        176   depilogue.o
        50          0          0          0          0         76   dfixui.o
        38          0          0          0          0         68   f2d.o

    ----------------------------------------------------------------------
      6474        568          0         28        100      71614   Library Totals
        10          0          0          2          4          0   (incl. Padding)

    ----------------------------------------------------------------------

      Code (inc. data)   RO Data    RW Data    ZI Data      Debug   Library Name

      5356        526          0         26         96      70654   RTX_CM4.lib
       280         28          0          0          0        156   m_wm.l
       176         12          0          0          0        272   mc_w.l
       652          2          0          0          0        532   mf_w.l

    ----------------------------------------------------------------------
      6474        568          0         28        100      71614   Library Totals

    ----------------------------------------------------------------------

==============================================================================


      Code (inc. data)   RO Data    RW Data    ZI Data      Debug   

     18844       1044        568        140       8308     709063   Grand Totals
     18844       1044        568        140       8308     709063   ELF Image Totals
     18844       1044        568        140          0          0   ROM Totals

==============================================================================

    Total RO  Size (Code + RO Data)                19412 (  18.96kB)
    Total RW  Size (RW Data + ZI Data)              8448 (   8.25kB)
    Total ROM Size (Code + RO Data + RW Data)      19552 (  19.09kB)

==============================================================================

