<html>
<body>
<pre>
<h1>µVision Build Log</h1>
<h2>Project:</h2>
C:\Keil\Lab4\keil\rtx.uvproj
Project File Date:  03/14/2013

<h2>Output:</h2>
Build target 'Project'
compiling accMode.c...
..\accMode.c(19): warning:  #223-D: function "dma_init" declared implicitly
..\accMode.c(87): warning:  #223-D: function "printf" declared implicitly
..\accMode.c(104): warning:  #223-D: function "printf" declared implicitly
compiling DMA.c...
..\DMA.c(9): warning:  #177-D: variable "SPI_InitStructure" was declared but never referenced
linking...
Program Size: Code=17296 RO-data=624 RW-data=168 ZI-data=8152  
FromELF: creating hex file...
".\obj\output.axf" - 0 Error(s), 4 Warning(s).
Load "C:\\Keil\\Lab4\\keil\\obj\\output.AXF" 
Erase Done.
Programming Done.
Verify OK.
Build target 'Project'
compiling acc.c...
compiling DMA.c...
..\DMA.c(9): warning:  #177-D: variable "SPI_InitStructure" was declared but never referenced
linking...
Program Size: Code=17296 RO-data=624 RW-data=168 ZI-data=8152  
FromELF: creating hex file...
".\obj\output.axf" - 0 Error(s), 1 Warning(s).
Load "C:\\Keil\\Lab4\\keil\\obj\\output.AXF" 
Erase Done.
Programming Done.
Verify OK.
Load "C:\\Keil\\Lab4\\keil\\obj\\output.AXF" 
Erase Done.
Programming Done.
Verify OK.
Build target 'Project'
compiling accMode.c...
..\accMode.c(19): warning:  #223-D: function "dma_init" declared implicitly
..\accMode.c(90): warning:  #223-D: function "printf" declared implicitly
..\accMode.c(107): warning:  #223-D: function "printf" declared implicitly
linking...
Program Size: Code=17320 RO-data=624 RW-data=168 ZI-data=8152  
FromELF: creating hex file...
".\obj\output.axf" - 0 Error(s), 3 Warning(s).
Load "C:\\Keil\\Lab4\\keil\\obj\\output.AXF" 
Erase Done.
Programming Done.
Verify OK.
Build target 'Project'
compiling accMode.c...
..\accMode.c(19): warning:  #223-D: function "dma_init" declared implicitly
..\accMode.c(90): warning:  #223-D: function "printf" declared implicitly
..\accMode.c(107): warning:  #223-D: function "printf" declared implicitly
linking...
Program Size: Code=17304 RO-data=624 RW-data=168 ZI-data=8152  
FromELF: creating hex file...
".\obj\output.axf" - 0 Error(s), 3 Warning(s).
Load "C:\\Keil\\Lab4\\keil\\obj\\output.AXF" 
Erase Done.
Programming Done.
Verify OK.
Build target 'Project'
compiling accMode.c...
..\accMode.c(19): warning:  #223-D: function "dma_init" declared implicitly
..\accMode.c(90): warning:  #223-D: function "printf" declared implicitly
..\accMode.c(107): warning:  #223-D: function "printf" declared implicitly
linking...
Program Size: Code=17312 RO-data=624 RW-data=168 ZI-data=8152  
FromELF: creating hex file...
".\obj\output.axf" - 0 Error(s), 3 Warning(s).
Load "C:\\Keil\\Lab4\\keil\\obj\\output.AXF" 
Erase Done.
Programming Done.
Verify OK.
Build target 'Project'
compiling accMode.c...
..\accMode.c(19): warning:  #223-D: function "dma_init" declared implicitly
..\accMode.c(90): warning:  #223-D: function "printf" declared implicitly
..\accMode.c(107): warning:  #223-D: function "printf" declared implicitly
linking...
Program Size: Code=17312 RO-data=624 RW-data=168 ZI-data=8152  
FromELF: creating hex file...
".\obj\output.axf" - 0 Error(s), 3 Warning(s).
Load "C:\\Keil\\Lab4\\keil\\obj\\output.AXF" 
Erase Done.
Programming Done.
Verify OK.
Build target 'Project'
compiling accMode.c...
..\accMode.c(19): warning:  #223-D: function "dma_init" declared implicitly
..\accMode.c(92): warning:  #223-D: function "printf" declared implicitly
..\accMode.c(109): warning:  #223-D: function "printf" declared implicitly
compiling DMA.c...
..\DMA.c(9): warning:  #177-D: variable "SPI_InitStructure" was declared but never referenced
linking...
Program Size: Code=17296 RO-data=624 RW-data=168 ZI-data=8152  
FromELF: creating hex file...
".\obj\output.axf" - 0 Error(s), 4 Warning(s).
Build target 'Project'
compiling DMA.c...
linking...
Program Size: Code=17296 RO-data=624 RW-data=168 ZI-data=8152  
FromELF: creating hex file...
".\obj\output.axf" - 0 Error(s), 0 Warning(s).
Load "C:\\Keil\\Lab4\\keil\\obj\\output.AXF" 
Erase Done.
Programming Done.
Verify OK.
Build target 'Project'
compiling accMode.c...
..\accMode.c(18): warning:  #223-D: function "dma_init" declared implicitly
..\accMode.c(91): warning:  #223-D: function "printf" declared implicitly
..\accMode.c(108): warning:  #223-D: function "printf" declared implicitly
compiling DMA.c...
linking...
Program Size: Code=17280 RO-data=624 RW-data=164 ZI-data=8156  
FromELF: creating hex file...
".\obj\output.axf" - 0 Error(s), 3 Warning(s).
Load "C:\\Keil\\Lab4\\keil\\obj\\output.AXF" 
Erase Done.
Programming Done.
Verify OK.
Build target 'Project'
compiling main.c...
../main.c(68): warning:  #223-D: function "printf" declared implicitly
compiling acc.c...
..\acc.c(102): error:  #20: identifier "i" is undefined
compiling accMode.c...
..\accMode.c(14): warning:  #223-D: function "dma_init" declared implicitly
..\accMode.c(87): warning:  #223-D: function "printf" declared implicitly
..\accMode.c(93): warning:  #223-D: function "moving_average_c" declared implicitly
..\accMode.c(93): error:  #20: identifier "filterState1" is undefined
..\accMode.c(94): error:  #20: identifier "filterState2" is undefined
..\accMode.c(95): error:  #20: identifier "filterState3" is undefined
..\accMode.c(107): warning:  #223-D: function "printf" declared implicitly
compiling DMA.c...
Target not created
Build target 'Project'
compiling acc.c...
..\acc.c(102): error:  #20: identifier "i" is undefined
compiling accMode.c...
..\accMode.c(15): warning:  #223-D: function "dma_init" declared implicitly
..\accMode.c(47): warning:  #177-D: variable "filterState1" was declared but never referenced
..\accMode.c(47): warning:  #177-D: variable "filterState2" was declared but never referenced
..\accMode.c(47): warning:  #177-D: variable "filterState3" was declared but never referenced
..\accMode.c(90): warning:  #223-D: function "printf" declared implicitly
..\accMode.c(96): warning:  #223-D: function "moving_average_c" declared implicitly
..\accMode.c(96): error:  #20: identifier "filterState1" is undefined
..\accMode.c(97): error:  #20: identifier "filterState2" is undefined
..\accMode.c(98): error:  #20: identifier "filterState3" is undefined
..\accMode.c(110): warning:  #223-D: function "printf" declared implicitly
compiling DMA.c...
Target not created
Build target 'Project'
compiling acc.c...
..\acc.c(102): error:  #20: identifier "i" is undefined
compiling accMode.c...
..\accMode.c(15): warning:  #223-D: function "dma_init" declared implicitly
..\accMode.c(91): warning:  #223-D: function "printf" declared implicitly
..\accMode.c(97): warning:  #223-D: function "moving_average_c" declared implicitly
..\accMode.c(111): warning:  #223-D: function "printf" declared implicitly
Target not created
Build target 'Project'
compiling acc.c...
linking...
.\obj\output.axf: Error: L6218E: Undefined symbol moving_average_c (referred from accmode.o).
Target not created
Rebuild target 'Project'
compiling system_stm32f4xx.c...
assembling startup_stm32f4xx.s...
compiling RTX_Conf_CM.c...
compiling main.c...
../main.c(68): warning:  #223-D: function "printf" declared implicitly
compiling acc.c...
compiling ADC.c...
compiling button.c...
compiling fputc_debug.c...
compiling LED.c...
compiling moving_average_c.c...
compiling stm32f4_discovery_lis302dl.c...
compiling tempMode.c...
..\tempMode.c(79): warning:  #223-D: function "printf" declared implicitly
compiling accMode.c...
..\accMode.c(15): warning:  #223-D: function "dma_init" declared implicitly
..\accMode.c(91): warning:  #223-D: function "printf" declared implicitly
..\accMode.c(97): warning:  #223-D: function "moving_average_c" declared implicitly
..\accMode.c(111): warning:  #223-D: function "printf" declared implicitly
compiling DMA.c...
compiling misc.c...
compiling stm32f4xx_adc.c...
compiling stm32f4xx_can.c...
compiling stm32f4xx_crc.c...
compiling stm32f4xx_cryp.c...
compiling stm32f4xx_cryp_aes.c...
compiling stm32f4xx_cryp_des.c...
compiling stm32f4xx_cryp_tdes.c...
compiling stm32f4xx_dac.c...
compiling stm32f4xx_dbgmcu.c...
compiling stm32f4xx_dcmi.c...
compiling stm32f4xx_dma.c...
compiling stm32f4xx_exti.c...
compiling stm32f4xx_flash.c...
compiling stm32f4xx_fsmc.c...
compiling stm32f4xx_gpio.c...
compiling stm32f4xx_hash.c...
compiling stm32f4xx_hash_md5.c...
compiling stm32f4xx_hash_sha1.c...
compiling stm32f4xx_i2c.c...
compiling stm32f4xx_iwdg.c...
compiling stm32f4xx_pwr.c...
compiling stm32f4xx_rcc.c...
compiling stm32f4xx_rng.c...
compiling stm32f4xx_rtc.c...
compiling stm32f4xx_sdio.c...
compiling stm32f4xx_spi.c...
compiling stm32f4xx_syscfg.c...
compiling stm32f4xx_tim.c...
compiling stm32f4xx_usart.c...
compiling stm32f4xx_wwdg.c...
linking...
.\obj\output.axf: Error: L6218E: Undefined symbol moving_average_c (referred from accmode.o).
Target not created
Build target 'Project'
compiling main.c...
../main.c(68): warning:  #223-D: function "printf" declared implicitly
compiling accMode.c...
..\accMode.c(15): warning:  #223-D: function "dma_init" declared implicitly
..\accMode.c(91): warning:  #223-D: function "printf" declared implicitly
..\accMode.c(111): warning:  #223-D: function "printf" declared implicitly
..\accMode.c(86): warning:  #177-D: variable "filterState1" was declared but never referenced
..\accMode.c(86): warning:  #177-D: variable "filterState2" was declared but never referenced
..\accMode.c(86): warning:  #177-D: variable "filterState3" was declared but never referenced
linking...
Program Size: Code=17304 RO-data=624 RW-data=164 ZI-data=8236  
FromELF: creating hex file...
".\obj\output.axf" - 0 Error(s), 7 Warning(s).
Build target 'Project'
compiling tempMode.c...
..\tempMode.c(80): warning:  #223-D: function "printf" declared implicitly
compiling accMode.c...
..\accMode.c(15): warning:  #223-D: function "dma_init" declared implicitly
..\accMode.c(30): error:  #20: identifier "PI" is undefined
..\accMode.c(43): warning:  #223-D: function "printf" declared implicitly
..\accMode.c(118): warning:  #223-D: function "printf" declared implicitly
..\accMode.c(138): warning:  #223-D: function "printf" declared implicitly
..\accMode.c(113): warning:  #177-D: variable "filterState1" was declared but never referenced
..\accMode.c(113): warning:  #177-D: variable "filterState2" was declared but never referenced
..\accMode.c(113): warning:  #177-D: variable "filterState3" was declared but never referenced
Target not created
Build target 'Project'
compiling accMode.c...
..\accMode.c(16): warning:  #223-D: function "dma_init" declared implicitly
..\accMode.c(44): warning:  #223-D: function "printf" declared implicitly
..\accMode.c(119): warning:  #223-D: function "printf" declared implicitly
..\accMode.c(139): warning:  #223-D: function "printf" declared implicitly
..\accMode.c(114): warning:  #177-D: variable "filterState1" was declared but never referenced
..\accMode.c(114): warning:  #177-D: variable "filterState2" was declared but never referenced
..\accMode.c(114): warning:  #177-D: variable "filterState3" was declared but never referenced
linking...
Program Size: Code=21992 RO-data=784 RW-data=164 ZI-data=8236  
FromELF: creating hex file...
".\obj\output.axf" - 0 Error(s), 7 Warning(s).
Load "C:\\Keil\\Lab4\\keil\\obj\\output.AXF" 
Erase Done.
Programming Done.
Verify OK.
