ARM Linker, 5.02 [Build 28] [MDK-ARM Standard]

==============================================================================

Section Cross References

    system_stm32f4xx.o(.text) refers to system_stm32f4xx.o(.data) for SystemCoreClock
    startup_stm32f4xx.o(RESET) refers to startup_stm32f4xx.o(STACK) for __initial_sp
    startup_stm32f4xx.o(RESET) refers to startup_stm32f4xx.o(.text) for Reset_Handler
    startup_stm32f4xx.o(RESET) refers to hal_cm4.o(.emb_text) for SVC_Handler
    startup_stm32f4xx.o(RESET) refers to wireless.o(.text) for TIM3_IRQHandler
    startup_stm32f4xx.o(RESET) refers to audiodriver.o(.text) for DMA1_Stream7_IRQHandler
    startup_stm32f4xx.o(RESET) refers to dma.o(.text) for DMA2_Stream0_IRQHandler
    startup_stm32f4xx.o(.text) refers to system_stm32f4xx.o(.text) for SystemInit
    startup_stm32f4xx.o(.text) refers to entry.o(.ARM.Collect$$$$00000000) for __main
    rtx_conf_cm.o(.ARM.Collect$$$$000000FF) refers to rt_cmsis.o(i.osKernelStart) for osKernelStart
    rtx_conf_cm.o(.ARM.Collect$$$$000000FF) refers to rtx_conf_cm.o(.constdata) for .constdata
    rtx_conf_cm.o(.constdata) refers to rt_cmsis.o(i.osTimerThread) for osTimerThread
    rtx_conf_cm.o(.constdata) refers to rtx_conf_cm.o(.bss) for os_messageQ_q_osTimerMessageQ
    rtx_conf_cm.o(.constdata) refers to main.o(.text) for main
    main.o(.text) refers to keypad.o(.text) for keyInit
    main.o(.text) refers to dsp.o(.text) for dspInit
    main.o(.text) refers to led.o(.text) for LED_init
    main.o(.text) refers to lcd.o(.text) for lcdInit
    main.o(.text) refers to rt_cmsis.o(i.osThreadGetId) for osThreadGetId
    main.o(.text) refers to audiodriver.o(.text) for Audio_MAL_Init
    main.o(.text) refers to rt_cmsis.o(i.osThreadCreate) for osThreadCreate
    main.o(.text) refers to rt_cmsis.o(i.osSignalWait) for osSignalWait
    main.o(.text) refers to wireless.o(.text) for wirelessGetBeta
    main.o(.text) refers to rt_cmsis.o(i.osSignalSet) for osSignalSet
    main.o(.text) refers to main.o(.constdata) for os_thread_def_lcdThread
    main.o(.constdata) refers to wireless.o(.text) for wirelessThread
    main.o(.constdata) refers to lcd.o(.text) for lcdThread
    dsp.o(.text) refers to dflti.o(.text) for __aeabi_i2d
    dsp.o(.text) refers to dmul.o(.text) for __aeabi_dmul
    dsp.o(.text) refers to ddiv.o(.text) for __aeabi_ddiv
    dsp.o(.text) refers to sin.o(i.__hardfp_sin) for __hardfp_sin
    dsp.o(.text) refers to d2f.o(.text) for __aeabi_d2f
    dsp.o(.text) refers to f2d.o(.text) for __aeabi_f2d
    dsp.o(.text) refers to dfixi.o(.text) for __aeabi_d2iz
    dsp.o(.text) refers to dadd.o(.text) for __aeabi_dadd
    dsp.o(.text) refers to dfixui.o(.text) for __aeabi_d2uiz
    dsp.o(.text) refers to dsp.o(.bss) for SineWave
    dsp.o(.text) refers to dsp.o(.data) for d
    dsp.o(.text) refers to cos.o(i.__hardfp_cos) for __hardfp_cos
    keypad.o(.text) refers to stm32f4xx_gpio.o(.text) for GPIO_Init
    keypad.o(.text) refers to stm32f4xx_rcc.o(.text) for RCC_AHB1PeriphClockCmd
    keypad.o(.text) refers to keypad.o(.data) for inputState
    lcd.o(.text) refers to rt_cmsis.o(i.osDelay) for osDelay
    lcd.o(.text) refers to stm32f4xx_gpio.o(.text) for GPIO_SetBits
    lcd.o(.text) refers to strlen.o(.text) for strlen
    lcd.o(.text) refers to rt_cmsis.o(i.osSignalWait) for osSignalWait
    lcd.o(.text) refers to printf1.o(i.__0snprintf$1) for __2snprintf
    lcd.o(.text) refers to stm32f4xx_rcc.o(.text) for RCC_AHB1PeriphClockCmd
    lcd.o(.text) refers to lcd.o(.data) for LCD_column
    led.o(.text) refers to stm32f4xx_rcc.o(.text) for RCC_AHB1PeriphClockCmd
    led.o(.text) refers to stm32f4xx_gpio.o(.text) for GPIO_Init
    tim3.o(.text) refers to stm32f4xx_rcc.o(.text) for RCC_GetClocksFreq
    tim3.o(.text) refers to stm32f4xx_tim.o(.text) for TIM_TimeBaseInit
    tim3.o(.text) refers to misc.o(.text) for NVIC_Init
    wireless.o(.text) refers to stm32f4xx_tim.o(.text) for TIM_ClearITPendingBit
    wireless.o(.text) refers to rt_cmsis.o(i.osSignalSet) for osSignalSet
    wireless.o(.text) refers to rt_cmsis.o(i.osThreadGetId) for osThreadGetId
    wireless.o(.text) refers to dma.o(.text) for dma_init
    wireless.o(.text) refers to tim3.o(.text) for TIM3_Init
    wireless.o(.text) refers to wirelessdriver.o(.text) for RF2500_Init
    wireless.o(.text) refers to rt_cmsis.o(i.osSemaphoreCreate) for osSemaphoreCreate
    wireless.o(.text) refers to rt_cmsis.o(i.osSignalWait) for osSignalWait
    wireless.o(.text) refers to rt_cmsis.o(i.osSemaphoreWait) for osSemaphoreWait
    wireless.o(.text) refers to rt_cmsis.o(i.osSemaphoreRelease) for osSemaphoreRelease
    wireless.o(.text) refers to wireless.o(.data) for wireless_ID
    wireless.o(.text) refers to wireless.o(.constdata) for os_semaphore_def_anglesSema
    wireless.o(.constdata) refers to wireless.o(.data) for os_semaphore_cb_anglesSema
    wirelessdriver.o(.text) refers to f2d.o(.text) for __aeabi_f2d
[...]
    _printf_l                                0x00000000   Number         0  stubs.o ABSOLUTE
    _printf_lc                               0x00000000   Number         0  stubs.o ABSOLUTE
    _printf_ll                               0x00000000   Number         0  stubs.o ABSOLUTE
    _printf_lld                              0x00000000   Number         0  stubs.o ABSOLUTE
    _printf_lli                              0x00000000   Number         0  stubs.o ABSOLUTE
    _printf_llo                              0x00000000   Number         0  stubs.o ABSOLUTE
    _printf_llu                              0x00000000   Number         0  stubs.o ABSOLUTE
    _printf_llx                              0x00000000   Number         0  stubs.o ABSOLUTE
    _printf_longlong_dec                     0x00000000   Number         0  stubs.o ABSOLUTE
    _printf_longlong_hex                     0x00000000   Number         0  stubs.o ABSOLUTE
    _printf_longlong_oct                     0x00000000   Number         0  stubs.o ABSOLUTE
    _printf_ls                               0x00000000   Number         0  stubs.o ABSOLUTE
    _printf_mbtowc                           0x00000000   Number         0  stubs.o ABSOLUTE
    _printf_n                                0x00000000   Number         0  stubs.o ABSOLUTE
    _printf_o                                0x00000000   Number         0  stubs.o ABSOLUTE
    _printf_p                                0x00000000   Number         0  stubs.o ABSOLUTE
    _printf_percent                          0x00000000   Number         0  stubs.o ABSOLUTE
    _printf_pre_padding                      0x00000000   Number         0  stubs.o ABSOLUTE
    _printf_return_value                     0x00000000   Number         0  stubs.o ABSOLUTE
    _printf_s                                0x00000000   Number         0  stubs.o ABSOLUTE
    _printf_sizespec                         0x00000000   Number         0  stubs.o ABSOLUTE
    _printf_str                              0x00000000   Number         0  stubs.o ABSOLUTE
    _printf_truncate_signed                  0x00000000   Number         0  stubs.o ABSOLUTE
    _printf_truncate_unsigned                0x00000000   Number         0  stubs.o ABSOLUTE
    _printf_u                                0x00000000   Number         0  stubs.o ABSOLUTE
    _printf_wc                               0x00000000   Number         0  stubs.o ABSOLUTE
    _printf_wctomb                           0x00000000   Number         0  stubs.o ABSOLUTE
    _printf_widthprec                        0x00000000   Number         0  stubs.o ABSOLUTE
    _printf_x                                0x00000000   Number         0  stubs.o ABSOLUTE
    __decompress                              - Undefined Weak Reference
    _clock_init                               - Undefined Weak Reference
    __Vectors_Size                           0x00000188   Number         0  startup_stm32f4xx.o ABSOLUTE
    __RL_RTX_VER                             0x00000422   Number         0  rt_system.o ABSOLUTE
    __Vectors                                0x08000000   Data           4  startup_stm32f4xx.o(RESET)
    __Vectors_End                            0x08000188   Data           0  startup_stm32f4xx.o(RESET)
    __main                                   0x08000189   Thumb Code     0  entry.o(.ARM.Collect$$$$00000000)
    _main_stk                                0x08000189   Thumb Code     0  entry2.o(.ARM.Collect$$$$00000001)
    _main_scatterload                        0x0800018d   Thumb Code     0  entry5.o(.ARM.Collect$$$$00000004)
    __main_after_scatterload                 0x08000191   Thumb Code     0  entry5.o(.ARM.Collect$$$$00000004)
    _main_clock                              0x08000191   Thumb Code     0  entry7b.o(.ARM.Collect$$$$00000008)
    _main_init                               0x08000191   Thumb Code    10  rtx_conf_cm.o(.ARM.Collect$$$$000000FF)
    rt_set_PSP                               0x080001a5   Thumb Code     6  hal_cm4.o(.emb_text)
    os_set_env                               0x080001ab   Thumb Code    26  hal_cm4.o(.emb_text)
    _alloc_box                               0x080001c9   Thumb Code    28  hal_cm4.o(.emb_text)
    _free_box                                0x080001e9   Thumb Code    28  hal_cm4.o(.emb_text)
    SVC_Handler                              0x08000209   Thumb Code   152  hal_cm4.o(.emb_text)
    PendSV_Handler                           0x080002ad   Thumb Code     0  hal_cm4.o(.emb_text)
    Sys_Handler                              0x080002ad   Thumb Code   104  hal_cm4.o(.emb_text)
    SysTick_Handler                          0x0800030d   Thumb Code     0  hal_cm4.o(.emb_text)
    SystemInit                               0x0800040f   Thumb Code    88  system_stm32f4xx.o(.text)
    SystemCoreClockUpdate                    0x08000467   Thumb Code   174  system_stm32f4xx.o(.text)
    Reset_Handler                            0x08000545   Thumb Code     8  startup_stm32f4xx.o(.text)
    NMI_Handler                              0x0800054d   Thumb Code     2  startup_stm32f4xx.o(.text)
    HardFault_Handler                        0x0800054f   Thumb Code     2  startup_stm32f4xx.o(.text)
    MemManage_Handler                        0x08000551   Thumb Code     2  startup_stm32f4xx.o(.text)
    BusFault_Handler                         0x08000553   Thumb Code     2  startup_stm32f4xx.o(.text)
    UsageFault_Handler                       0x08000555   Thumb Code     2  startup_stm32f4xx.o(.text)
    DebugMon_Handler                         0x08000559   Thumb Code     2  startup_stm32f4xx.o(.text)
    ADC_IRQHandler                           0x0800055f   Thumb Code     0  startup_stm32f4xx.o(.text)
    CAN1_RX0_IRQHandler                      0x0800055f   Thumb Code     0  startup_stm32f4xx.o(.text)
    CAN1_RX1_IRQHandler                      0x0800055f   Thumb Code     0  startup_stm32f4xx.o(.text)
    CAN1_SCE_IRQHandler                      0x0800055f   Thumb Code     0  startup_stm32f4xx.o(.text)
    CAN1_TX_IRQHandler                       0x0800055f   Thumb Code     0  startup_stm32f4xx.o(.text)
    CAN2_RX0_IRQHandler                      0x0800055f   Thumb Code     0  startup_stm32f4xx.o(.text)
    CAN2_RX1_IRQHandler                      0x0800055f   Thumb Code     0  startup_stm32f4xx.o(.text)
    CAN2_SCE_IRQHandler                      0x0800055f   Thumb Code     0  startup_stm32f4xx.o(.text)
    CAN2_TX_IRQHandler                       0x0800055f   Thumb Code     0  startup_stm32f4xx.o(.text)
    CRYP_IRQHandler                          0x0800055f   Thumb Code     0  startup_stm32f4xx.o(.text)
    DCMI_IRQHandler                          0x0800055f   Thumb Code     0  startup_stm32f4xx.o(.text)
    DMA1_Stream0_IRQHandler                  0x0800055f   Thumb Code     0  startup_stm32f4xx.o(.text)
    DMA1_Stream1_IRQHandler                  0x0800055f   Thumb Code     0  startup_stm32f4xx.o(.text)
    DMA1_Stream2_IRQHandler                  0x0800055f   Thumb Code     0  startup_stm32f4xx.o(.text)
    DMA1_Stream3_IRQHandler                  0x0800055f   Thumb Code     0  startup_stm32f4xx.o(.text)
    DMA1_Stream4_IRQHandler                  0x0800055f   Thumb Code     0  startup_stm32f4xx.o(.text)
    DMA1_Stream5_IRQHandler                  0x0800055f   Thumb Code     0  startup_stm32f4xx.o(.text)
    DMA1_Stream6_IRQHandler                  0x0800055f   Thumb Code     0  startup_stm32f4xx.o(.text)
    DMA2_Stream1_IRQHandler                  0x0800055f   Thumb Code     0  startup_stm32f4xx.o(.text)
    DMA2_Stream2_IRQHandler                  0x0800055f   Thumb Code     0  startup_stm32f4xx.o(.text)
    DMA2_Stream3_IRQHandler                  0x0800055f   Thumb Code     0  startup_stm32f4xx.o(.text)
    DMA2_Stream4_IRQHandler                  0x0800055f   Thumb Code     0  startup_stm32f4xx.o(.text)
    DMA2_Stream5_IRQHandler                  0x0800055f   Thumb Code     0  startup_stm32f4xx.o(.text)
    DMA2_Stream6_IRQHandler                  0x0800055f   Thumb Code     0  startup_stm32f4xx.o(.text)
    DMA2_Stream7_IRQHandler                  0x0800055f   Thumb Code     0  startup_stm32f4xx.o(.text)
    ETH_IRQHandler                           0x0800055f   Thumb Code     0  startup_stm32f4xx.o(.text)
    ETH_WKUP_IRQHandler                      0x0800055f   Thumb Code     0  startup_stm32f4xx.o(.text)
    EXTI0_IRQHandler                         0x0800055f   Thumb Code     0  startup_stm32f4xx.o(.text)
    EXTI15_10_IRQHandler                     0x0800055f   Thumb Code     0  startup_stm32f4xx.o(.text)
    EXTI1_IRQHandler                         0x0800055f   Thumb Code     0  startup_stm32f4xx.o(.text)
    EXTI2_IRQHandler                         0x0800055f   Thumb Code     0  startup_stm32f4xx.o(.text)
    EXTI3_IRQHandler                         0x0800055f   Thumb Code     0  startup_stm32f4xx.o(.text)
    EXTI4_IRQHandler                         0x0800055f   Thumb Code     0  startup_stm32f4xx.o(.text)
    EXTI9_5_IRQHandler                       0x0800055f   Thumb Code     0  startup_stm32f4xx.o(.text)
    FLASH_IRQHandler                         0x0800055f   Thumb Code     0  startup_stm32f4xx.o(.text)
    FPU_IRQHandler                           0x0800055f   Thumb Code     0  startup_stm32f4xx.o(.text)
    FSMC_IRQHandler                          0x0800055f   Thumb Code     0  startup_stm32f4xx.o(.text)
    HASH_RNG_IRQHandler                      0x0800055f   Thumb Code     0  startup_stm32f4xx.o(.text)
    I2C1_ER_IRQHandler                       0x0800055f   Thumb Code     0  startup_stm32f4xx.o(.text)
    I2C1_EV_IRQHandler                       0x0800055f   Thumb Code     0  startup_stm32f4xx.o(.text)
    I2C2_ER_IRQHandler                       0x0800055f   Thumb Code     0  startup_stm32f4xx.o(.text)
    I2C2_EV_IRQHandler                       0x0800055f   Thumb Code     0  startup_stm32f4xx.o(.text)
    I2C3_ER_IRQHandler                       0x0800055f   Thumb Code     0  startup_stm32f4xx.o(.text)
    I2C3_EV_IRQHandler                       0x0800055f   Thumb Code     0  startup_stm32f4xx.o(.text)
    OTG_FS_IRQHandler                        0x0800055f   Thumb Code     0  startup_stm32f4xx.o(.text)
    OTG_FS_WKUP_IRQHandler                   0x0800055f   Thumb Code     0  startup_stm32f4xx.o(.text)
    OTG_HS_EP1_IN_IRQHandler                 0x0800055f   Thumb Code     0  startup_stm32f4xx.o(.text)
    OTG_HS_EP1_OUT_IRQHandler                0x0800055f   Thumb Code     0  startup_stm32f4xx.o(.text)
    OTG_HS_IRQHandler                        0x0800055f   Thumb Code     0  startup_stm32f4xx.o(.text)
    OTG_HS_WKUP_IRQHandler                   0x0800055f   Thumb Code     0  startup_stm32f4xx.o(.text)
    PVD_IRQHandler                           0x0800055f   Thumb Code     0  startup_stm32f4xx.o(.text)
    RCC_IRQHandler                           0x0800055f   Thumb Code     0  startup_stm32f4xx.o(.text)
    RTC_Alarm_IRQHandler                     0x0800055f   Thumb Code     0  startup_stm32f4xx.o(.text)
    RTC_WKUP_IRQHandler                      0x0800055f   Thumb Code     0  startup_stm32f4xx.o(.text)
    SDIO_IRQHandler                          0x0800055f   Thumb Code     0  startup_stm32f4xx.o(.text)
    SPI1_IRQHandler                          0x0800055f   Thumb Code     0  startup_stm32f4xx.o(.text)
    SPI2_IRQHandler                          0x0800055f   Thumb Code     0  startup_stm32f4xx.o(.text)
    SPI3_IRQHandler                          0x0800055f   Thumb Code     0  startup_stm32f4xx.o(.text)
    TAMP_STAMP_IRQHandler                    0x0800055f   Thumb Code     0  startup_stm32f4xx.o(.text)
    TIM1_BRK_TIM9_IRQHandler                 0x0800055f   Thumb Code     0  startup_stm32f4xx.o(.text)
    TIM1_CC_IRQHandler                       0x0800055f   Thumb Code     0  startup_stm32f4xx.o(.text)
    TIM1_TRG_COM_TIM11_IRQHandler            0x0800055f   Thumb Code     0  startup_stm32f4xx.o(.text)
    TIM1_UP_TIM10_IRQHandler                 0x0800055f   Thumb Code     0  startup_stm32f4xx.o(.text)
    TIM2_IRQHandler                          0x0800055f   Thumb Code     0  startup_stm32f4xx.o(.text)
    TIM4_IRQHandler                          0x0800055f   Thumb Code     0  startup_stm32f4xx.o(.text)
    TIM5_IRQHandler                          0x0800055f   Thumb Code     0  startup_stm32f4xx.o(.text)
    TIM6_DAC_IRQHandler                      0x0800055f   Thumb Code     0  startup_stm32f4xx.o(.text)
    TIM7_IRQHandler                          0x0800055f   Thumb Code     0  startup_stm32f4xx.o(.text)
    TIM8_BRK_TIM12_IRQHandler                0x0800055f   Thumb Code     0  startup_stm32f4xx.o(.text)
    TIM8_CC_IRQHandler                       0x0800055f   Thumb Code     0  startup_stm32f4xx.o(.text)
    TIM8_TRG_COM_TIM14_IRQHandler            0x0800055f   Thumb Code     0  startup_stm32f4xx.o(.text)
    TIM8_UP_TIM13_IRQHandler                 0x0800055f   Thumb Code     0  startup_stm32f4xx.o(.text)
    UART4_IRQHandler                         0x0800055f   Thumb Code     0  startup_stm32f4xx.o(.text)
    UART5_IRQHandler                         0x0800055f   Thumb Code     0  startup_stm32f4xx.o(.text)
    USART1_IRQHandler                        0x0800055f   Thumb Code     0  startup_stm32f4xx.o(.text)
    USART2_IRQHandler                        0x0800055f   Thumb Code     0  startup_stm32f4xx.o(.text)
    USART3_IRQHandler                        0x0800055f   Thumb Code     0  startup_stm32f4xx.o(.text)
    USART6_IRQHandler                        0x0800055f   Thumb Code     0  startup_stm32f4xx.o(.text)
    WWDG_IRQHandler                          0x0800055f   Thumb Code     0  startup_stm32f4xx.o(.text)
    os_idle_demon                            0x08000569   Thumb Code     4  rtx_conf_cm.o(.text)
    os_error                                 0x0800056d   Thumb Code     4  rtx_conf_cm.o(.text)
    toggle                                   0x08000571   Thumb Code    12  main.o(.text)
    main                                     0x0800057d   Thumb Code   304  main.o(.text)
    dspInit                                  0x080006b1   Thumb Code   188  dsp.o(.text)
    FreqToIncrement                          0x0800076d   Thumb Code   124  dsp.o(.text)
    KeyToFreq                                0x080007e9   Thumb Code    96  dsp.o(.text)
    FMSynthesis                              0x08000849   Thumb Code   382  dsp.o(.text)
    FloatToAudio                             0x080009c7   Thumb Code   174  dsp.o(.text)
    Distortion                               0x08000a75   Thumb Code   192  dsp.o(.text)
    dspCreateWaveform                        0x08000b35   Thumb Code   538  dsp.o(.text)
    LPFR                                     0x08000d4f   Thumb Code   238  dsp.o(.text)
    keypad_GPIO_Row                          0x08000e85   Thumb Code   170  keypad.o(.text)
    keypad_GPIO_Col                          0x08000f2f   Thumb Code   168  keypad.o(.text)
    keyInit                                  0x08000fd7   Thumb Code    30  keypad.o(.text)
    isKeyPressed                             0x08000ff5   Thumb Code    56  keypad.o(.text)
    swapKeyFunction                          0x0800102d   Thumb Code    32  keypad.o(.text)
    convertToKeyNumber                       0x0800104d   Thumb Code    32  keypad.o(.text)
    keyGetPushed                             0x0800106d   Thumb Code   160  keypad.o(.text)
    LCD_IncrementCursorVariables             0x08001125   Thumb Code    62  lcd.o(.text)
    LCD_writeData                            0x08001163   Thumb Code    78  lcd.o(.text)
    LCD_WriteString                          0x080011b1   Thumb Code    46  lcd.o(.text)
    LCD_SetCursor                            0x080011df   Thumb Code    92  lcd.o(.text)
    lcdThread                                0x0800123b   Thumb Code   172  lcd.o(.text)
    LCD_ConfigurePort                        0x080012e7   Thumb Code    44  lcd.o(.text)
    LCD_Clear                                0x08001313   Thumb Code    42  lcd.o(.text)
    lcdInit                                  0x0800133d   Thumb Code    58  lcd.o(.text)
    lcdPrint                                 0x08001377   Thumb Code    26  lcd.o(.text)
    LCD_Delay                                0x08001391   Thumb Code    12  lcd.o(.text)
    LED_set                                  0x08001401   Thumb Code   140  led.o(.text)
    LED_set_ar                               0x0800148d   Thumb Code    18  led.o(.text)
    LED_setAll                               0x0800149f   Thumb Code    18  led.o(.text)
    LED_init                                 0x080014b1   Thumb Code    50  led.o(.text)
    TIM3_Init                                0x080014e9   Thumb Code   114  tim3.o(.text)
    TIM3_IRQHandler                          0x08001561   Thumb Code    22  wireless.o(.text)
    wirelessInit                             0x08001577   Thumb Code    26  wireless.o(.text)
    wirelessThread                           0x08001591   Thumb Code    86  wireless.o(.text)
    wirelessGetAlpha                         0x080015e7   Thumb Code    30  wireless.o(.text)
    wirelessGetBeta                          0x08001605   Thumb Code    30  wireless.o(.text)
    RF2500_TIMEOUT_UserCallback              0x0800163d   Thumb Code     4  wirelessdriver.o(.text)
    delay                                    0x08001641   Thumb Code    12  wirelessdriver.o(.text)
    byteToDegrees                            0x0800164d   Thumb Code    78  wirelessdriver.o(.text)
    degreesToByte                            0x0800169b   Thumb Code    88  wirelessdriver.o(.text)
    RF2500_CheckRegister                     0x080016f3   Thumb Code    42  wirelessdriver.o(.text)
    RF2500_CheckRegisters                    0x0800171d   Thumb Code   384  wirelessdriver.o(.text)
    RF2500_WriteRegister                     0x0800189d   Thumb Code    24  wirelessdriver.o(.text)
    RF2500_WriteRegisters                    0x080018b5   Thumb Code   288  wirelessdriver.o(.text)
    RF2500_Strobe                            0x080019d5   Thumb Code    30  wirelessdriver.o(.text)
    RF2500_LowLevel_Init                     0x080019f3   Thumb Code    50  wirelessdriver.o(.text)
    RF2500_Init                              0x08001a25   Thumb Code     8  wirelessdriver.o(.text)
    initRF2500                               0x08001a2d   Thumb Code     8  wirelessdriver.o(.text)
    RF2500_Write                             0x08001a35   Thumb Code    80  wirelessdriver.o(.text)
    RF2500_Read                              0x08001a85   Thumb Code    58  wirelessdriver.o(.text)
    RF2500_GetFifoSize                       0x08001abf   Thumb Code    24  wirelessdriver.o(.text)
    RF2500_GetCurrentState                   0x08001ad7   Thumb Code    14  wirelessdriver.o(.text)
    receiveAccelData                         0x08001ae5   Thumb Code    64  wirelessdriver.o(.text)
    transmitAccelData                        0x08001b25   Thumb Code    34  wirelessdriver.o(.text)
    DMA2_Stream0_IRQHandler                  0x08001b55   Thumb Code    58  dma.o(.text)
    SPI_DMA_xfer                             0x08001b8f   Thumb Code   126  dma.o(.text)
    SPI_DMA_simple                           0x08001c0d   Thumb Code    54  dma.o(.text)
    dma_init                                 0x08001c43   Thumb Code   270  dma.o(.text)
    EVAL_AUDIO_SetAudioInterface             0x08001d7d   Thumb Code   156  audiodriver.o(.text)
    Codec_TIMEOUT_UserCallback               0x08001e9f   Thumb Code     4  audiodriver.o(.text)
    EVAL_AUDIO_DeInit                        0x08002229   Thumb Code    14  audiodriver.o(.text)
    Audio_MAL_Play                           0x08002237   Thumb Code    36  audiodriver.o(.text)
    EVAL_AUDIO_Play                          0x0800225f   Thumb Code   100  audiodriver.o(.text)
    EVAL_AUDIO_PauseResume                   0x0800236f   Thumb Code    28  audiodriver.o(.text)
    EVAL_AUDIO_Stop                          0x080023fd   Thumb Code    32  audiodriver.o(.text)
    EVAL_AUDIO_VolumeCtl                     0x08002465   Thumb Code    32  audiodriver.o(.text)
    EVAL_AUDIO_Mute                          0x08002485   Thumb Code    12  audiodriver.o(.text)
    Codec_Init                               0x08002697   Thumb Code   224  audiodriver.o(.text)
    DAC_Config                               0x08002777   Thumb Code    70  audiodriver.o(.text)
    Audio_MAL_Init                           0x080027bd   Thumb Code   212  audiodriver.o(.text)
    DMA1_Stream7_IRQHandler                  0x08002891   Thumb Code    26  audiodriver.o(.text)
    NVIC_PriorityGroupConfig                 0x080028e5   Thumb Code    10  misc.o(.text)
    NVIC_Init                                0x080028ef   Thumb Code   108  misc.o(.text)
    NVIC_SetVectorTable                      0x0800295b   Thumb Code    14  misc.o(.text)
    NVIC_SystemLPConfig                      0x08002969   Thumb Code    34  misc.o(.text)
    SysTick_CLKSourceConfig                  0x0800298b   Thumb Code    40  misc.o(.text)
    DAC_DeInit                               0x080029c9   Thumb Code    22  stm32f4xx_dac.o(.text)
    DAC_Init                                 0x080029df   Thumb Code    46  stm32f4xx_dac.o(.text)
    DAC_StructInit                           0x08002a0d   Thumb Code    12  stm32f4xx_dac.o(.text)
    DAC_Cmd                                  0x08002a19   Thumb Code    34  stm32f4xx_dac.o(.text)
    DAC_SoftwareTriggerCmd                   0x08002a3b   Thumb Code    48  stm32f4xx_dac.o(.text)
    DAC_DualSoftwareTriggerCmd               0x08002a6b   Thumb Code    38  stm32f4xx_dac.o(.text)
    DAC_WaveGenerationCmd                    0x08002a91   Thumb Code    36  stm32f4xx_dac.o(.text)
    DAC_SetChannel1Data                      0x08002ab5   Thumb Code    14  stm32f4xx_dac.o(.text)
    DAC_SetChannel2Data                      0x08002ac3   Thumb Code    14  stm32f4xx_dac.o(.text)
    DAC_SetDualChannelData                   0x08002ad1   Thumb Code    32  stm32f4xx_dac.o(.text)
    DAC_GetDataOutputValue                   0x08002af1   Thumb Code    20  stm32f4xx_dac.o(.text)
    DAC_DMACmd                               0x08002b05   Thumb Code    38  stm32f4xx_dac.o(.text)
    DAC_ITConfig                             0x08002b2b   Thumb Code    36  stm32f4xx_dac.o(.text)
    DAC_GetFlagStatus                        0x08002b4f   Thumb Code    28  stm32f4xx_dac.o(.text)
    DAC_ClearFlag                            0x08002b6b   Thumb Code    12  stm32f4xx_dac.o(.text)
    DAC_GetITStatus                          0x08002b77   Thumb Code    44  stm32f4xx_dac.o(.text)
    DAC_ClearITPendingBit                    0x08002ba3   Thumb Code    12  stm32f4xx_dac.o(.text)
    DMA_DeInit                               0x08002bb5   Thumb Code   324  stm32f4xx_dma.o(.text)
    DMA_Init                                 0x08002cf9   Thumb Code    82  stm32f4xx_dma.o(.text)
    DMA_StructInit                           0x08002d4b   Thumb Code    34  stm32f4xx_dma.o(.text)
    DMA_Cmd                                  0x08002d6d   Thumb Code    22  stm32f4xx_dma.o(.text)
    DMA_PeriphIncOffsetSizeConfig            0x08002d83   Thumb Code    22  stm32f4xx_dma.o(.text)
    DMA_FlowControllerConfig                 0x08002d99   Thumb Code    22  stm32f4xx_dma.o(.text)
    DMA_SetCurrDataCounter                   0x08002daf   Thumb Code     4  stm32f4xx_dma.o(.text)
    DMA_GetCurrDataCounter                   0x08002db3   Thumb Code     8  stm32f4xx_dma.o(.text)
    DMA_DoubleBufferModeConfig               0x08002dbb   Thumb Code    24  stm32f4xx_dma.o(.text)
    DMA_DoubleBufferModeCmd                  0x08002dd3   Thumb Code    22  stm32f4xx_dma.o(.text)
    DMA_MemoryTargetConfig                   0x08002de9   Thumb Code    10  stm32f4xx_dma.o(.text)
    DMA_GetCurrentMemoryTarget               0x08002df3   Thumb Code    20  stm32f4xx_dma.o(.text)
    DMA_GetCmdStatus                         0x08002e07   Thumb Code    20  stm32f4xx_dma.o(.text)
    DMA_GetFIFOStatus                        0x08002e1b   Thumb Code    12  stm32f4xx_dma.o(.text)
    DMA_GetFlagStatus                        0x08002e27   Thumb Code    54  stm32f4xx_dma.o(.text)
    DMA_ClearFlag                            0x08002e5d   Thumb Code    40  stm32f4xx_dma.o(.text)
    DMA_ITConfig                             0x08002e85   Thumb Code    58  stm32f4xx_dma.o(.text)
    DMA_GetITStatus                          0x08002ebf   Thumb Code    82  stm32f4xx_dma.o(.text)
    DMA_ClearITPendingBit                    0x08002f11   Thumb Code    40  stm32f4xx_dma.o(.text)
    GPIO_DeInit                              0x08002f59   Thumb Code   220  stm32f4xx_gpio.o(.text)
    GPIO_Init                                0x08003035   Thumb Code   144  stm32f4xx_gpio.o(.text)
    GPIO_StructInit                          0x080030c5   Thumb Code    18  stm32f4xx_gpio.o(.text)
    GPIO_PinLockConfig                       0x080030d7   Thumb Code    18  stm32f4xx_gpio.o(.text)
    GPIO_ReadInputDataBit                    0x080030e9   Thumb Code    18  stm32f4xx_gpio.o(.text)
    GPIO_ReadInputData                       0x080030fb   Thumb Code     8  stm32f4xx_gpio.o(.text)
    GPIO_ReadOutputDataBit                   0x08003103   Thumb Code    18  stm32f4xx_gpio.o(.text)
    GPIO_ReadOutputData                      0x08003115   Thumb Code     8  stm32f4xx_gpio.o(.text)
    GPIO_SetBits                             0x0800311d   Thumb Code     4  stm32f4xx_gpio.o(.text)
    GPIO_ResetBits                           0x08003121   Thumb Code     4  stm32f4xx_gpio.o(.text)
    GPIO_WriteBit                            0x08003125   Thumb Code    10  stm32f4xx_gpio.o(.text)
    GPIO_Write                               0x0800312f   Thumb Code     4  stm32f4xx_gpio.o(.text)
    GPIO_ToggleBits                          0x08003133   Thumb Code     8  stm32f4xx_gpio.o(.text)
    GPIO_PinAFConfig                         0x0800313b   Thumb Code    70  stm32f4xx_gpio.o(.text)
    I2C_DeInit                               0x080031a5   Thumb Code    82  stm32f4xx_i2c.o(.text)
    I2C_Init                                 0x080031f7   Thumb Code   218  stm32f4xx_i2c.o(.text)
    I2C_StructInit                           0x080032d1   Thumb Code    30  stm32f4xx_i2c.o(.text)
    I2C_Cmd                                  0x080032ef   Thumb Code    24  stm32f4xx_i2c.o(.text)
    I2C_GenerateSTART                        0x08003307   Thumb Code    24  stm32f4xx_i2c.o(.text)
    I2C_GenerateSTOP                         0x0800331f   Thumb Code    24  stm32f4xx_i2c.o(.text)
    I2C_Send7bitAddress                      0x08003337   Thumb Code    16  stm32f4xx_i2c.o(.text)
    I2C_AcknowledgeConfig                    0x08003347   Thumb Code    24  stm32f4xx_i2c.o(.text)
    I2C_OwnAddress2Config                    0x0800335f   Thumb Code    22  stm32f4xx_i2c.o(.text)
    I2C_DualAddressCmd                       0x08003375   Thumb Code    24  stm32f4xx_i2c.o(.text)
    I2C_GeneralCallCmd                       0x0800338d   Thumb Code    24  stm32f4xx_i2c.o(.text)
    I2C_SoftwareResetCmd                     0x080033a5   Thumb Code    22  stm32f4xx_i2c.o(.text)
    I2C_StretchClockCmd                      0x080033bb   Thumb Code    24  stm32f4xx_i2c.o(.text)
    I2C_FastModeDutyCycleConfig              0x080033d3   Thumb Code    28  stm32f4xx_i2c.o(.text)
    I2C_NACKPositionConfig                   0x080033ef   Thumb Code    28  stm32f4xx_i2c.o(.text)
    I2C_SMBusAlertConfig                     0x0800340b   Thumb Code    28  stm32f4xx_i2c.o(.text)
    I2C_ARPCmd                               0x08003427   Thumb Code    24  stm32f4xx_i2c.o(.text)
    I2C_SendData                             0x0800343f   Thumb Code     4  stm32f4xx_i2c.o(.text)
    I2C_ReceiveData                          0x08003443   Thumb Code     8  stm32f4xx_i2c.o(.text)
    I2C_TransmitPEC                          0x0800344b   Thumb Code    24  stm32f4xx_i2c.o(.text)
    I2C_PECPositionConfig                    0x08003463   Thumb Code    28  stm32f4xx_i2c.o(.text)
    I2C_CalculatePEC                         0x0800347f   Thumb Code    24  stm32f4xx_i2c.o(.text)
    I2C_GetPEC                               0x08003497   Thumb Code     8  stm32f4xx_i2c.o(.text)
    I2C_DMACmd                               0x0800349f   Thumb Code    24  stm32f4xx_i2c.o(.text)
    I2C_DMALastTransferCmd                   0x080034b7   Thumb Code    24  stm32f4xx_i2c.o(.text)
    I2C_ReadRegister                         0x080034cf   Thumb Code    12  stm32f4xx_i2c.o(.text)
    I2C_ITConfig                             0x080034db   Thumb Code    18  stm32f4xx_i2c.o(.text)
    I2C_CheckEvent                           0x080034ed   Thumb Code    42  stm32f4xx_i2c.o(.text)
    I2C_GetLastEvent                         0x08003517   Thumb Code    26  stm32f4xx_i2c.o(.text)
    I2C_GetFlagStatus                        0x08003531   Thumb Code    42  stm32f4xx_i2c.o(.text)
    I2C_ClearFlag                            0x0800355b   Thumb Code    12  stm32f4xx_i2c.o(.text)
    I2C_GetITStatus                          0x08003567   Thumb Code    62  stm32f4xx_i2c.o(.text)
    I2C_ClearITPendingBit                    0x080035a5   Thumb Code    12  stm32f4xx_i2c.o(.text)
    RCC_DeInit                               0x080035b1   Thumb Code    60  stm32f4xx_rcc.o(.text)
    RCC_HSEConfig                            0x080035ed   Thumb Code    14  stm32f4xx_rcc.o(.text)
    RCC_GetFlagStatus                        0x080035fb   Thumb Code    60  stm32f4xx_rcc.o(.text)
    RCC_WaitForHSEStartUp                    0x08003637   Thumb Code    48  stm32f4xx_rcc.o(.text)
    RCC_AdjustHSICalibrationValue            0x08003667   Thumb Code    20  stm32f4xx_rcc.o(.text)
    RCC_HSICmd                               0x0800367b   Thumb Code     6  stm32f4xx_rcc.o(.text)
    RCC_LSEConfig                            0x08003681   Thumb Code    46  stm32f4xx_rcc.o(.text)
    RCC_LSICmd                               0x080036af   Thumb Code     6  stm32f4xx_rcc.o(.text)
    RCC_PLLConfig                            0x080036b5   Thumb Code    32  stm32f4xx_rcc.o(.text)
    RCC_PLLCmd                               0x080036d5   Thumb Code     6  stm32f4xx_rcc.o(.text)
    RCC_PLLI2SConfig                         0x080036db   Thumb Code    14  stm32f4xx_rcc.o(.text)
    RCC_PLLI2SCmd                            0x080036e9   Thumb Code     6  stm32f4xx_rcc.o(.text)
    RCC_ClockSecuritySystemCmd               0x080036ef   Thumb Code     6  stm32f4xx_rcc.o(.text)
    RCC_MCO1Config                           0x080036f5   Thumb Code    28  stm32f4xx_rcc.o(.text)
    RCC_MCO2Config                           0x08003711   Thumb Code    28  stm32f4xx_rcc.o(.text)
    RCC_SYSCLKConfig                         0x0800372d   Thumb Code    20  stm32f4xx_rcc.o(.text)
    RCC_GetSYSCLKSource                      0x08003741   Thumb Code    12  stm32f4xx_rcc.o(.text)
    RCC_HCLKConfig                           0x0800374d   Thumb Code    20  stm32f4xx_rcc.o(.text)
    RCC_PCLK1Config                          0x08003761   Thumb Code    20  stm32f4xx_rcc.o(.text)
    RCC_PCLK2Config                          0x08003775   Thumb Code    22  stm32f4xx_rcc.o(.text)
    RCC_GetClocksFreq                        0x0800378b   Thumb Code   222  stm32f4xx_rcc.o(.text)
    RCC_RTCCLKConfig                         0x08003869   Thumb Code    54  stm32f4xx_rcc.o(.text)
    RCC_RTCCLKCmd                            0x0800389f   Thumb Code     8  stm32f4xx_rcc.o(.text)
    RCC_BackupResetCmd                       0x080038a7   Thumb Code     8  stm32f4xx_rcc.o(.text)
    RCC_I2SCLKConfig                         0x080038af   Thumb Code     6  stm32f4xx_rcc.o(.text)
    RCC_AHB1PeriphClockCmd                   0x080038b5   Thumb Code    34  stm32f4xx_rcc.o(.text)
    RCC_AHB2PeriphClockCmd                   0x080038d7   Thumb Code    34  stm32f4xx_rcc.o(.text)
    RCC_AHB3PeriphClockCmd                   0x080038f9   Thumb Code    34  stm32f4xx_rcc.o(.text)
    RCC_APB1PeriphClockCmd                   0x0800391b   Thumb Code    34  stm32f4xx_rcc.o(.text)
    RCC_APB2PeriphClockCmd                   0x0800393d   Thumb Code    34  stm32f4xx_rcc.o(.text)
    RCC_AHB1PeriphResetCmd                   0x0800395f   Thumb Code    34  stm32f4xx_rcc.o(.text)
    RCC_AHB2PeriphResetCmd                   0x08003981   Thumb Code    72  stm32f4xx_rcc.o(.text)
    RCC_AHB3PeriphResetCmd                   0x080039c9   Thumb Code    34  stm32f4xx_rcc.o(.text)
    RCC_APB1PeriphResetCmd                   0x080039eb   Thumb Code    34  stm32f4xx_rcc.o(.text)
    RCC_APB2PeriphResetCmd                   0x08003a0d   Thumb Code    34  stm32f4xx_rcc.o(.text)
    RCC_AHB1PeriphClockLPModeCmd             0x08003a2f   Thumb Code    34  stm32f4xx_rcc.o(.text)
    RCC_AHB2PeriphClockLPModeCmd             0x08003a51   Thumb Code    34  stm32f4xx_rcc.o(.text)
    RCC_AHB3PeriphClockLPModeCmd             0x08003a73   Thumb Code    34  stm32f4xx_rcc.o(.text)
    RCC_APB1PeriphClockLPModeCmd             0x08003a95   Thumb Code    34  stm32f4xx_rcc.o(.text)
    RCC_APB2PeriphClockLPModeCmd             0x08003ab7   Thumb Code    34  stm32f4xx_rcc.o(.text)
    RCC_ITConfig                             0x08003ad9   Thumb Code    34  stm32f4xx_rcc.o(.text)
    RCC_ClearFlag                            0x08003afb   Thumb Code    18  stm32f4xx_rcc.o(.text)
    RCC_GetITStatus                          0x08003b0d   Thumb Code    22  stm32f4xx_rcc.o(.text)
    RCC_ClearITPendingBit                    0x08003b23   Thumb Code     8  stm32f4xx_rcc.o(.text)
    SPI_I2S_DeInit                           0x08003b31   Thumb Code    76  stm32f4xx_spi.o(.text)
    SPI_Init                                 0x08003b7d   Thumb Code    60  stm32f4xx_spi.o(.text)
    I2S_Init                                 0x08003bb9   Thumb Code   346  stm32f4xx_spi.o(.text)
    SPI_StructInit                           0x08003d13   Thumb Code    24  stm32f4xx_spi.o(.text)
    I2S_StructInit                           0x08003d2b   Thumb Code    20  stm32f4xx_spi.o(.text)
    SPI_Cmd                                  0x08003d3f   Thumb Code    24  stm32f4xx_spi.o(.text)
    I2S_Cmd                                  0x08003d57   Thumb Code    24  stm32f4xx_spi.o(.text)
    SPI_DataSizeConfig                       0x08003d6f   Thumb Code    18  stm32f4xx_spi.o(.text)
    SPI_BiDirectionalLineConfig              0x08003d81   Thumb Code    28  stm32f4xx_spi.o(.text)
    SPI_NSSInternalSoftwareConfig            0x08003d9d   Thumb Code    30  stm32f4xx_spi.o(.text)
    SPI_SSOutputCmd                          0x08003dbb   Thumb Code    24  stm32f4xx_spi.o(.text)
    SPI_TIModeCmd                            0x08003dd3   Thumb Code    24  stm32f4xx_spi.o(.text)
    I2S_FullDuplexConfig                     0x08003deb   Thumb Code    80  stm32f4xx_spi.o(.text)
    SPI_I2S_ReceiveData                      0x08003e3b   Thumb Code     6  stm32f4xx_spi.o(.text)
    SPI_I2S_SendData                         0x08003e41   Thumb Code     4  stm32f4xx_spi.o(.text)
    SPI_CalculateCRC                         0x08003e45   Thumb Code    24  stm32f4xx_spi.o(.text)
    SPI_TransmitCRC                          0x08003e5d   Thumb Code    10  stm32f4xx_spi.o(.text)
    SPI_GetCRC                               0x08003e67   Thumb Code    16  stm32f4xx_spi.o(.text)
    SPI_GetCRCPolynomial                     0x08003e77   Thumb Code     6  stm32f4xx_spi.o(.text)
    SPI_I2S_DMACmd                           0x08003e7d   Thumb Code    18  stm32f4xx_spi.o(.text)
    SPI_I2S_ITConfig                         0x08003e8f   Thumb Code    32  stm32f4xx_spi.o(.text)
    SPI_I2S_GetFlagStatus                    0x08003eaf   Thumb Code    18  stm32f4xx_spi.o(.text)
    SPI_I2S_ClearFlag                        0x08003ec1   Thumb Code     6  stm32f4xx_spi.o(.text)
    SPI_I2S_GetITStatus                      0x08003ec7   Thumb Code    52  stm32f4xx_spi.o(.text)
    SPI_I2S_ClearITPendingBit                0x08003efb   Thumb Code    20  stm32f4xx_spi.o(.text)
    TIM_DeInit                               0x08003f25   Thumb Code   346  stm32f4xx_tim.o(.text)
    TIM_TimeBaseInit                         0x0800407f   Thumb Code   104  stm32f4xx_tim.o(.text)
    TIM_TimeBaseStructInit                   0x080040e7   Thumb Code    18  stm32f4xx_tim.o(.text)
    TIM_PrescalerConfig                      0x080040f9   Thumb Code     6  stm32f4xx_tim.o(.text)
    TIM_CounterModeConfig                    0x080040ff   Thumb Code    18  stm32f4xx_tim.o(.text)
    TIM_SetCounter                           0x08004111   Thumb Code     4  stm32f4xx_tim.o(.text)
    TIM_SetAutoreload                        0x08004115   Thumb Code     4  stm32f4xx_tim.o(.text)
    TIM_GetCounter                           0x08004119   Thumb Code     6  stm32f4xx_tim.o(.text)
    TIM_GetPrescaler                         0x0800411f   Thumb Code     6  stm32f4xx_tim.o(.text)
    TIM_UpdateDisableConfig                  0x08004125   Thumb Code    24  stm32f4xx_tim.o(.text)
    TIM_UpdateRequestConfig                  0x0800413d   Thumb Code    24  stm32f4xx_tim.o(.text)
    TIM_ARRPreloadConfig                     0x08004155   Thumb Code    24  stm32f4xx_tim.o(.text)
    TIM_SelectOnePulseMode                   0x0800416d   Thumb Code    18  stm32f4xx_tim.o(.text)
    TIM_SetClockDivision                     0x0800417f   Thumb Code    18  stm32f4xx_tim.o(.text)
    TIM_Cmd                                  0x08004191   Thumb Code    24  stm32f4xx_tim.o(.text)
    TIM_OC1Init                              0x080041a9   Thumb Code   114  stm32f4xx_tim.o(.text)
    TIM_OC2Init                              0x0800421b   Thumb Code   154  stm32f4xx_tim.o(.text)
    TIM_OC3Init                              0x080042b5   Thumb Code   204  stm32f4xx_tim.o(.text)
    TIM_OC4Init                              0x08004381   Thumb Code   112  stm32f4xx_tim.o(.text)
    TIM_OCStructInit                         0x080043f1   Thumb Code    20  stm32f4xx_tim.o(.text)
    TIM_SelectOCxM                           0x08004405   Thumb Code    86  stm32f4xx_tim.o(.text)
    TIM_SetCompare1                          0x0800445b   Thumb Code     4  stm32f4xx_tim.o(.text)
    TIM_SetCompare2                          0x0800445f   Thumb Code     4  stm32f4xx_tim.o(.text)
    TIM_SetCompare3                          0x08004463   Thumb Code     4  stm32f4xx_tim.o(.text)
    TIM_SetCompare4                          0x08004467   Thumb Code     4  stm32f4xx_tim.o(.text)
    TIM_ForcedOC1Config                      0x0800446b   Thumb Code    18  stm32f4xx_tim.o(.text)
    TIM_ForcedOC2Config                      0x0800447d   Thumb Code    26  stm32f4xx_tim.o(.text)
    TIM_ForcedOC3Config                      0x08004497   Thumb Code    18  stm32f4xx_tim.o(.text)
    TIM_ForcedOC4Config                      0x080044a9   Thumb Code    26  stm32f4xx_tim.o(.text)
    TIM_OC1PreloadConfig                     0x080044c3   Thumb Code    18  stm32f4xx_tim.o(.text)
    TIM_OC2PreloadConfig                     0x080044d5   Thumb Code    26  stm32f4xx_tim.o(.text)
    TIM_OC3PreloadConfig                     0x080044ef   Thumb Code    18  stm32f4xx_tim.o(.text)
    TIM_OC4PreloadConfig                     0x08004501   Thumb Code    26  stm32f4xx_tim.o(.text)
    TIM_OC1FastConfig                        0x0800451b   Thumb Code    18  stm32f4xx_tim.o(.text)
    TIM_OC2FastConfig                        0x0800452d   Thumb Code    26  stm32f4xx_tim.o(.text)
    TIM_OC3FastConfig                        0x08004547   Thumb Code    18  stm32f4xx_tim.o(.text)
    TIM_OC4FastConfig                        0x08004559   Thumb Code    26  stm32f4xx_tim.o(.text)
    TIM_ClearOC1Ref                          0x08004573   Thumb Code    18  stm32f4xx_tim.o(.text)
    TIM_ClearOC2Ref                          0x08004585   Thumb Code    24  stm32f4xx_tim.o(.text)
    TIM_ClearOC3Ref                          0x0800459d   Thumb Code    18  stm32f4xx_tim.o(.text)
    TIM_ClearOC4Ref                          0x080045af   Thumb Code    24  stm32f4xx_tim.o(.text)
    TIM_OC1PolarityConfig                    0x080045c7   Thumb Code    18  stm32f4xx_tim.o(.text)
    TIM_OC1NPolarityConfig                   0x080045d9   Thumb Code    18  stm32f4xx_tim.o(.text)
    TIM_OC2PolarityConfig                    0x080045eb   Thumb Code    26  stm32f4xx_tim.o(.text)
    TIM_OC2NPolarityConfig                   0x08004605   Thumb Code    26  stm32f4xx_tim.o(.text)
    TIM_OC3PolarityConfig                    0x0800461f   Thumb Code    26  stm32f4xx_tim.o(.text)
    TIM_OC3NPolarityConfig                   0x08004639   Thumb Code    26  stm32f4xx_tim.o(.text)
    TIM_OC4PolarityConfig                    0x08004653   Thumb Code    26  stm32f4xx_tim.o(.text)
    TIM_CCxCmd                               0x0800466d   Thumb Code    30  stm32f4xx_tim.o(.text)
    TIM_CCxNCmd                              0x0800468b   Thumb Code    30  stm32f4xx_tim.o(.text)
    TIM_SetIC4Prescaler                      0x080046a9   Thumb Code    26  stm32f4xx_tim.o(.text)
    TIM_SetIC3Prescaler                      0x08004713   Thumb Code    18  stm32f4xx_tim.o(.text)
    TIM_SetIC2Prescaler                      0x0800476d   Thumb Code    26  stm32f4xx_tim.o(.text)
    TIM_SetIC1Prescaler                      0x080047e1   Thumb Code    18  stm32f4xx_tim.o(.text)
    TIM_ICInit                               0x0800482d   Thumb Code   110  stm32f4xx_tim.o(.text)
    TIM_ICStructInit                         0x0800489b   Thumb Code    18  stm32f4xx_tim.o(.text)
    TIM_PWMIConfig                           0x080048ad   Thumb Code   124  stm32f4xx_tim.o(.text)
    TIM_GetCapture1                          0x08004929   Thumb Code     6  stm32f4xx_tim.o(.text)
    TIM_GetCapture2                          0x0800492f   Thumb Code     6  stm32f4xx_tim.o(.text)
    TIM_GetCapture3                          0x08004935   Thumb Code     6  stm32f4xx_tim.o(.text)
    TIM_GetCapture4                          0x0800493b   Thumb Code     6  stm32f4xx_tim.o(.text)
    TIM_BDTRConfig                           0x08004941   Thumb Code    32  stm32f4xx_tim.o(.text)
    TIM_BDTRStructInit                       0x08004961   Thumb Code    18  stm32f4xx_tim.o(.text)
    TIM_CtrlPWMOutputs                       0x08004973   Thumb Code    30  stm32f4xx_tim.o(.text)
    TIM_SelectCOM                            0x08004991   Thumb Code    24  stm32f4xx_tim.o(.text)
    TIM_CCPreloadControl                     0x080049a9   Thumb Code    24  stm32f4xx_tim.o(.text)
    TIM_ITConfig                             0x080049c1   Thumb Code    18  stm32f4xx_tim.o(.text)
    TIM_GenerateEvent                        0x080049d3   Thumb Code     4  stm32f4xx_tim.o(.text)
    TIM_GetFlagStatus                        0x080049d7   Thumb Code    18  stm32f4xx_tim.o(.text)
    TIM_ClearFlag                            0x080049e9   Thumb Code     6  stm32f4xx_tim.o(.text)
    TIM_GetITStatus                          0x080049ef   Thumb Code    34  stm32f4xx_tim.o(.text)
    TIM_ClearITPendingBit                    0x08004a11   Thumb Code     6  stm32f4xx_tim.o(.text)
    TIM_DMAConfig                            0x08004a17   Thumb Code    10  stm32f4xx_tim.o(.text)
    TIM_DMACmd                               0x08004a21   Thumb Code    18  stm32f4xx_tim.o(.text)
    TIM_SelectCCDMA                          0x08004a33   Thumb Code    24  stm32f4xx_tim.o(.text)
    TIM_InternalClockConfig                  0x08004a4b   Thumb Code    12  stm32f4xx_tim.o(.text)
    TIM_SelectInputTrigger                   0x08004a57   Thumb Code    18  stm32f4xx_tim.o(.text)
    TIM_ITRxExternalClockConfig              0x08004a69   Thumb Code    24  stm32f4xx_tim.o(.text)
    TIM_TIxExternalClockConfig               0x08004a81   Thumb Code    62  stm32f4xx_tim.o(.text)
    TIM_ETRConfig                            0x08004abf   Thumb Code    28  stm32f4xx_tim.o(.text)
    TIM_ETRClockMode1Config                  0x08004adb   Thumb Code    54  stm32f4xx_tim.o(.text)
    TIM_ETRClockMode2Config                  0x08004b11   Thumb Code    32  stm32f4xx_tim.o(.text)
    TIM_SelectOutputTrigger                  0x08004b31   Thumb Code    18  stm32f4xx_tim.o(.text)
    TIM_SelectSlaveMode                      0x08004b43   Thumb Code    18  stm32f4xx_tim.o(.text)
    TIM_SelectMasterSlaveMode                0x08004b55   Thumb Code    18  stm32f4xx_tim.o(.text)
    TIM_EncoderInterfaceConfig               0x08004b67   Thumb Code    66  stm32f4xx_tim.o(.text)
    TIM_SelectHallSensor                     0x08004ba9   Thumb Code    24  stm32f4xx_tim.o(.text)
    TIM_RemapConfig                          0x08004bc1   Thumb Code     6  stm32f4xx_tim.o(.text)
    strlen                                   0x08004bc7   Thumb Code    16  strlen.o(.text)
    __aeabi_dadd                             0x08004bd7   Thumb Code   322  dadd.o(.text)
    __aeabi_dsub                             0x08004d19   Thumb Code     6  dadd.o(.text)
    __aeabi_drsub                            0x08004d1f   Thumb Code     6  dadd.o(.text)
    __aeabi_dmul                             0x08004d25   Thumb Code   228  dmul.o(.text)
    __aeabi_ddiv                             0x08004e09   Thumb Code   222  ddiv.o(.text)
    __aeabi_i2d                              0x08004ee7   Thumb Code    34  dflti.o(.text)
    __aeabi_d2iz                             0x08004f09   Thumb Code    62  dfixi.o(.text)
    __aeabi_d2uiz                            0x08004f47   Thumb Code    50  dfixui.o(.text)
    __aeabi_f2d                              0x08004f79   Thumb Code    38  f2d.o(.text)
    __aeabi_d2f                              0x08004f9f   Thumb Code    56  d2f.o(.text)
    __aeabi_uidiv                            0x08004fd7   Thumb Code     0  uidiv.o(.text)
    __aeabi_uidivmod                         0x08004fd7   Thumb Code    44  uidiv.o(.text)
    __aeabi_llsl                             0x08005003   Thumb Code    30  llshl.o(.text)
    _ll_shift_l                              0x08005003   Thumb Code     0  llshl.o(.text)
    __aeabi_llsr                             0x08005021   Thumb Code    32  llushr.o(.text)
    _ll_ushift_r                             0x08005021   Thumb Code     0  llushr.o(.text)
    __aeabi_lasr                             0x08005041   Thumb Code    36  llsshr.o(.text)
    _ll_sshift_r                             0x08005041   Thumb Code     0  llsshr.o(.text)
    __I$use$fp                               0x08005065   Thumb Code     0  iusefp.o(.text)
    _float_round                             0x08005065   Thumb Code    18  fepilogue.o(.text)
    _float_epilogue                          0x08005077   Thumb Code    90  fepilogue.o(.text)
    _double_round                            0x080050d1   Thumb Code    26  depilogue.o(.text)
    _double_epilogue                         0x080050eb   Thumb Code   164  depilogue.o(.text)
    __aeabi_cdrcmple                         0x08005191   Thumb Code    38  cdrcmple.o(.text)
    __scatterload                            0x080051b9   Thumb Code    28  init.o(.text)
    __scatterload_rt2                        0x080051b9   Thumb Code     0  init.o(.text)
    __aeabi_ui2d                             0x080051dd   Thumb Code    26  dfltui.o(.text)
    SVC_Count                                0x080051f8   Data           4  SVC_Table.o(SVC_TABLE)
    SVC_Table                                0x080051fc   Data           0  SVC_Table.o(SVC_TABLE)
    __0snprintf$1                            0x080051fd   Thumb Code    36  printf1.o(i.__0snprintf$1)
    __1snprintf$1                            0x080051fd   Thumb Code     0  printf1.o(i.__0snprintf$1)
    __2snprintf                              0x080051fd   Thumb Code     0  printf1.o(i.__0snprintf$1)
    __ARM_fpclassify                         0x08005225   Thumb Code    48  fpclassify.o(i.__ARM_fpclassify)
    __hardfp_cos                             0x08005259   Thumb Code   200  cos.o(i.__hardfp_cos)
    __hardfp_floor                           0x08005331   Thumb Code   252  floor.o(i.__hardfp_floor)
    __hardfp_sin                             0x08005449   Thumb Code   200  sin.o(i.__hardfp_sin)
    __ieee754_rem_pio2                       0x08005521   Thumb Code   972  rred.o(i.__ieee754_rem_pio2)
    __kernel_cos                             0x08005979   Thumb Code   322  cos_i.o(i.__kernel_cos)
    __kernel_poly                            0x08005ae9   Thumb Code   248  poly.o(i.__kernel_poly)
    __kernel_sin                             0x08005be1   Thumb Code   280  sin_i.o(i.__kernel_sin)
    __mathlib_dbl_underflow                  0x08005d11   Thumb Code    24  dunder.o(i.__mathlib_dbl_underflow)
    __scatterload_copy                       0x08005d31   Thumb Code    14  handlers.o(i.__scatterload_copy)
    __scatterload_null                       0x08005d3f   Thumb Code     2  handlers.o(i.__scatterload_null)
    __scatterload_zeroinit                   0x08005d41   Thumb Code    14  handlers.o(i.__scatterload_zeroinit)
    __set_errno                              0x08005d51   Thumb Code     6  errno.o(i.__set_errno)
    _init_box                                0x08005d5d   Thumb Code    70  rt_membox.o(i._init_box)
    dbg_init                                 0x08005f11   Thumb Code    34  hal_cm.o(i.dbg_init)
    dbg_task_notify                          0x08005f41   Thumb Code    32  hal_cm.o(i.dbg_task_notify)
    dbg_task_switch                          0x08005f61   Thumb Code    16  hal_cm.o(i.dbg_task_switch)
    fabs                                     0x08005f71   Thumb Code    32  fabs.o(i.fabs)
    isr_evt_set                              0x08005fbd   Thumb Code    34  rt_event.o(i.isr_evt_set)
    isr_mbx_receive                          0x08005fe5   Thumb Code    80  rt_mailbox.o(i.isr_mbx_receive)
    isr_mbx_send                             0x08006035   Thumb Code    14  rt_mailbox.o(i.isr_mbx_send)
    isr_sem_send                             0x08006043   Thumb Code    16  rt_semaphore.o(i.isr_sem_send)
    osDelay                                  0x08006055   Thumb Code    18  rt_cmsis.o(i.osDelay)
    osKernelStart                            0x0800606d   Thumb Code    94  rt_cmsis.o(i.osKernelStart)
    osMessageGet                             0x080060d5   Thumb Code    64  rt_cmsis.o(i.osMessageGet)
    osMutexCreate                            0x08006119   Thumb Code    18  rt_cmsis.o(i.osMutexCreate)
    osMutexRelease                           0x08006131   Thumb Code    18  rt_cmsis.o(i.osMutexRelease)
    osMutexWait                              0x08006149   Thumb Code    18  rt_cmsis.o(i.osMutexWait)
    osSemaphoreCreate                        0x08006161   Thumb Code    18  rt_cmsis.o(i.osSemaphoreCreate)
    osSemaphoreRelease                       0x08006179   Thumb Code    42  rt_cmsis.o(i.osSemaphoreRelease)
    osSemaphoreWait                          0x080061a9   Thumb Code    20  rt_cmsis.o(i.osSemaphoreWait)
    osSignalSet                              0x080061c1   Thumb Code    48  rt_cmsis.o(i.osSignalSet)
    osSignalWait                             0x080061f5   Thumb Code    18  rt_cmsis.o(i.osSignalWait)
    osThreadCreate                           0x0800620d   Thumb Code    18  rt_cmsis.o(i.osThreadCreate)
    osThreadExit                             0x08006225   Thumb Code    14  rt_cmsis.o(i.osThreadExit)
    osThreadGetId                            0x0800623d   Thumb Code    18  rt_cmsis.o(i.osThreadGetId)
    osTimerCall                              0x08006255   Thumb Code     8  rt_cmsis.o(i.osTimerCall)
    osTimerThread                            0x08006261   Thumb Code    38  rt_cmsis.o(i.osTimerThread)
    rt_alloc_box                             0x0800628d   Thumb Code    28  rt_membox.o(i.rt_alloc_box)
    rt_alloc_mem                             0x080062a9   Thumb Code    60  rt_memory.o(i.rt_alloc_mem)
    rt_block                                 0x080062e5   Thumb Code    48  rt_task.o(i.rt_block)
    rt_chk_robin                             0x0800631d   Thumb Code    58  rt_robin.o(i.rt_chk_robin)
    rt_dec_dly                               0x08006365   Thumb Code   102  rt_list.o(i.rt_dec_dly)
    rt_dispatch                              0x080063d5   Thumb Code    60  rt_task.o(i.rt_dispatch)
    rt_dly_wait                              0x08006419   Thumb Code     6  rt_time.o(i.rt_dly_wait)
    rt_evt_psh                               0x08006421   Thumb Code    76  rt_event.o(i.rt_evt_psh)
    rt_evt_set                               0x08006471   Thumb Code    88  rt_event.o(i.rt_evt_set)
    rt_evt_wait                              0x080064cd   Thumb Code    58  rt_event.o(i.rt_evt_wait)
    rt_free_box                              0x0800650d   Thumb Code    32  rt_membox.o(i.rt_free_box)
    rt_free_mem                              0x0800652d   Thumb Code    40  rt_memory.o(i.rt_free_mem)
    rt_get_first                             0x08006555   Thumb Code    40  rt_list.o(i.rt_get_first)
    rt_init_mem                              0x080065c5   Thumb Code    26  rt_memory.o(i.rt_init_mem)
    rt_init_robin                            0x080065e1   Thumb Code    14  rt_robin.o(i.rt_init_robin)
    rt_init_stack                            0x080065f9   Thumb Code    70  hal_cm.o(i.rt_init_stack)
    rt_mbx_check                             0x08006649   Thumb Code     8  rt_mailbox.o(i.rt_mbx_check)
    rt_mbx_init                              0x08006651   Thumb Code    26  rt_mailbox.o(i.rt_mbx_init)
    rt_mbx_psh                               0x0800666d   Thumb Code   248  rt_mailbox.o(i.rt_mbx_psh)
    rt_mbx_wait                              0x08006769   Thumb Code   174  rt_mailbox.o(i.rt_mbx_wait)
    rt_mut_init                              0x08006859   Thumb Code    16  rt_mutex.o(i.rt_mut_init)
    rt_mut_release                           0x08006869   Thumb Code   150  rt_mutex.o(i.rt_mut_release)
    rt_mut_wait                              0x08006909   Thumb Code    96  rt_mutex.o(i.rt_mut_wait)
    rt_pop_req                               0x0800696d   Thumb Code   106  rt_system.o(i.rt_pop_req)
    rt_psh_req                               0x080069e5   Thumb Code    22  rt_system.o(i.rt_psh_req)
    rt_psq_enq                               0x08006a05   Thumb Code    82  rt_list.o(i.rt_psq_enq)
    rt_put_dly                               0x08006a5d   Thumb Code    88  rt_list.o(i.rt_put_dly)
    rt_put_prio                              0x08006ab9   Thumb Code    56  rt_list.o(i.rt_put_prio)
    rt_put_rdy_first                         0x08006af1   Thumb Code    14  rt_list.o(i.rt_put_rdy_first)
    rt_resort_prio                           0x08006b05   Thumb Code    46  rt_list.o(i.rt_resort_prio)
    rt_ret_val                               0x08006b49   Thumb Code    12  hal_cm.o(i.rt_ret_val)
    rt_ret_val2                              0x08006b55   Thumb Code    16  hal_cm.o(i.rt_ret_val2)
    rt_rmv_dly                               0x08006b65   Thumb Code    40  rt_list.o(i.rt_rmv_dly)
    rt_rmv_list                              0x08006b8d   Thumb Code    44  rt_list.o(i.rt_rmv_list)
    rt_sem_init                              0x08006bbd   Thumb Code    12  rt_semaphore.o(i.rt_sem_init)
    rt_sem_psh                               0x08006bc9   Thumb Code    48  rt_semaphore.o(i.rt_sem_psh)
    rt_sem_send                              0x08006bfd   Thumb Code    42  rt_semaphore.o(i.rt_sem_send)
    rt_sem_wait                              0x08006c29   Thumb Code    56  rt_semaphore.o(i.rt_sem_wait)
    rt_stk_check                             0x08006c65   Thumb Code    28  rt_system.o(i.rt_stk_check)
    rt_switch_req                            0x08006c89   Thumb Code    30  rt_task.o(i.rt_switch_req)
    rt_sys_init                              0x08006cb1   Thumb Code   242  rt_task.o(i.rt_sys_init)
    rt_systick                               0x08006df1   Thumb Code    48  rt_system.o(i.rt_systick)
    rt_tsk_create                            0x08006e7d   Thumb Code   112  rt_task.o(i.rt_tsk_create)
    rt_tsk_delete                            0x08006efd   Thumb Code   146  rt_task.o(i.rt_tsk_delete)
    rt_tsk_self                              0x08006fa9   Thumb Code    12  rt_task.o(i.rt_tsk_self)
    svcDelay                                 0x08006fb9   Thumb Code    20  rt_cmsis.o(i.svcDelay)
    svcKernelStart                           0x08006fcd   Thumb Code   174  rt_cmsis.o(i.svcKernelStart)
    svcMessageCreate                         0x080070a1   Thumb Code    36  rt_cmsis.o(i.svcMessageCreate)
    svcMessageGet                            0x080070c5   Thumb Code    58  rt_cmsis.o(i.svcMessageGet)
    svcMutexCreate                           0x080070ff   Thumb Code    28  rt_cmsis.o(i.svcMutexCreate)
    svcMutexRelease                          0x0800711b   Thumb Code    34  rt_cmsis.o(i.svcMutexRelease)
    svcMutexWait                             0x0800713d   Thumb Code    54  rt_cmsis.o(i.svcMutexWait)
    svcSemaphoreCreate                       0x08007173   Thumb Code    36  rt_cmsis.o(i.svcSemaphoreCreate)
    svcSemaphoreRelease                      0x08007197   Thumb Code    26  rt_cmsis.o(i.svcSemaphoreRelease)
    svcSemaphoreWait                         0x080071b1   Thumb Code    54  rt_cmsis.o(i.svcSemaphoreWait)
    svcSignalSet                             0x080071e7   Thumb Code    36  rt_cmsis.o(i.svcSignalSet)
    svcSignalWait                            0x0800720d   Thumb Code    80  rt_cmsis.o(i.svcSignalWait)
    svcThreadCreate                          0x08007261   Thumb Code   100  rt_cmsis.o(i.svcThreadCreate)
    svcThreadGetId                           0x080072d1   Thumb Code    22  rt_cmsis.o(i.svcThreadGetId)
    svcThreadTerminate                       0x080072ed   Thumb Code    52  rt_cmsis.o(i.svcThreadTerminate)
    svcTimerCall                             0x08007325   Thumb Code    24  rt_cmsis.o(i.svcTimerCall)
    sysTimerTick                             0x0800733d   Thumb Code    76  rt_cmsis.o(i.sysTimerTick)
    os_maxtaskrun                            0x08007390   Data           2  rtx_conf_cm.o(.constdata)
    os_stackinfo                             0x08007394   Data           4  rtx_conf_cm.o(.constdata)
    os_rrobin                                0x08007398   Data           4  rtx_conf_cm.o(.constdata)
    os_trv                                   0x0800739c   Data           4  rtx_conf_cm.o(.constdata)
    os_flags                                 0x080073a0   Data           1  rtx_conf_cm.o(.constdata)
    os_clockrate                             0x080073a4   Data           4  rtx_conf_cm.o(.constdata)
    os_timernum                              0x080073a8   Data           4  rtx_conf_cm.o(.constdata)
    mp_tcb_size                              0x080073ac   Data           2  rtx_conf_cm.o(.constdata)
    mp_stk_size                              0x080073b0   Data           4  rtx_conf_cm.o(.constdata)
    os_stack_sz                              0x080073b4   Data           4  rtx_conf_cm.o(.constdata)
    os_fifo_size                             0x080073b8   Data           1  rtx_conf_cm.o(.constdata)
    os_thread_def_osTimerThread              0x080073bc   Data          16  rtx_conf_cm.o(.constdata)
    os_messageQ_def_osTimerMessageQ          0x080073cc   Data           8  rtx_conf_cm.o(.constdata)
    mp_tmr_size                              0x080073d4   Data           2  rtx_conf_cm.o(.constdata)
    os_thread_def_main                       0x080073d8   Data          16  rtx_conf_cm.o(.constdata)
    os_thread_def_wirelessThread             0x080073e8   Data          16  main.o(.constdata)
    os_thread_def_lcdThread                  0x080073f8   Data          16  main.o(.constdata)
    os_semaphore_def_anglesSema              0x08007408   Data           4  wireless.o(.constdata)
    os_mutex_def_dmaSema                     0x0800740c   Data           4  dma.o(.constdata)
    os_semaphore_def_dmaComplete             0x08007410   Data           4  dma.o(.constdata)
    Region$$Table$$Base                      0x08007538   Number         0  anon$$obj.o(Region$$Table)
    Region$$Table$$Limit                     0x08007558   Number         0  anon$$obj.o(Region$$Table)
    SystemCoreClock                          0x20000000   Data           4  system_stm32f4xx.o(.data)
    AHBPrescTable                            0x20000004   Data          16  system_stm32f4xx.o(.data)
    os_tmr                                   0x20000014   Data           4  rtx_conf_cm.o(.data)
    m_tmr                                    0x20000018   Data           4  rtx_conf_cm.o(.data)
    osThreadId_osTimerThread                 0x2000001c   Data           4  rtx_conf_cm.o(.data)
    osMessageQId_osTimerMessageQ             0x20000020   Data           4  rtx_conf_cm.o(.data)
    pressCol                                 0x20000058   Data           1  keypad.o(.data)
    pressRow                                 0x20000059   Data           1  keypad.o(.data)
    pressKey                                 0x2000005a   Data           1  keypad.o(.data)
    inputState                               0x2000005b   Data           1  keypad.o(.data)
    LCD_line                                 0x2000005c   Data           1  lcd.o(.data)
    LCD_column                               0x2000005d   Data           1  lcd.o(.data)
    volume                                   0x2000005e   Data           1  lcd.o(.data)
    currentSynth                             0x2000005f   Data           1  lcd.o(.data)
    note                                     0x20000062   Data           1  lcd.o(.data)
    os_semaphore_cb_anglesSema               0x20000068   Data           8  wireless.o(.data)
    anglesSema_ID                            0x20000070   Data           4  wireless.o(.data)
    wireless_ID                              0x20000074   Data           4  wireless.o(.data)
    RF2500Timeout                            0x20000078   Data           4  wirelessdriver.o(.data)
    source_ID                                0x2000007c   Data           4  wirelessdriver.o(.data)
    alpha                                    0x20000080   Data           4  wirelessdriver.o(.data)
    beta                                     0x20000084   Data           4  wirelessdriver.o(.data)
    comradeAlpha                             0x20000088   Data           4  wirelessdriver.o(.data)
    comradeBeta                              0x2000008c   Data           4  wirelessdriver.o(.data)
    RF2500_state                             0x20000090   Data           1  wirelessdriver.o(.data)
    comrade_data                             0x20000091   Data           7  wirelessdriver.o(.data)
    rssi                                     0x20000098   Data           1  wirelessdriver.o(.data)
    crc_ok                                   0x20000099   Data           1  wirelessdriver.o(.data)
    dmaSema_ID                               0x2000009c   Data           4  dma.o(.data)
    dmaComplete_ID                           0x200000a0   Data           4  dma.o(.data)
    os_semaphore_cb_dmaComplete              0x200000a4   Data           8  dma.o(.data)
    AudioTotalSize                           0x200000ac   Data           4  audiodriver.o(.data)
    AudioRemSize                             0x200000b0   Data           4  audiodriver.o(.data)
    CODECTimeout                             0x200000b4   Data           4  audiodriver.o(.data)
    OutputDev                                0x200000b8   Data           1  audiodriver.o(.data)
    CurrAudioInterface                       0x200000bc   Data           4  audiodriver.o(.data)
    AUDIO_MAL_DMA_CLOCK                      0x200000c0   Data           4  audiodriver.o(.data)
    AUDIO_MAL_DMA_STREAM                     0x200000c4   Data           4  audiodriver.o(.data)
    AUDIO_MAL_DMA_DREG                       0x200000c8   Data           4  audiodriver.o(.data)
    AUDIO_MAL_DMA_CHANNEL                    0x200000cc   Data           4  audiodriver.o(.data)
    AUDIO_MAL_DMA_IRQ                        0x200000d0   Data           4  audiodriver.o(.data)
    AUDIO_MAL_DMA_FLAG_TC                    0x200000d4   Data           4  audiodriver.o(.data)
    AUDIO_MAL_DMA_FLAG_HT                    0x200000d8   Data           4  audiodriver.o(.data)
    AUDIO_MAL_DMA_FLAG_FE                    0x200000dc   Data           4  audiodriver.o(.data)
    AUDIO_MAL_DMA_FLAG_TE                    0x200000e0   Data           4  audiodriver.o(.data)
    AUDIO_MAL_DMA_FLAG_DME                   0x200000e4   Data           4  audiodriver.o(.data)
    CurrentPos                               0x200000e8   Data           4  audiodriver.o(.data)
    main_ID                                  0x200000ec   Data           4  audiodriver.o(.data)
    os_timer_head                            0x20000100   Data           4  rt_cmsis.o(.data)
    os_tsk                                   0x20000104   Data           8  rt_task.o(.data)
    os_time                                  0x20000110   Data           2  rt_time.o(.data)
    dbg_msg                                  0x20000112   Data           1  hal_cm.o(.data)
    os_robin                                 0x20000114   Data           8  rt_robin.o(.data)
    mp_tcb                                   0x20000120   Data         540  rtx_conf_cm.o(.bss)
    mp_stk                                   0x20000340   Data       81936  rtx_conf_cm.o(.bss)
    os_stack_mem                             0x20014350   Data        9248  rtx_conf_cm.o(.bss)
    os_fifo                                  0x20016770   Data         132  rtx_conf_cm.o(.bss)
    os_active_TCB                            0x200167f4   Data          44  rtx_conf_cm.o(.bss)
    os_messageQ_q_osTimerMessageQ            0x20016820   Data          32  rtx_conf_cm.o(.bss)
    SineWave                                 0x20016840   Data        4000  dsp.o(.bss)
    SawWave                                  0x200177e0   Data        4000  dsp.o(.bss)
    r_buff                                   0x20018780   Data          12  wirelessdriver.o(.bss)
    w_buff                                   0x2001878c   Data          12  wirelessdriver.o(.bss)
    os_mutex_cb_dmaSema                      0x20018798   Data          12  dma.o(.bss)
    DMA_InitStructure                        0x200187a4   Data          60  audiodriver.o(.bss)
    AUDIO_MAL_DMA_InitStructure              0x200187e0   Data          60  audiodriver.o(.bss)
    os_idle_TCB                              0x2001881c   Data          48  rt_task.o(.bss)
    os_rdy                                   0x2001884c   Data          24  rt_list.o(.bss)
    os_dly                                   0x20018864   Data          24  rt_list.o(.bss)
    __initial_sp                             0x20018c80   Data           0  startup_stm32f4xx.o(STACK)



==============================================================================

Memory Map of the image

  Image Entry point : 0x08000189

  Load Region LR_IROM1 (Base: 0x08000000, Size: 0x00007678, Max: 0x00100000, ABSOLUTE)

    Execution Region ER_IROM1 (Base: 0x08000000, Size: 0x00007558, Max: 0x00100000, ABSOLUTE)

    Base Addr    Size         Type   Attr      Idx    E Section Name        Object

    0x08000000   0x00000188   Data   RO          132    RESET               startup_stm32f4xx.o
    0x08000188   0x00000000   Code   RO         2357  * .ARM.Collect$$$$00000000  mc_w.l(entry.o)
    0x08000188   0x00000004   Code   RO         2653    .ARM.Collect$$$$00000001  mc_w.l(entry2.o)
    0x0800018c   0x00000004   Code   RO         2656    .ARM.Collect$$$$00000004  mc_w.l(entry5.o)
    0x08000190   0x00000000   Code   RO         2658    .ARM.Collect$$$$00000008  mc_w.l(entry7b.o)
    0x08000190   0x00000010   Code   RO          137    .ARM.Collect$$$$000000FF  rtx_conf_cm.o
    0x080001a0   0x00000004   Code   RO         2654    .ARM.Collect$$$$00002712  mc_w.l(entry2.o)
    0x080001a4   0x00000174   Code   RO         2314    .emb_text           RTX_CM4.lib(hal_cm4.o)
    0x08000318   0x0000022c   Code   RO            3    .text               system_stm32f4xx.o
    0x08000544   0x00000024   Code   RO          133    .text               startup_stm32f4xx.o
    0x08000568   0x00000008   Code   RO          138    .text               rtx_conf_cm.o
    0x08000570   0x00000140   Code   RO          171    .text               main.o
    0x080006b0   0x000007d4   Code   RO          255    .text               dsp.o
    0x08000e84   0x000002a0   Code   RO          286    .text               keypad.o
    0x08001124   0x000002dc   Code   RO          312    .text               lcd.o
    0x08001400   0x000000e8   Code   RO          348    .text               led.o
    0x080014e8   0x00000078   Code   RO          371    .text               tim3.o
    0x08001560   0x000000dc   Code   RO          394    .text               wireless.o
    0x0800163c   0x00000518   Code   RO          427    .text               wirelessdriver.o
    0x08001b54   0x00000228   Code   RO          451    .text               dma.o
    0x08001d7c   0x00000b68   Code   RO          476    .text               audiodriver.o
    0x080028e4   0x000000e4   Code   RO          529    .text               misc.o
    0x080029c8   0x000001ec   Code   RO          779    .text               stm32f4xx_dac.o
    0x08002bb4   0x000003a4   Code   RO          845    .text               stm32f4xx_dma.o
    0x08002f58   0x0000024c   Code   RO          937    .text               stm32f4xx_gpio.o
    0x080031a4   0x0000040c   Code   RO         1023    .text               stm32f4xx_i2c.o
    0x080035b0   0x00000580   Code   RO         1086    .text               stm32f4xx_rcc.o
    0x08003b30   0x000003f4   Code   RO         1177    .text               stm32f4xx_spi.o
    0x08003f24   0x00000ca2   Code   RO         1220    .text               stm32f4xx_tim.o
    0x08004bc6   0x00000010   Code   RO         2360    .text               mc_w.l(strlen.o)
    0x08004bd6   0x0000014e   Code   RO         2623    .text               mf_w.l(dadd.o)
    0x08004d24   0x000000e4   Code   RO         2625    .text               mf_w.l(dmul.o)
    0x08004e08   0x000000de   Code   RO         2627    .text               mf_w.l(ddiv.o)
    0x08004ee6   0x00000022   Code   RO         2629    .text               mf_w.l(dflti.o)
    0x08004f08   0x0000003e   Code   RO         2631    .text               mf_w.l(dfixi.o)
    0x08004f46   0x00000032   Code   RO         2633    .text               mf_w.l(dfixui.o)
    0x08004f78   0x00000026   Code   RO         2635    .text               mf_w.l(f2d.o)
    0x08004f9e   0x00000038   Code   RO         2637    .text               mf_w.l(d2f.o)
    0x08004fd6   0x0000002c   Code   RO         2662    .text               mc_w.l(uidiv.o)
    0x08005002   0x0000001e   Code   RO         2666    .text               mc_w.l(llshl.o)
    0x08005020   0x00000020   Code   RO         2668    .text               mc_w.l(llushr.o)
    0x08005040   0x00000024   Code   RO         2670    .text               mc_w.l(llsshr.o)
    0x08005064   0x00000000   Code   RO         2679    .text               mc_w.l(iusefp.o)
    0x08005064   0x0000006c   Code   RO         2680    .text               mf_w.l(fepilogue.o)
    0x080050d0   0x000000be   Code   RO         2682    .text               mf_w.l(depilogue.o)
    0x0800518e   0x00000002   PAD
    0x08005190   0x00000028   Code   RO         2688    .text               mf_w.l(cdrcmple.o)
    0x080051b8   0x00000024   Code   RO         2702    .text               mc_w.l(init.o)
    0x080051dc   0x0000001a   Code   RO         2706    .text               mf_w.l(dfltui.o)
    0x080051f6   0x00000002   PAD
    0x080051f8   0x00000004   Code   RO         2324    SVC_TABLE           RTX_CM4.lib(SVC_Table.o)
    0x080051fc   0x00000028   Code   RO         2408    i.__0snprintf$1     mc_w.l(printf1.o)
    0x08005224   0x00000030   Code   RO         2698    i.__ARM_fpclassify  m_wm.l(fpclassify.o)
    0x08005254   0x00000004   PAD
    0x08005258   0x000000d8   Code   RO         2327    i.__hardfp_cos      m_wm.l(cos.o)
    0x08005330   0x00000118   Code   RO         2339    i.__hardfp_floor    m_wm.l(floor.o)
    0x08005448   0x000000d8   Code   RO         2345    i.__hardfp_sin      m_wm.l(sin.o)
    0x08005520   0x00000458   Code   RO         2642    i.__ieee754_rem_pio2  m_wm.l(rred.o)
    0x08005978   0x00000170   Code   RO         2639    i.__kernel_cos      m_wm.l(cos_i.o)
    0x08005ae8   0x000000f8   Code   RO         2700    i.__kernel_poly     m_wm.l(poly.o)
    0x08005be0   0x00000130   Code   RO         2647    i.__kernel_sin      m_wm.l(sin_i.o)
    0x08005d10   0x00000020   Code   RO         2690    i.__mathlib_dbl_underflow  m_wm.l(dunder.o)
    0x08005d30   0x0000000e   Code   RO         2710    i.__scatterload_copy  mc_w.l(handlers.o)
    0x08005d3e   0x00000002   Code   RO         2711    i.__scatterload_null  mc_w.l(handlers.o)
    0x08005d40   0x0000000e   Code   RO         2712    i.__scatterload_zeroinit  mc_w.l(handlers.o)
    0x08005d4e   0x00000002   PAD
    0x08005d50   0x0000000c   Code   RO         2674    i.__set_errno       mc_w.l(errno.o)
    0x08005d5c   0x00000046   Code   RO         2187    i._init_box         RTX_CM4.lib(rt_membox.o)
    0x08005da2   0x00000002   PAD
    0x08005da4   0x00000154   Code   RO         2414    i._printf_core      mc_w.l(printf1.o)
    0x08005ef8   0x00000016   Code   RO         2415    i._snputc           mc_w.l(printf1.o)
    0x08005f0e   0x00000002   PAD
    0x08005f10   0x00000030   Code   RO         2240    i.dbg_init          RTX_CM4.lib(hal_cm.o)
    0x08005f40   0x00000020   Code   RO         2241    i.dbg_task_notify   RTX_CM4.lib(hal_cm.o)
    0x08005f60   0x00000010   Code   RO         2242    i.dbg_task_switch   RTX_CM4.lib(hal_cm.o)
    0x08005f70   0x00000020   Code   RO         2694    i.fabs              m_wm.l(fabs.o)
    0x08005f90   0x0000002c   Code   RO         1286    i.isrMessagePut     RTX_CM4.lib(rt_cmsis.o)
    0x08005fbc   0x00000028   Code   RO         1933    i.isr_evt_set       RTX_CM4.lib(rt_event.o)
    0x08005fe4   0x00000050   Code   RO         2051    i.isr_mbx_receive   RTX_CM4.lib(rt_mailbox.o)
    0x08006034   0x0000000e   Code   RO         2052    i.isr_mbx_send      RTX_CM4.lib(rt_mailbox.o)
    0x08006042   0x00000010   Code   RO         2099    i.isr_sem_send      RTX_CM4.lib(rt_semaphore.o)
    0x08006052   0x00000002   PAD
    0x08006054   0x00000018   Code   RO         1287    i.osDelay           RTX_CM4.lib(rt_cmsis.o)
    0x0800606c   0x00000068   Code   RO         1289    i.osKernelStart     RTX_CM4.lib(rt_cmsis.o)
    0x080060d4   0x00000044   Code   RO         1297    i.osMessageGet      RTX_CM4.lib(rt_cmsis.o)
    0x08006118   0x00000018   Code   RO         1299    i.osMutexCreate     RTX_CM4.lib(rt_cmsis.o)
    0x08006130   0x00000018   Code   RO         1300    i.osMutexRelease    RTX_CM4.lib(rt_cmsis.o)
    0x08006148   0x00000018   Code   RO         1301    i.osMutexWait       RTX_CM4.lib(rt_cmsis.o)
    0x08006160   0x00000018   Code   RO         1306    i.osSemaphoreCreate  RTX_CM4.lib(rt_cmsis.o)
    0x08006178   0x00000030   Code   RO         1307    i.osSemaphoreRelease  RTX_CM4.lib(rt_cmsis.o)
    0x080061a8   0x00000018   Code   RO         1308    i.osSemaphoreWait   RTX_CM4.lib(rt_cmsis.o)
    0x080061c0   0x00000034   Code   RO         1311    i.osSignalSet       RTX_CM4.lib(rt_cmsis.o)
    0x080061f4   0x00000018   Code   RO         1312    i.osSignalWait      RTX_CM4.lib(rt_cmsis.o)
    0x0800620c   0x00000018   Code   RO         1313    i.osThreadCreate    RTX_CM4.lib(rt_cmsis.o)
    0x08006224   0x00000018   Code   RO         1314    i.osThreadExit      RTX_CM4.lib(rt_cmsis.o)
    0x0800623c   0x00000018   Code   RO         1315    i.osThreadGetId     RTX_CM4.lib(rt_cmsis.o)
    0x08006254   0x0000000c   Code   RO         1320    i.osTimerCall       RTX_CM4.lib(rt_cmsis.o)
    0x08006260   0x0000002c   Code   RO         1324    i.osTimerThread     RTX_CM4.lib(rt_cmsis.o)
    0x0800628c   0x0000001c   Code   RO         2188    i.rt_alloc_box      RTX_CM4.lib(rt_membox.o)
    0x080062a8   0x0000003c   Code   RO         2216    i.rt_alloc_mem      RTX_CM4.lib(rt_memory.o)
    0x080062e4   0x00000038   Code   RO         1808    i.rt_block          RTX_CM4.lib(rt_task.o)
    0x0800631c   0x00000048   Code   RO         2293    i.rt_chk_robin      RTX_CM4.lib(rt_robin.o)
    0x08006364   0x00000070   Code   RO         1975    i.rt_dec_dly        RTX_CM4.lib(rt_list.o)
    0x080063d4   0x00000044   Code   RO         1809    i.rt_dispatch       RTX_CM4.lib(rt_task.o)
    0x08006418   0x00000006   Code   RO         2135    i.rt_dly_wait       RTX_CM4.lib(rt_time.o)
    0x0800641e   0x00000002   PAD
    0x08006420   0x00000050   Code   RO         1936    i.rt_evt_psh        RTX_CM4.lib(rt_event.o)
    0x08006470   0x0000005c   Code   RO         1937    i.rt_evt_set        RTX_CM4.lib(rt_event.o)
    0x080064cc   0x00000040   Code   RO         1938    i.rt_evt_wait       RTX_CM4.lib(rt_event.o)
    0x0800650c   0x00000020   Code   RO         2189    i.rt_free_box       RTX_CM4.lib(rt_membox.o)
    0x0800652c   0x00000028   Code   RO         2217    i.rt_free_mem       RTX_CM4.lib(rt_memory.o)
    0x08006554   0x00000028   Code   RO         1976    i.rt_get_first      RTX_CM4.lib(rt_list.o)
    0x0800657c   0x00000008   Code   RO         1327    i.rt_id2obj         RTX_CM4.lib(rt_cmsis.o)
    0x08006584   0x00000040   Code   RO         1810    i.rt_init_context   RTX_CM4.lib(rt_task.o)
    0x080065c4   0x0000001a   Code   RO         2218    i.rt_init_mem       RTX_CM4.lib(rt_memory.o)
    0x080065de   0x00000002   PAD
    0x080065e0   0x00000018   Code   RO         2294    i.rt_init_robin     RTX_CM4.lib(rt_robin.o)
    0x080065f8   0x00000050   Code   RO         2243    i.rt_init_stack     RTX_CM4.lib(hal_cm.o)
    0x08006648   0x00000008   Code   RO         2053    i.rt_mbx_check      RTX_CM4.lib(rt_mailbox.o)
    0x08006650   0x0000001a   Code   RO         2054    i.rt_mbx_init       RTX_CM4.lib(rt_mailbox.o)
    0x0800666a   0x00000002   PAD
    0x0800666c   0x000000fc   Code   RO         2055    i.rt_mbx_psh        RTX_CM4.lib(rt_mailbox.o)
    0x08006768   0x000000b4   Code   RO         2057    i.rt_mbx_wait       RTX_CM4.lib(rt_mailbox.o)
    0x0800681c   0x0000003c   Code   RO         1328    i.rt_ms2tick        RTX_CM4.lib(rt_cmsis.o)
    0x08006858   0x00000010   Code   RO         2162    i.rt_mut_init       RTX_CM4.lib(rt_mutex.o)
    0x08006868   0x000000a0   Code   RO         2163    i.rt_mut_release    RTX_CM4.lib(rt_mutex.o)
    0x08006908   0x00000064   Code   RO         2164    i.rt_mut_wait       RTX_CM4.lib(rt_mutex.o)
    0x0800696c   0x00000078   Code   RO         1887    i.rt_pop_req        RTX_CM4.lib(rt_system.o)
    0x080069e4   0x00000020   Code   RO         1888    i.rt_psh_req        RTX_CM4.lib(rt_system.o)
    0x08006a04   0x00000058   Code   RO         1978    i.rt_psq_enq        RTX_CM4.lib(rt_list.o)
    0x08006a5c   0x0000005c   Code   RO         1979    i.rt_put_dly        RTX_CM4.lib(rt_list.o)
    0x08006ab8   0x00000038   Code   RO         1980    i.rt_put_prio       RTX_CM4.lib(rt_list.o)
    0x08006af0   0x00000014   Code   RO         1981    i.rt_put_rdy_first  RTX_CM4.lib(rt_list.o)
    0x08006b04   0x00000034   Code   RO         1982    i.rt_resort_prio    RTX_CM4.lib(rt_list.o)
    0x08006b38   0x00000010   Code   RO         2244    i.rt_ret_regs       RTX_CM4.lib(hal_cm.o)
    0x08006b48   0x0000000c   Code   RO         2245    i.rt_ret_val        RTX_CM4.lib(hal_cm.o)
    0x08006b54   0x00000010   Code   RO         2246    i.rt_ret_val2       RTX_CM4.lib(hal_cm.o)
    0x08006b64   0x00000028   Code   RO         1983    i.rt_rmv_dly        RTX_CM4.lib(rt_list.o)
    0x08006b8c   0x00000030   Code   RO         1984    i.rt_rmv_list       RTX_CM4.lib(rt_list.o)
    0x08006bbc   0x0000000c   Code   RO         2100    i.rt_sem_init       RTX_CM4.lib(rt_semaphore.o)
    0x08006bc8   0x00000034   Code   RO         2101    i.rt_sem_psh        RTX_CM4.lib(rt_semaphore.o)
    0x08006bfc   0x0000002a   Code   RO         2102    i.rt_sem_send       RTX_CM4.lib(rt_semaphore.o)
    0x08006c26   0x00000002   PAD
    0x08006c28   0x0000003c   Code   RO         2103    i.rt_sem_wait       RTX_CM4.lib(rt_semaphore.o)
    0x08006c64   0x00000024   Code   RO         1889    i.rt_stk_check      RTX_CM4.lib(rt_system.o)
    0x08006c88   0x00000028   Code   RO         1811    i.rt_switch_req     RTX_CM4.lib(rt_task.o)
    0x08006cb0   0x00000140   Code   RO         1812    i.rt_sys_init       RTX_CM4.lib(rt_task.o)
    0x08006df0   0x0000003c   Code   RO         1890    i.rt_systick        RTX_CM4.lib(rt_system.o)
    0x08006e2c   0x00000012   Code   RO         1329    i.rt_tid2ptcb       RTX_CM4.lib(rt_cmsis.o)
    0x08006e3e   0x00000002   PAD
    0x08006e40   0x0000003c   Code   RO         1330    i.rt_timer_insert   RTX_CM4.lib(rt_cmsis.o)
    0x08006e7c   0x00000080   Code   RO         1813    i.rt_tsk_create     RTX_CM4.lib(rt_task.o)
    0x08006efc   0x000000ac   Code   RO         1814    i.rt_tsk_delete     RTX_CM4.lib(rt_task.o)
    0x08006fa8   0x00000010   Code   RO         1817    i.rt_tsk_self       RTX_CM4.lib(rt_task.o)
    0x08006fb8   0x00000014   Code   RO         1332    i.svcDelay          RTX_CM4.lib(rt_cmsis.o)
    0x08006fcc   0x000000d4   Code   RO         1333    i.svcKernelStart    RTX_CM4.lib(rt_cmsis.o)
    0x080070a0   0x00000024   Code   RO         1335    i.svcMessageCreate  RTX_CM4.lib(rt_cmsis.o)
    0x080070c4   0x0000003a   Code   RO         1336    i.svcMessageGet     RTX_CM4.lib(rt_cmsis.o)
    0x080070fe   0x0000001c   Code   RO         1338    i.svcMutexCreate    RTX_CM4.lib(rt_cmsis.o)
    0x0800711a   0x00000022   Code   RO         1339    i.svcMutexRelease   RTX_CM4.lib(rt_cmsis.o)
    0x0800713c   0x00000036   Code   RO         1340    i.svcMutexWait      RTX_CM4.lib(rt_cmsis.o)
    0x08007172   0x00000024   Code   RO         1342    i.svcSemaphoreCreate  RTX_CM4.lib(rt_cmsis.o)
    0x08007196   0x0000001a   Code   RO         1343    i.svcSemaphoreRelease  RTX_CM4.lib(rt_cmsis.o)
    0x080071b0   0x00000036   Code   RO         1344    i.svcSemaphoreWait  RTX_CM4.lib(rt_cmsis.o)
    0x080071e6   0x00000024   Code   RO         1347    i.svcSignalSet      RTX_CM4.lib(rt_cmsis.o)
    0x0800720a   0x00000002   PAD
    0x0800720c   0x00000054   Code   RO         1348    i.svcSignalWait     RTX_CM4.lib(rt_cmsis.o)
    0x08007260   0x00000070   Code   RO         1349    i.svcThreadCreate   RTX_CM4.lib(rt_cmsis.o)
    0x080072d0   0x0000001c   Code   RO         1350    i.svcThreadGetId    RTX_CM4.lib(rt_cmsis.o)
    0x080072ec   0x00000038   Code   RO         1353    i.svcThreadTerminate  RTX_CM4.lib(rt_cmsis.o)
    0x08007324   0x00000018   Code   RO         1355    i.svcTimerCall      RTX_CM4.lib(rt_cmsis.o)
    0x0800733c   0x00000054   Code   RO         1363    i.sysTimerTick      RTX_CM4.lib(rt_cmsis.o)
    0x08007390   0x00000058   Data   RO          140    .constdata          rtx_conf_cm.o
    0x080073e8   0x00000020   Data   RO          172    .constdata          main.o
    0x08007408   0x00000004   Data   RO          395    .constdata          wireless.o
    0x0800740c   0x00000008   Data   RO          453    .constdata          dma.o
    0x08007414   0x00000004   PAD
    0x08007418   0x00000030   Data   RO         2640    .constdata          m_wm.l(cos_i.o)
    0x08007448   0x000000c8   Data   RO         2644    .constdata          m_wm.l(rred.o)
    0x08007510   0x00000028   Data   RO         2648    .constdata          m_wm.l(sin_i.o)
    0x08007538   0x00000020   Data   RO         2708    Region$$Table       anon$$obj.o


    Execution Region RW_IRAM1 (Base: 0x20000000, Size: 0x00018c80, Max: 0x00020000, ABSOLUTE)

    Base Addr    Size         Type   Attr      Idx    E Section Name        Object

    0x20000000   0x00000014   Data   RW            4    .data               system_stm32f4xx.o
    0x20000014   0x00000010   Data   RW          141    .data               rtx_conf_cm.o
    0x20000024   0x00000034   Data   RW          257    .data               dsp.o
    0x20000058   0x00000004   Data   RW          287    .data               keypad.o
    0x2000005c   0x00000007   Data   RW          313    .data               lcd.o
    0x20000063   0x00000001   PAD
    0x20000064   0x00000014   Data   RW          396    .data               wireless.o
    0x20000078   0x00000022   Data   RW          429    .data               wirelessdriver.o
    0x2000009a   0x00000002   PAD
    0x2000009c   0x00000010   Data   RW          454    .data               dma.o
    0x200000ac   0x00000044   Data   RW          478    .data               audiodriver.o
    0x200000f0   0x00000010   Data   RW         1087    .data               stm32f4xx_rcc.o
    0x20000100   0x00000004   Data   RW         1364    .data               RTX_CM4.lib(rt_cmsis.o)
    0x20000104   0x00000008   Data   RW         1819    .data               RTX_CM4.lib(rt_task.o)
    0x2000010c   0x00000003   Data   RW         1893    .data               RTX_CM4.lib(rt_system.o)
    0x2000010f   0x00000001   PAD
    0x20000110   0x00000002   Data   RW         2138    .data               RTX_CM4.lib(rt_time.o)
    0x20000112   0x00000001   Data   RW         2247    .data               RTX_CM4.lib(hal_cm.o)
    0x20000113   0x00000001   PAD
    0x20000114   0x00000008   Data   RW         2295    .data               RTX_CM4.lib(rt_robin.o)
    0x2000011c   0x00000004   Data   RW         2675    .data               mc_w.l(errno.o)
    0x20000120   0x00016720   Zero   RW          139    .bss                rtx_conf_cm.o
    0x20016840   0x00001f40   Zero   RW          256    .bss                dsp.o
    0x20018780   0x00000018   Zero   RW          428    .bss                wirelessdriver.o
    0x20018798   0x0000000c   Zero   RW          452    .bss                dma.o
    0x200187a4   0x00000078   Zero   RW          477    .bss                audiodriver.o
    0x2001881c   0x00000030   Zero   RW         1818    .bss                RTX_CM4.lib(rt_task.o)
    0x2001884c   0x00000030   Zero   RW         1985    .bss                RTX_CM4.lib(rt_list.o)
    0x2001887c   0x00000004   PAD
    0x20018880   0x00000400   Zero   RW          130    STACK               startup_stm32f4xx.o


==============================================================================

Image component sizes


      Code (inc. data)   RO Data    RW Data    ZI Data      Debug   Object Name

      2920        232          0         68        120       9196   audiodriver.o
       552         44          8         16         12       2237   dma.o
      2004        204          0         52       8000       4510   dsp.o
       672         24          0          4          0       3271   keypad.o
       732        100          0          7          0       3111   lcd.o
       232          6          0          0          0       1709   led.o
       320          4         32          0          0       6881   main.o
       228         22          0          0          0      16533   misc.o
        24          6         88         16      91936       6560   rtx_conf_cm.o
        36          8        392          0       1024        792   startup_stm32f4xx.o
       492          6          0          0          0       9841   stm32f4xx_dac.o
       932         32          0          0          0      19025   stm32f4xx_dma.o
       588         36          0          0          0      10537   stm32f4xx_gpio.o
      1036         24          0          0          0      16223   stm32f4xx_i2c.o
      1408         48          0         16          0      23979   stm32f4xx_rcc.o
      1012         22          0          0          0      14973   stm32f4xx_spi.o
      3234         60          0          0          0      42192   stm32f4xx_tim.o
       556         48          0         20          0     287639   system_stm32f4xx.o
       120          6          0          0          0        656   tim3.o
       220         26          4         20          0       2222   wireless.o
      1304         42          0         34         24       5840   wirelessdriver.o

    ----------------------------------------------------------------------
     18622       1000        560        256     101116     487927   Object Totals
         0          0         32          0          0          0   (incl. Generated)
         0          0          4          3          0          0   (incl. Padding)

    ----------------------------------------------------------------------

      Code (inc. data)   RO Data    RW Data    ZI Data      Debug   Library Member Name

         4          4          0          0          0        132   SVC_Table.o
       220         24          0          1          0       3876   hal_cm.o
       372         32          0          0          0        616   hal_cm4.o
      1740        182          0          4          0      37637   rt_cmsis.o
       276         20          0          0          0       2550   rt_event.o
       548         36          0          0         48       7201   rt_list.o
       560         10          0          0          0       3829   rt_mailbox.o
       130          0          0          0          0       1837   rt_membox.o
       126          0          0          0          0       2159   rt_memory.o
       276         14          0          0          0       1869   rt_mutex.o
        96         24          0          8          0       1042   rt_robin.o
       182          8          0          0          0       2810   rt_semaphore.o
       248         44          0          3          0       2066   rt_system.o
       864        154          0          8         48       7224   rt_task.o
         6          0          0          2          0        572   rt_time.o
       216         16          0          0          0        152   cos.o
       368         46         48          0          0        200   cos_i.o
        32          8          0          0          0        124   dunder.o
        32          0          0          0          0        124   fabs.o
       280         28          0          0          0        156   floor.o
        48          0          0          0          0        124   fpclassify.o
       248          0          0          0          0        152   poly.o
      1112        140        200          0          0        188   rred.o
       216         16          0          0          0        152   sin.o
       304         24         40          0          0        208   sin_i.o
         0          0          0          0          0          0   entry.o
         8          4          0          0          0          0   entry2.o
         4          0          0          0          0          0   entry5.o
         0          0          0          0          0          0   entry7b.o
        12          6          0          4          0         68   errno.o
        30          0          0          0          0          0   handlers.o
        36          8          0          0          0         68   init.o
         0          0          0          0          0          0   iusefp.o
        30          0          0          0          0         68   llshl.o
        36          0          0          0          0         68   llsshr.o
        32          0          0          0          0         68   llushr.o
       402         10          0          0          0        248   printf1.o
        16          0          0          0          0         68   strlen.o
        44          0          0          0          0         80   uidiv.o
        40          2          0          0          0         68   cdrcmple.o
        56          0          0          0          0         88   d2f.o
       334          0          0          0          0        144   dadd.o
       222          0          0          0          0        100   ddiv.o
       190          0          0          0          0        176   depilogue.o
        62          0          0          0          0         80   dfixi.o
        50          0          0          0          0         76   dfixui.o
        34          0          0          0          0         76   dflti.o
        26          0          0          0          0         76   dfltui.o
       228          0          0          0          0         92   dmul.o
        38          0          0          0          0         68   f2d.o
       108          0          0          0          0        168   fepilogue.o

    ----------------------------------------------------------------------
     10570        860        288         32        100      78948   Library Totals
        28          0          0          2          4          0   (incl. Padding)

    ----------------------------------------------------------------------

      Code (inc. data)   RO Data    RW Data    ZI Data      Debug   Library Name

      5648        552          0         26         96      75420   RTX_CM4.lib
      2856        278        288          0          0       1580   m_wm.l
       650         28          0          4          0        736   mc_w.l
      1388          2          0          0          0       1212   mf_w.l

    ----------------------------------------------------------------------
     10570        860        288         32        100      78948   Library Totals

    ----------------------------------------------------------------------

==============================================================================


      Code (inc. data)   RO Data    RW Data    ZI Data      Debug   

     29192       1860        848        288     101216     551087   Grand Totals
     29192       1860        848        288     101216     551087   ELF Image Totals
     29192       1860        848        288          0          0   ROM Totals

==============================================================================

    Total RO  Size (Code + RO Data)                30040 (  29.34kB)
    Total RW  Size (RW Data + ZI Data)            101504 (  99.13kB)
    Total ROM Size (Code + RO Data + RW Data)      30328 (  29.62kB)

==============================================================================

