<html>
<body>
<pre>
<h1>µVision Build Log</h1>
<h2>Project:</h2>
C:\Users\Chris\Dropbox\gitHub\microP\exploratory\firstProject\addTwo.uvproj
Project File Date:  01/20/2013

<h2>Output:</h2>
Build target 'Target 1'
assembling startup_stm32f4xx.s...
assembling addingFunc.s...
addingFunc.s(3): error: A1108E: Multiply defined symbol 'addingFunc'
Target not created
Rebuild target 'Target 1'
assembling startup_stm32f4xx.s...
assembling addingFunc.s...
linking...
addTwo.axf: Warning: L6665W: Neither Lib$$Request$$armlib Lib$$Request$$cpplib defined, not searching ARM libraries.
addTwo.axf: Error: L6218E: Undefined symbol __use_two_region_memory (referred from startup_stm32f4xx.o).
Target not created
Rebuild target 'Target 1'
assembling startup_stm32f4xx.s...
assembling addingFunc.s...
linking...
addTwo.axf: Warning: L6665W: Neither Lib$$Request$$armlib Lib$$Request$$cpplib defined, not searching ARM libraries.
addTwo.sct(7): error: L6235E: More than one section matches selector - cannot all be FIRST/LAST.
"addTwo.axf" - 1 Error(s), 1 Warning(s).
Rebuild target 'Target 1'
assembling startup_stm32f4xx.s...
assembling addingFunc.s...
linking...
addTwo.axf: Warning: L6665W: Neither Lib$$Request$$armlib Lib$$Request$$cpplib defined, not searching ARM libraries.
addTwo.axf: Error: L6218E: Undefined symbol __use_two_region_memory (referred from startup_stm32f4xx.o).
Target not created
Rebuild target 'Target 1'
assembling startup_stm32f4xx.s...
assembling addingFunc.s...
linking...
addTwo.axf: Warning: L6305W: Image does not have an entry point. (Not specified or not set due to multiple choices.)
addTwo.sct(8): warning: L6314W: No section matches pattern *(InRoot$$Sections).
Program Size: Code=68 RO-data=392 RW-data=0 ZI-data=1536  
"addTwo.axf" - 0 Error(s), 2 Warning(s).
Build target 'Target 1'
assembling addingFunc.s...
linking...
addTwo.axf: Warning: L6305W: Image does not have an entry point. (Not specified or not set due to multiple choices.)
addTwo.sct(8): warning: L6314W: No section matches pattern *(InRoot$$Sections).
Program Size: Code=72 RO-data=392 RW-data=0 ZI-data=1536  
"addTwo.axf" - 0 Error(s), 2 Warning(s).
