ARM Linker, 5.03 [Build 24] [MDK-ARM Lite]

==============================================================================

Section Cross References

    system_stm32f4xx.o(.text) refers to system_stm32f4xx.o(.data) for SystemCoreClock
    startup_stm32f4xx.o(RESET) refers to startup_stm32f4xx.o(STACK) for __initial_sp
    startup_stm32f4xx.o(RESET) refers to startup_stm32f4xx.o(.text) for Reset_Handler
    startup_stm32f4xx.o(RESET) refers to hal_cm4.o(.emb_text) for SVC_Handler
    startup_stm32f4xx.o(RESET) refers to main.o(.text) for EXTI0_IRQHandler
    startup_stm32f4xx.o(RESET) refers to accmode.o(.text) for DMA2_Stream0_IRQHandler
    startup_stm32f4xx.o(.text) refers to system_stm32f4xx.o(.text) for SystemInit
    startup_stm32f4xx.o(.text) refers to entry.o(.ARM.Collect$$$$00000000) for __main
    rtx_conf_cm.o(.ARM.Collect$$$$000000FF) refers to rt_cmsis.o(i.osKernelStart) for osKernelStart
    rtx_conf_cm.o(.ARM.Collect$$$$000000FF) refers to rtx_conf_cm.o(.constdata) for .constdata
    rtx_conf_cm.o(.constdata) refers to rt_cmsis.o(i.osTimerThread) for osTimerThread
    rtx_conf_cm.o(.constdata) refers to rtx_conf_cm.o(.bss) for os_messageQ_q_osTimerMessageQ
    rtx_conf_cm.o(.constdata) refers to main.o(.text) for main
    main.o(.text) refers to stm32f4xx_exti.o(.text) for EXTI_ClearFlag
    main.o(.text) refers to rt_cmsis.o(i.osSignalSet) for osSignalSet
    main.o(.text) refers to stm32f4xx_tim.o(.text) for TIM_ClearITPendingBit
    main.o(.text) refers to rt_cmsis.o(i.osThreadGetId) for osThreadGetId
    main.o(.text) refers to rt_cmsis.o(i.osThreadCreate) for osThreadCreate
    main.o(.text) refers to led.o(.text) for LED_init
    main.o(.text) refers to button.o(.text) for buttonInit
    main.o(.text) refers to tempmode.o(.text) for tM_init
    main.o(.text) refers to accmode.o(.text) for aM_init
    main.o(.text) refers to rt_cmsis.o(i.osSemaphoreWait) for osSemaphoreWait
    main.o(.text) refers to rt_cmsis.o(i.osSemaphoreRelease) for osSemaphoreRelease
    main.o(.text) refers to tim3.o(.text) for TIM3_Init
    main.o(.text) refers to rt_cmsis.o(i.osSignalWait) for osSignalWait
    main.o(.text) refers to acc.o(.text) for acc_clearLatch
    main.o(.text) refers to main.o(.data) for mainThread_ID
    main.o(.text) refers to accmode.o(.data) for accThread_ID
    main.o(.text) refers to tempmode.o(.data) for tempThread_ID
    main.o(.text) refers to main.o(.constdata) for .constdata
    main.o(.constdata) refers to tempmode.o(.text) for tM_run
    main.o(.constdata) refers to accmode.o(.text) for aM_run
    acc.o(.text) refers to stm32f4_discovery_lis302dl.o(.text) for LIS302DL_Read
    acc.o(.text) refers to stm32f4xx_rcc.o(.text) for RCC_APB2PeriphClockCmd
    acc.o(.text) refers to stm32f4xx_syscfg.o(.text) for SYSCFG_EXTILineConfig
    acc.o(.text) refers to stm32f4xx_exti.o(.text) for EXTI_Init
    acc.o(.text) refers to misc.o(.text) for NVIC_Init
    adc.o(.text) refers to stm32f4xx_adc.o(.text) for ADC_SoftwareStartConv
    adc.o(.text) refers to dfltui.o(.text) for __aeabi_ui2d
    adc.o(.text) refers to dmul.o(.text) for __aeabi_dmul
    adc.o(.text) refers to ddiv.o(.text) for __aeabi_ddiv
    adc.o(.text) refers to dadd.o(.text) for __aeabi_dsub
    adc.o(.text) refers to d2f.o(.text) for __aeabi_d2f
    adc.o(.text) refers to stm32f4xx_rcc.o(.text) for RCC_APB2PeriphClockCmd
    button.o(.text) refers to stm32f4xx_rcc.o(.text) for RCC_AHB1PeriphClockCmd
    button.o(.text) refers to stm32f4xx_gpio.o(.text) for GPIO_Init
    button.o(.text) refers to button.o(.data) for isDown
    led.o(.text) refers to stm32f4xx_rcc.o(.text) for RCC_AHB1PeriphClockCmd
    led.o(.text) refers to stm32f4xx_gpio.o(.text) for GPIO_Init
    stm32f4_discovery_lis302dl.o(.text) refers to stm32f4xx_spi.o(.text) for SPI_I2S_GetFlagStatus
    stm32f4_discovery_lis302dl.o(.text) refers to stm32f4xx_gpio.o(.text) for GPIO_ResetBits
    stm32f4_discovery_lis302dl.o(.text) refers to stm32f4xx_rcc.o(.text) for RCC_APB2PeriphClockCmd
    stm32f4_discovery_lis302dl.o(.text) refers to stm32f4_discovery_lis302dl.o(.data) for LIS302DLTimeout
    tempmode.o(.text) refers to adc.o(.text) for ADC_init
    tempmode.o(.text) refers to rt_cmsis.o(i.osSemaphoreCreate) for osSemaphoreCreate
    tempmode.o(.text) refers to f2d.o(.text) for __aeabi_f2d
    tempmode.o(.text) refers to fmod.o(i.__hardfp_fmod) for __hardfp_fmod
    tempmode.o(.text) refers to d2f.o(.text) for __aeabi_d2f
    tempmode.o(.text) refers to led.o(.text) for LED_set
    tempmode.o(.text) refers to memseta.o(.text) for __aeabi_memclr4
    tempmode.o(.text) refers to rt_cmsis.o(i.osSignalWait) for osSignalWait
    tempmode.o(.text) refers to moving_average_c.o(.text) for moving_average
    tempmode.o(.text) refers to rt_cmsis.o(i.osSemaphoreWait) for osSemaphoreWait
    tempmode.o(.text) refers to button.o(.text) for buttonWasPushed
    tempmode.o(.text) refers to rt_cmsis.o(i.osSemaphoreRelease) for osSemaphoreRelease
[...]
    __tagsym$$used                           0x080066ec   Number         0  rtx_conf_cm.o(.constdata)
    __tagsym$$used                           0x080066f0   Number         0  rtx_conf_cm.o(.constdata)
    .constdata                               0x08006730   Section       32  main.o(.constdata)
    .constdata                               0x08006750   Section        4  tempmode.o(.constdata)
    .constdata                               0x08006754   Section        4  accmode.o(.constdata)
    .constdata                               0x08006758   Section      152  atan.o(.constdata)
    atanhi                                   0x08006758   Data          32  atan.o(.constdata)
    atanlo                                   0x08006778   Data          32  atan.o(.constdata)
    aTodd                                    0x08006798   Data          40  atan.o(.constdata)
    aTeven                                   0x080067c0   Data          48  atan.o(.constdata)
    .constdata                               0x080067f0   Section        8  qnan.o(.constdata)
    .bss                                     0x10000000   Section     6992  rtx_conf_cm.o(.bss)
    .data                                    0x20000000   Section       20  system_stm32f4xx.o(.data)
    .data                                    0x20000014   Section       16  rtx_conf_cm.o(.data)
    .data                                    0x20000024   Section        4  main.o(.data)
    .data                                    0x20000028   Section        4  button.o(.data)
    isDown                                   0x20000028   Data           4  button.o(.data)
    .data                                    0x2000002c   Section        8  fputc_debug.o(.data)
    .data                                    0x20000034   Section        4  stm32f4_discovery_lis302dl.o(.data)
    .data                                    0x20000038   Section       16  tempmode.o(.data)
    .data                                    0x20000048   Section       32  accmode.o(.data)
    .data                                    0x20000068   Section       16  stm32f4xx_rcc.o(.data)
    APBAHBPrescTable                         0x20000068   Data          16  stm32f4xx_rcc.o(.data)
    .data                                    0x20000078   Section        4  rt_cmsis.o(.data)
    .data                                    0x2000007c   Section        8  rt_task.o(.data)
    .data                                    0x20000084   Section        3  rt_system.o(.data)
    os_lock                                  0x20000084   Data           1  rt_system.o(.data)
    os_psh_flag                              0x20000085   Data           1  rt_system.o(.data)
    pend_flags                               0x20000086   Data           1  rt_system.o(.data)
    .data                                    0x20000088   Section        2  rt_time.o(.data)
    .data                                    0x2000008a   Section        1  hal_cm.o(.data)
    .data                                    0x2000008c   Section        8  rt_robin.o(.data)
    .data                                    0x20000094   Section        4  errno.o(.data)
    _errno                                   0x20000094   Data           4  errno.o(.data)
    .bss                                     0x20000098   Section       84  accmode.o(.bss)
    fs                                       0x20000098   Data          84  accmode.o(.bss)
    .bss                                     0x200000ec   Section       48  rt_task.o(.bss)
    .bss                                     0x2000011c   Section       48  rt_list.o(.bss)
    STACK                                    0x20000150   Section     1024  startup_stm32f4xx.o(STACK)

    Global Symbols

    Symbol Name                              Value     Ov Type        Size  Object(Section)

    BuildAttributes$$THM_ISAv4$E$P$D$K$B$S$7EM$VFPi3$EXTD16$VFPS$VFMA$PE$A:L22UL41UL21$X:L11$S22US41US21$IEEE1$IW$USESV6$~STKCKD$USESV7$~SHL$OTIME$ROPI$IEEEX$EBA8$MICROLIB$REQ8$PRES8$EABIv2 0x00000000   Number         0  anon$$obj.o ABSOLUTE
    __ARM_use_no_argv                        0x00000000   Number         0  main.o ABSOLUTE
    __use_no_errno                           0x00000000   Number         0  useno.o ABSOLUTE
    __use_no_exception_handling              0x00000000   Number         0  useno.o ABSOLUTE
    __use_no_fp                              0x00000000   Number         0  useno.o ABSOLUTE
    __use_no_heap                            0x00000000   Number         0  useno.o ABSOLUTE
    __use_no_heap_region                     0x00000000   Number         0  useno.o ABSOLUTE
    __use_no_semihosting                     0x00000000   Number         0  useno.o ABSOLUTE
    __use_no_semihosting_swi                 0x00000000   Number         0  useno.o ABSOLUTE
    __use_no_signal_handling                 0x00000000   Number         0  useno.o ABSOLUTE
    _printf_a                                0x00000000   Number         0  stubs.o ABSOLUTE
    _printf_c                                0x00000000   Number         0  stubs.o ABSOLUTE
    _printf_charcount                        0x00000000   Number         0  stubs.o ABSOLUTE
    _printf_d                                0x00000000   Number         0  stubs.o ABSOLUTE
    _printf_e                                0x00000000   Number         0  stubs.o ABSOLUTE
    _printf_f                                0x00000000   Number         0  stubs.o ABSOLUTE
    _printf_flags                            0x00000000   Number         0  stubs.o ABSOLUTE
    _printf_fp_dec                           0x00000000   Number         0  stubs.o ABSOLUTE
    _printf_fp_hex                           0x00000000   Number         0  stubs.o ABSOLUTE
    _printf_g                                0x00000000   Number         0  stubs.o ABSOLUTE
    _printf_i                                0x00000000   Number         0  stubs.o ABSOLUTE
    _printf_int_dec                          0x00000000   Number         0  stubs.o ABSOLUTE
    _printf_l                                0x00000000   Number         0  stubs.o ABSOLUTE
    _printf_lc                               0x00000000   Number         0  stubs.o ABSOLUTE
    _printf_ll                               0x00000000   Number         0  stubs.o ABSOLUTE
    _printf_lld                              0x00000000   Number         0  stubs.o ABSOLUTE
    _printf_lli                              0x00000000   Number         0  stubs.o ABSOLUTE
    _printf_llo                              0x00000000   Number         0  stubs.o ABSOLUTE
    _printf_llu                              0x00000000   Number         0  stubs.o ABSOLUTE
    _printf_llx                              0x00000000   Number         0  stubs.o ABSOLUTE
    _printf_longlong_dec                     0x00000000   Number         0  stubs.o ABSOLUTE
    _printf_longlong_hex                     0x00000000   Number         0  stubs.o ABSOLUTE
    _printf_longlong_oct                     0x00000000   Number         0  stubs.o ABSOLUTE
    _printf_ls                               0x00000000   Number         0  stubs.o ABSOLUTE
    _printf_mbtowc                           0x00000000   Number         0  stubs.o ABSOLUTE
    _printf_n                                0x00000000   Number         0  stubs.o ABSOLUTE
    _printf_o                                0x00000000   Number         0  stubs.o ABSOLUTE
    _printf_p                                0x00000000   Number         0  stubs.o ABSOLUTE
    _printf_percent                          0x00000000   Number         0  stubs.o ABSOLUTE
    _printf_pre_padding                      0x00000000   Number         0  stubs.o ABSOLUTE
    _printf_return_value                     0x00000000   Number         0  stubs.o ABSOLUTE
    _printf_s                                0x00000000   Number         0  stubs.o ABSOLUTE
    _printf_sizespec                         0x00000000   Number         0  stubs.o ABSOLUTE
    _printf_str                              0x00000000   Number         0  stubs.o ABSOLUTE
    _printf_truncate_signed                  0x00000000   Number         0  stubs.o ABSOLUTE
    _printf_truncate_unsigned                0x00000000   Number         0  stubs.o ABSOLUTE
    _printf_u                                0x00000000   Number         0  stubs.o ABSOLUTE
    _printf_wc                               0x00000000   Number         0  stubs.o ABSOLUTE
    _printf_wctomb                           0x00000000   Number         0  stubs.o ABSOLUTE
    _printf_widthprec                        0x00000000   Number         0  stubs.o ABSOLUTE
    _printf_x                                0x00000000   Number         0  stubs.o ABSOLUTE
    __cpp_initialize__aeabi_                  - Undefined Weak Reference
    __cxa_finalize                            - Undefined Weak Reference
    __decompress                              - Undefined Weak Reference
    _clock_init                               - Undefined Weak Reference
    _microlib_exit                            - Undefined Weak Reference
    __Vectors_Size                           0x00000188   Number         0  startup_stm32f4xx.o ABSOLUTE
    __RL_RTX_VER                             0x00000422   Number         0  rt_system.o ABSOLUTE
    __Vectors                                0x08000000   Data           4  startup_stm32f4xx.o(RESET)
    __Vectors_End                            0x08000188   Data           0  startup_stm32f4xx.o(RESET)
    __main                                   0x08000189   Thumb Code     0  entry.o(.ARM.Collect$$$$00000000)
    _main_stk                                0x08000189   Thumb Code     0  entry2.o(.ARM.Collect$$$$00000001)
    _main_scatterload                        0x0800018d   Thumb Code     0  entry5.o(.ARM.Collect$$$$00000004)
    __main_after_scatterload                 0x08000191   Thumb Code     0  entry5.o(.ARM.Collect$$$$00000004)
    __rt_final_cpp                           0x08000191   Thumb Code     0  entry10a.o(.ARM.Collect$$$$0000000D)
    __rt_final_exit                          0x08000191   Thumb Code     0  entry11a.o(.ARM.Collect$$$$0000000F)
    _main_clock                              0x08000191   Thumb Code     0  entry7b.o(.ARM.Collect$$$$00000008)
    _main_cpp_init                           0x08000191   Thumb Code     0  entry8b.o(.ARM.Collect$$$$0000000A)
    _main_init                               0x08000191   Thumb Code    10  rtx_conf_cm.o(.ARM.Collect$$$$000000FF)
    rt_set_PSP                               0x080001a5   Thumb Code     6  hal_cm4.o(.emb_text)
    os_set_env                               0x080001ab   Thumb Code    26  hal_cm4.o(.emb_text)
    _alloc_box                               0x080001c9   Thumb Code    28  hal_cm4.o(.emb_text)
    _free_box                                0x080001e9   Thumb Code    28  hal_cm4.o(.emb_text)
    SVC_Handler                              0x08000209   Thumb Code   152  hal_cm4.o(.emb_text)
    PendSV_Handler                           0x080002ad   Thumb Code     0  hal_cm4.o(.emb_text)
    Sys_Handler                              0x080002ad   Thumb Code   104  hal_cm4.o(.emb_text)
    SysTick_Handler                          0x0800030d   Thumb Code     0  hal_cm4.o(.emb_text)
    SystemInit                               0x080003f3   Thumb Code    88  system_stm32f4xx.o(.text)
    SystemCoreClockUpdate                    0x0800044b   Thumb Code   174  system_stm32f4xx.o(.text)
    Reset_Handler                            0x08000525   Thumb Code     8  startup_stm32f4xx.o(.text)
    NMI_Handler                              0x0800052d   Thumb Code     2  startup_stm32f4xx.o(.text)
    HardFault_Handler                        0x0800052f   Thumb Code     2  startup_stm32f4xx.o(.text)
    MemManage_Handler                        0x08000531   Thumb Code     2  startup_stm32f4xx.o(.text)
    BusFault_Handler                         0x08000533   Thumb Code     2  startup_stm32f4xx.o(.text)
    UsageFault_Handler                       0x08000535   Thumb Code     2  startup_stm32f4xx.o(.text)
    DebugMon_Handler                         0x08000539   Thumb Code     2  startup_stm32f4xx.o(.text)
    ADC_IRQHandler                           0x0800053f   Thumb Code     0  startup_stm32f4xx.o(.text)
    CAN1_RX0_IRQHandler                      0x0800053f   Thumb Code     0  startup_stm32f4xx.o(.text)
    CAN1_RX1_IRQHandler                      0x0800053f   Thumb Code     0  startup_stm32f4xx.o(.text)
    CAN1_SCE_IRQHandler                      0x0800053f   Thumb Code     0  startup_stm32f4xx.o(.text)
    CAN1_TX_IRQHandler                       0x0800053f   Thumb Code     0  startup_stm32f4xx.o(.text)
    CAN2_RX0_IRQHandler                      0x0800053f   Thumb Code     0  startup_stm32f4xx.o(.text)
    CAN2_RX1_IRQHandler                      0x0800053f   Thumb Code     0  startup_stm32f4xx.o(.text)
    CAN2_SCE_IRQHandler                      0x0800053f   Thumb Code     0  startup_stm32f4xx.o(.text)
    CAN2_TX_IRQHandler                       0x0800053f   Thumb Code     0  startup_stm32f4xx.o(.text)
    CRYP_IRQHandler                          0x0800053f   Thumb Code     0  startup_stm32f4xx.o(.text)
    DCMI_IRQHandler                          0x0800053f   Thumb Code     0  startup_stm32f4xx.o(.text)
    DMA1_Stream0_IRQHandler                  0x0800053f   Thumb Code     0  startup_stm32f4xx.o(.text)
    DMA1_Stream1_IRQHandler                  0x0800053f   Thumb Code     0  startup_stm32f4xx.o(.text)
    DMA1_Stream2_IRQHandler                  0x0800053f   Thumb Code     0  startup_stm32f4xx.o(.text)
    DMA1_Stream3_IRQHandler                  0x0800053f   Thumb Code     0  startup_stm32f4xx.o(.text)
    DMA1_Stream4_IRQHandler                  0x0800053f   Thumb Code     0  startup_stm32f4xx.o(.text)
    DMA1_Stream5_IRQHandler                  0x0800053f   Thumb Code     0  startup_stm32f4xx.o(.text)
    DMA1_Stream6_IRQHandler                  0x0800053f   Thumb Code     0  startup_stm32f4xx.o(.text)
    DMA1_Stream7_IRQHandler                  0x0800053f   Thumb Code     0  startup_stm32f4xx.o(.text)
    DMA2_Stream1_IRQHandler                  0x0800053f   Thumb Code     0  startup_stm32f4xx.o(.text)
    DMA2_Stream2_IRQHandler                  0x0800053f   Thumb Code     0  startup_stm32f4xx.o(.text)
    DMA2_Stream3_IRQHandler                  0x0800053f   Thumb Code     0  startup_stm32f4xx.o(.text)
    DMA2_Stream4_IRQHandler                  0x0800053f   Thumb Code     0  startup_stm32f4xx.o(.text)
    DMA2_Stream5_IRQHandler                  0x0800053f   Thumb Code     0  startup_stm32f4xx.o(.text)
    DMA2_Stream6_IRQHandler                  0x0800053f   Thumb Code     0  startup_stm32f4xx.o(.text)
    DMA2_Stream7_IRQHandler                  0x0800053f   Thumb Code     0  startup_stm32f4xx.o(.text)
    ETH_IRQHandler                           0x0800053f   Thumb Code     0  startup_stm32f4xx.o(.text)
    ETH_WKUP_IRQHandler                      0x0800053f   Thumb Code     0  startup_stm32f4xx.o(.text)
    EXTI15_10_IRQHandler                     0x0800053f   Thumb Code     0  startup_stm32f4xx.o(.text)
    EXTI1_IRQHandler                         0x0800053f   Thumb Code     0  startup_stm32f4xx.o(.text)
    EXTI2_IRQHandler                         0x0800053f   Thumb Code     0  startup_stm32f4xx.o(.text)
    EXTI3_IRQHandler                         0x0800053f   Thumb Code     0  startup_stm32f4xx.o(.text)
    EXTI4_IRQHandler                         0x0800053f   Thumb Code     0  startup_stm32f4xx.o(.text)
    EXTI9_5_IRQHandler                       0x0800053f   Thumb Code     0  startup_stm32f4xx.o(.text)
    FLASH_IRQHandler                         0x0800053f   Thumb Code     0  startup_stm32f4xx.o(.text)
    FPU_IRQHandler                           0x0800053f   Thumb Code     0  startup_stm32f4xx.o(.text)
    FSMC_IRQHandler                          0x0800053f   Thumb Code     0  startup_stm32f4xx.o(.text)
    HASH_RNG_IRQHandler                      0x0800053f   Thumb Code     0  startup_stm32f4xx.o(.text)
    I2C1_ER_IRQHandler                       0x0800053f   Thumb Code     0  startup_stm32f4xx.o(.text)
    I2C1_EV_IRQHandler                       0x0800053f   Thumb Code     0  startup_stm32f4xx.o(.text)
    I2C2_ER_IRQHandler                       0x0800053f   Thumb Code     0  startup_stm32f4xx.o(.text)
    I2C2_EV_IRQHandler                       0x0800053f   Thumb Code     0  startup_stm32f4xx.o(.text)
    I2C3_ER_IRQHandler                       0x0800053f   Thumb Code     0  startup_stm32f4xx.o(.text)
    I2C3_EV_IRQHandler                       0x0800053f   Thumb Code     0  startup_stm32f4xx.o(.text)
    OTG_FS_IRQHandler                        0x0800053f   Thumb Code     0  startup_stm32f4xx.o(.text)
    OTG_FS_WKUP_IRQHandler                   0x0800053f   Thumb Code     0  startup_stm32f4xx.o(.text)
    OTG_HS_EP1_IN_IRQHandler                 0x0800053f   Thumb Code     0  startup_stm32f4xx.o(.text)
    OTG_HS_EP1_OUT_IRQHandler                0x0800053f   Thumb Code     0  startup_stm32f4xx.o(.text)
    OTG_HS_IRQHandler                        0x0800053f   Thumb Code     0  startup_stm32f4xx.o(.text)
    OTG_HS_WKUP_IRQHandler                   0x0800053f   Thumb Code     0  startup_stm32f4xx.o(.text)
    PVD_IRQHandler                           0x0800053f   Thumb Code     0  startup_stm32f4xx.o(.text)
    RCC_IRQHandler                           0x0800053f   Thumb Code     0  startup_stm32f4xx.o(.text)
    RTC_Alarm_IRQHandler                     0x0800053f   Thumb Code     0  startup_stm32f4xx.o(.text)
    RTC_WKUP_IRQHandler                      0x0800053f   Thumb Code     0  startup_stm32f4xx.o(.text)
    SDIO_IRQHandler                          0x0800053f   Thumb Code     0  startup_stm32f4xx.o(.text)
    SPI1_IRQHandler                          0x0800053f   Thumb Code     0  startup_stm32f4xx.o(.text)
    SPI2_IRQHandler                          0x0800053f   Thumb Code     0  startup_stm32f4xx.o(.text)
    SPI3_IRQHandler                          0x0800053f   Thumb Code     0  startup_stm32f4xx.o(.text)
    TAMP_STAMP_IRQHandler                    0x0800053f   Thumb Code     0  startup_stm32f4xx.o(.text)
    TIM1_BRK_TIM9_IRQHandler                 0x0800053f   Thumb Code     0  startup_stm32f4xx.o(.text)
    TIM1_CC_IRQHandler                       0x0800053f   Thumb Code     0  startup_stm32f4xx.o(.text)
    TIM1_TRG_COM_TIM11_IRQHandler            0x0800053f   Thumb Code     0  startup_stm32f4xx.o(.text)
    TIM1_UP_TIM10_IRQHandler                 0x0800053f   Thumb Code     0  startup_stm32f4xx.o(.text)
    TIM2_IRQHandler                          0x0800053f   Thumb Code     0  startup_stm32f4xx.o(.text)
    TIM4_IRQHandler                          0x0800053f   Thumb Code     0  startup_stm32f4xx.o(.text)
    TIM5_IRQHandler                          0x0800053f   Thumb Code     0  startup_stm32f4xx.o(.text)
    TIM6_DAC_IRQHandler                      0x0800053f   Thumb Code     0  startup_stm32f4xx.o(.text)
    TIM7_IRQHandler                          0x0800053f   Thumb Code     0  startup_stm32f4xx.o(.text)
    TIM8_BRK_TIM12_IRQHandler                0x0800053f   Thumb Code     0  startup_stm32f4xx.o(.text)
    TIM8_CC_IRQHandler                       0x0800053f   Thumb Code     0  startup_stm32f4xx.o(.text)
    TIM8_TRG_COM_TIM14_IRQHandler            0x0800053f   Thumb Code     0  startup_stm32f4xx.o(.text)
    TIM8_UP_TIM13_IRQHandler                 0x0800053f   Thumb Code     0  startup_stm32f4xx.o(.text)
    UART4_IRQHandler                         0x0800053f   Thumb Code     0  startup_stm32f4xx.o(.text)
    UART5_IRQHandler                         0x0800053f   Thumb Code     0  startup_stm32f4xx.o(.text)
    USART1_IRQHandler                        0x0800053f   Thumb Code     0  startup_stm32f4xx.o(.text)
    USART2_IRQHandler                        0x0800053f   Thumb Code     0  startup_stm32f4xx.o(.text)
    USART3_IRQHandler                        0x0800053f   Thumb Code     0  startup_stm32f4xx.o(.text)
    USART6_IRQHandler                        0x0800053f   Thumb Code     0  startup_stm32f4xx.o(.text)
    WWDG_IRQHandler                          0x0800053f   Thumb Code     0  startup_stm32f4xx.o(.text)
    os_idle_demon                            0x08000549   Thumb Code     4  rtx_conf_cm.o(.text)
    os_error                                 0x0800054d   Thumb Code     4  rtx_conf_cm.o(.text)
    EXTI0_IRQHandler                         0x08000551   Thumb Code    20  main.o(.text)
    TIM3_IRQHandler                          0x08000565   Thumb Code    32  main.o(.text)
    main                                     0x08000585   Thumb Code   212  main.o(.text)
    acc_clearLatch                           0x08000675   Thumb Code    14  acc.o(.text)
    acc_init                                 0x0800070b   Thumb Code    66  acc.o(.text)
    acc_calibrate                            0x0800074d   Thumb Code    74  acc.o(.text)
    acc_read                                 0x08000797   Thumb Code    18  acc.o(.text)
    acc_convertRaw                           0x080007a9   Thumb Code    40  acc.o(.text)
    getTemp_celcius                          0x080007d1   Thumb Code   212  adc.o(.text)
    ADC_init                                 0x080008a5   Thumb Code    88  adc.o(.text)
    buttonIsPushed                           0x08000929   Thumb Code    10  button.o(.text)
    buttonWasPushed                          0x08000933   Thumb Code    48  button.o(.text)
    buttonInit                               0x08000963   Thumb Code    48  button.o(.text)
    fputc                                    0x080009c7   Thumb Code    14  fputc_debug.o(.text)
    _ttywrch                                 0x080009d5   Thumb Code    12  fputc_debug.o(.text)
    _sys_exit                                0x080009e1   Thumb Code     4  fputc_debug.o(.text)
    LED_set                                  0x080009e9   Thumb Code   140  led.o(.text)
    LED_set_ar                               0x08000a75   Thumb Code    18  led.o(.text)
    LED_setAll                               0x08000a87   Thumb Code    18  led.o(.text)
    LED_init                                 0x08000a99   Thumb Code    50  led.o(.text)
    moving_average                           0x08000ad1   Thumb Code    74  moving_average_c.o(.text)
    LIS302DL_TIMEOUT_UserCallback            0x08000b1d   Thumb Code     4  stm32f4_discovery_lis302dl.o(.text)
    LIS302DL_Write                           0x08000b83   Thumb Code    58  stm32f4_discovery_lis302dl.o(.text)
    LIS302DL_Init                            0x08000ce3   Thumb Code    44  stm32f4_discovery_lis302dl.o(.text)
    LIS302DL_Read                            0x08000d0f   Thumb Code    66  stm32f4_discovery_lis302dl.o(.text)
    LIS302DL_FilterConfig                    0x08000d51   Thumb Code    58  stm32f4_discovery_lis302dl.o(.text)
    LIS302DL_InterruptConfig                 0x08000d8b   Thumb Code    42  stm32f4_discovery_lis302dl.o(.text)
    LIS302DL_LowpowerCmd                     0x08000db5   Thumb Code    44  stm32f4_discovery_lis302dl.o(.text)
    LIS302DL_DataRateCmd                     0x08000de1   Thumb Code    44  stm32f4_discovery_lis302dl.o(.text)
    LIS302DL_FullScaleCmd                    0x08000e0d   Thumb Code    44  stm32f4_discovery_lis302dl.o(.text)
    LIS302DL_RebootCmd                       0x08000e39   Thumb Code    34  stm32f4_discovery_lis302dl.o(.text)
    LIS302DL_ReadACC                         0x08000e5b   Thumb Code   112  stm32f4_discovery_lis302dl.o(.text)
    tM_init                                  0x08000edd   Thumb Code    20  tempmode.o(.text)
    tM_run                                   0x08000f9b   Thumb Code   160  tempmode.o(.text)
    DMA2_Stream0_IRQHandler                  0x0800104d   Thumb Code    80  accmode.o(.text)
    aM_init                                  0x0800109d   Thumb Code    24  accmode.o(.text)
    displayTiltDirection                     0x080010b5   Thumb Code   728  accmode.o(.text)
    displayMotionDirection                   0x0800138d   Thumb Code     2  accmode.o(.text)
    printAngles                              0x0800138f   Thumb Code   694  accmode.o(.text)
    acc_read_DMA                             0x08001645   Thumb Code    72  accmode.o(.text)
    aM_run                                   0x0800168d   Thumb Code   224  accmode.o(.text)
    dma_init                                 0x0800179d   Thumb Code   164  dma.o(.text)
    TIM3_Init                                0x08001849   Thumb Code   114  tim3.o(.text)
    NVIC_PriorityGroupConfig                 0x080018c1   Thumb Code    10  misc.o(.text)
    NVIC_Init                                0x080018cb   Thumb Code   108  misc.o(.text)
    NVIC_SetVectorTable                      0x08001937   Thumb Code    14  misc.o(.text)
    NVIC_SystemLPConfig                      0x08001945   Thumb Code    34  misc.o(.text)
    SysTick_CLKSourceConfig                  0x08001967   Thumb Code    40  misc.o(.text)
    ADC_DeInit                               0x080019a5   Thumb Code    22  stm32f4xx_adc.o(.text)
    ADC_Init                                 0x080019bb   Thumb Code    74  stm32f4xx_adc.o(.text)
    ADC_StructInit                           0x08001a05   Thumb Code    20  stm32f4xx_adc.o(.text)
    ADC_CommonInit                           0x08001a19   Thumb Code    44  stm32f4xx_adc.o(.text)
    ADC_CommonStructInit                     0x08001a45   Thumb Code    12  stm32f4xx_adc.o(.text)
    ADC_Cmd                                  0x08001a51   Thumb Code    22  stm32f4xx_adc.o(.text)
    ADC_AnalogWatchdogCmd                    0x08001a67   Thumb Code    16  stm32f4xx_adc.o(.text)
    ADC_AnalogWatchdogThresholdsConfig       0x08001a77   Thumb Code     6  stm32f4xx_adc.o(.text)
    ADC_AnalogWatchdogSingleChannelConfig    0x08001a7d   Thumb Code    16  stm32f4xx_adc.o(.text)
    ADC_TempSensorVrefintCmd                 0x08001a8d   Thumb Code    34  stm32f4xx_adc.o(.text)
    ADC_VBATCmd                              0x08001aaf   Thumb Code    34  stm32f4xx_adc.o(.text)
    ADC_RegularChannelConfig                 0x08001ad1   Thumb Code   184  stm32f4xx_adc.o(.text)
    ADC_SoftwareStartConv                    0x08001b89   Thumb Code    10  stm32f4xx_adc.o(.text)
    ADC_GetSoftwareStartConvStatus           0x08001b93   Thumb Code    20  stm32f4xx_adc.o(.text)
    ADC_EOCOnEachRegularChannelCmd           0x08001ba7   Thumb Code    22  stm32f4xx_adc.o(.text)
    ADC_ContinuousModeCmd                    0x08001bbd   Thumb Code    22  stm32f4xx_adc.o(.text)
    ADC_DiscModeChannelCountConfig           0x08001bd3   Thumb Code    24  stm32f4xx_adc.o(.text)
    ADC_DiscModeCmd                          0x08001beb   Thumb Code    22  stm32f4xx_adc.o(.text)
    ADC_GetConversionValue                   0x08001c01   Thumb Code     8  stm32f4xx_adc.o(.text)
    ADC_GetMultiModeConversionValue          0x08001c09   Thumb Code     6  stm32f4xx_adc.o(.text)
    ADC_DMACmd                               0x08001c0f   Thumb Code    22  stm32f4xx_adc.o(.text)
    ADC_DMARequestAfterLastTransferCmd       0x08001c25   Thumb Code    22  stm32f4xx_adc.o(.text)
    ADC_MultiModeDMARequestAfterLastTransferCmd 0x08001c3b   Thumb Code    34  stm32f4xx_adc.o(.text)
    ADC_InjectedChannelConfig                0x08001c5d   Thumb Code   130  stm32f4xx_adc.o(.text)
    ADC_InjectedSequencerLengthConfig        0x08001cdf   Thumb Code    24  stm32f4xx_adc.o(.text)
    ADC_SetInjectedOffset                    0x08001cf7   Thumb Code    20  stm32f4xx_adc.o(.text)
    ADC_ExternalTrigInjectedConvConfig       0x08001d0b   Thumb Code    16  stm32f4xx_adc.o(.text)
    ADC_ExternalTrigInjectedConvEdgeConfig   0x08001d1b   Thumb Code    16  stm32f4xx_adc.o(.text)
    ADC_SoftwareStartInjectedConv            0x08001d2b   Thumb Code    10  stm32f4xx_adc.o(.text)
    ADC_GetSoftwareStartInjectedConvCmdStatus 0x08001d35   Thumb Code    20  stm32f4xx_adc.o(.text)
    ADC_AutoInjectedConvCmd                  0x08001d49   Thumb Code    22  stm32f4xx_adc.o(.text)
    ADC_InjectedDiscModeCmd                  0x08001d5f   Thumb Code    22  stm32f4xx_adc.o(.text)
    ADC_GetInjectedConversionValue           0x08001d75   Thumb Code    28  stm32f4xx_adc.o(.text)
    ADC_ITConfig                             0x08001d91   Thumb Code    60  stm32f4xx_adc.o(.text)
    ADC_GetFlagStatus                        0x08001dcd   Thumb Code    18  stm32f4xx_adc.o(.text)
    ADC_ClearFlag                            0x08001ddf   Thumb Code     6  stm32f4xx_adc.o(.text)
    ADC_GetITStatus                          0x08001de5   Thumb Code    38  stm32f4xx_adc.o(.text)
    ADC_ClearITPendingBit                    0x08001e0b   Thumb Code    10  stm32f4xx_adc.o(.text)
    DMA_DeInit                               0x08001e15   Thumb Code   324  stm32f4xx_dma.o(.text)
    DMA_Init                                 0x08001f59   Thumb Code    82  stm32f4xx_dma.o(.text)
    DMA_StructInit                           0x08001fab   Thumb Code    34  stm32f4xx_dma.o(.text)
    DMA_Cmd                                  0x08001fcd   Thumb Code    22  stm32f4xx_dma.o(.text)
    DMA_PeriphIncOffsetSizeConfig            0x08001fe3   Thumb Code    22  stm32f4xx_dma.o(.text)
    DMA_FlowControllerConfig                 0x08001ff9   Thumb Code    22  stm32f4xx_dma.o(.text)
    DMA_SetCurrDataCounter                   0x0800200f   Thumb Code     4  stm32f4xx_dma.o(.text)
    DMA_GetCurrDataCounter                   0x08002013   Thumb Code     8  stm32f4xx_dma.o(.text)
    DMA_DoubleBufferModeConfig               0x0800201b   Thumb Code    24  stm32f4xx_dma.o(.text)
    DMA_DoubleBufferModeCmd                  0x08002033   Thumb Code    22  stm32f4xx_dma.o(.text)
    DMA_MemoryTargetConfig                   0x08002049   Thumb Code    10  stm32f4xx_dma.o(.text)
    DMA_GetCurrentMemoryTarget               0x08002053   Thumb Code    20  stm32f4xx_dma.o(.text)
    DMA_GetCmdStatus                         0x08002067   Thumb Code    20  stm32f4xx_dma.o(.text)
    DMA_GetFIFOStatus                        0x0800207b   Thumb Code    12  stm32f4xx_dma.o(.text)
    DMA_GetFlagStatus                        0x08002087   Thumb Code    54  stm32f4xx_dma.o(.text)
    DMA_ClearFlag                            0x080020bd   Thumb Code    40  stm32f4xx_dma.o(.text)
    DMA_ITConfig                             0x080020e5   Thumb Code    58  stm32f4xx_dma.o(.text)
    DMA_GetITStatus                          0x0800211f   Thumb Code    82  stm32f4xx_dma.o(.text)
    DMA_ClearITPendingBit                    0x08002171   Thumb Code    40  stm32f4xx_dma.o(.text)
    EXTI_DeInit                              0x080021b9   Thumb Code    28  stm32f4xx_exti.o(.text)
    EXTI_Init                                0x080021d5   Thumb Code   142  stm32f4xx_exti.o(.text)
    EXTI_StructInit                          0x08002263   Thumb Code    16  stm32f4xx_exti.o(.text)
    EXTI_GenerateSWInterrupt                 0x08002273   Thumb Code    16  stm32f4xx_exti.o(.text)
    EXTI_GetFlagStatus                       0x08002283   Thumb Code    22  stm32f4xx_exti.o(.text)
    EXTI_ClearFlag                           0x08002299   Thumb Code     8  stm32f4xx_exti.o(.text)
    EXTI_GetITStatus                         0x080022a1   Thumb Code    34  stm32f4xx_exti.o(.text)
    EXTI_ClearITPendingBit                   0x080022c3   Thumb Code     8  stm32f4xx_exti.o(.text)
    GPIO_DeInit                              0x080022d5   Thumb Code   220  stm32f4xx_gpio.o(.text)
    GPIO_Init                                0x080023b1   Thumb Code   144  stm32f4xx_gpio.o(.text)
    GPIO_StructInit                          0x08002441   Thumb Code    18  stm32f4xx_gpio.o(.text)
    GPIO_PinLockConfig                       0x08002453   Thumb Code    34  stm32f4xx_gpio.o(.text)
    GPIO_ReadInputDataBit                    0x08002475   Thumb Code    18  stm32f4xx_gpio.o(.text)
    GPIO_ReadInputData                       0x08002487   Thumb Code     8  stm32f4xx_gpio.o(.text)
    GPIO_ReadOutputDataBit                   0x0800248f   Thumb Code    18  stm32f4xx_gpio.o(.text)
    GPIO_ReadOutputData                      0x080024a1   Thumb Code     8  stm32f4xx_gpio.o(.text)
    GPIO_SetBits                             0x080024a9   Thumb Code     4  stm32f4xx_gpio.o(.text)
    GPIO_ResetBits                           0x080024ad   Thumb Code     4  stm32f4xx_gpio.o(.text)
    GPIO_WriteBit                            0x080024b1   Thumb Code    10  stm32f4xx_gpio.o(.text)
    GPIO_Write                               0x080024bb   Thumb Code     4  stm32f4xx_gpio.o(.text)
    GPIO_ToggleBits                          0x080024bf   Thumb Code     8  stm32f4xx_gpio.o(.text)
    GPIO_PinAFConfig                         0x080024c7   Thumb Code    70  stm32f4xx_gpio.o(.text)
    RCC_DeInit                               0x08002531   Thumb Code    60  stm32f4xx_rcc.o(.text)
    RCC_HSEConfig                            0x0800256d   Thumb Code    14  stm32f4xx_rcc.o(.text)
    RCC_GetFlagStatus                        0x0800257b   Thumb Code    60  stm32f4xx_rcc.o(.text)
    RCC_WaitForHSEStartUp                    0x080025b7   Thumb Code    56  stm32f4xx_rcc.o(.text)
    RCC_AdjustHSICalibrationValue            0x080025ef   Thumb Code    20  stm32f4xx_rcc.o(.text)
    RCC_HSICmd                               0x08002603   Thumb Code     6  stm32f4xx_rcc.o(.text)
    RCC_LSEConfig                            0x08002609   Thumb Code    46  stm32f4xx_rcc.o(.text)
    RCC_LSICmd                               0x08002637   Thumb Code     6  stm32f4xx_rcc.o(.text)
    RCC_PLLConfig                            0x0800263d   Thumb Code    32  stm32f4xx_rcc.o(.text)
    RCC_PLLCmd                               0x0800265d   Thumb Code     6  stm32f4xx_rcc.o(.text)
    RCC_PLLI2SConfig                         0x08002663   Thumb Code    14  stm32f4xx_rcc.o(.text)
    RCC_PLLI2SCmd                            0x08002671   Thumb Code     6  stm32f4xx_rcc.o(.text)
    RCC_ClockSecuritySystemCmd               0x08002677   Thumb Code     6  stm32f4xx_rcc.o(.text)
    RCC_MCO1Config                           0x0800267d   Thumb Code    28  stm32f4xx_rcc.o(.text)
    RCC_MCO2Config                           0x08002699   Thumb Code    28  stm32f4xx_rcc.o(.text)
    RCC_SYSCLKConfig                         0x080026b5   Thumb Code    20  stm32f4xx_rcc.o(.text)
    RCC_GetSYSCLKSource                      0x080026c9   Thumb Code    12  stm32f4xx_rcc.o(.text)
    RCC_HCLKConfig                           0x080026d5   Thumb Code    20  stm32f4xx_rcc.o(.text)
    RCC_PCLK1Config                          0x080026e9   Thumb Code    20  stm32f4xx_rcc.o(.text)
    RCC_PCLK2Config                          0x080026fd   Thumb Code    22  stm32f4xx_rcc.o(.text)
    RCC_GetClocksFreq                        0x08002713   Thumb Code   222  stm32f4xx_rcc.o(.text)
    RCC_RTCCLKConfig                         0x080027f1   Thumb Code    54  stm32f4xx_rcc.o(.text)
    RCC_RTCCLKCmd                            0x08002827   Thumb Code     8  stm32f4xx_rcc.o(.text)
    RCC_BackupResetCmd                       0x0800282f   Thumb Code     8  stm32f4xx_rcc.o(.text)
    RCC_I2SCLKConfig                         0x08002837   Thumb Code     6  stm32f4xx_rcc.o(.text)
    RCC_AHB1PeriphClockCmd                   0x0800283d   Thumb Code    34  stm32f4xx_rcc.o(.text)
    RCC_AHB2PeriphClockCmd                   0x0800285f   Thumb Code    34  stm32f4xx_rcc.o(.text)
    RCC_AHB3PeriphClockCmd                   0x08002881   Thumb Code    34  stm32f4xx_rcc.o(.text)
    RCC_APB1PeriphClockCmd                   0x080028a3   Thumb Code    34  stm32f4xx_rcc.o(.text)
    RCC_APB2PeriphClockCmd                   0x080028c5   Thumb Code    34  stm32f4xx_rcc.o(.text)
    RCC_AHB1PeriphResetCmd                   0x080028e7   Thumb Code    34  stm32f4xx_rcc.o(.text)
    RCC_AHB2PeriphResetCmd                   0x08002909   Thumb Code    72  stm32f4xx_rcc.o(.text)
    RCC_AHB3PeriphResetCmd                   0x08002951   Thumb Code    34  stm32f4xx_rcc.o(.text)
    RCC_APB1PeriphResetCmd                   0x08002973   Thumb Code    34  stm32f4xx_rcc.o(.text)
    RCC_APB2PeriphResetCmd                   0x08002995   Thumb Code    34  stm32f4xx_rcc.o(.text)
    RCC_AHB1PeriphClockLPModeCmd             0x080029b7   Thumb Code    34  stm32f4xx_rcc.o(.text)
    RCC_AHB2PeriphClockLPModeCmd             0x080029d9   Thumb Code    34  stm32f4xx_rcc.o(.text)
    RCC_AHB3PeriphClockLPModeCmd             0x080029fb   Thumb Code    34  stm32f4xx_rcc.o(.text)
    RCC_APB1PeriphClockLPModeCmd             0x08002a1d   Thumb Code    34  stm32f4xx_rcc.o(.text)
    RCC_APB2PeriphClockLPModeCmd             0x08002a3f   Thumb Code    34  stm32f4xx_rcc.o(.text)
    RCC_ITConfig                             0x08002a61   Thumb Code    34  stm32f4xx_rcc.o(.text)
    RCC_ClearFlag                            0x08002a83   Thumb Code    18  stm32f4xx_rcc.o(.text)
    RCC_GetITStatus                          0x08002a95   Thumb Code    22  stm32f4xx_rcc.o(.text)
    RCC_ClearITPendingBit                    0x08002aab   Thumb Code     8  stm32f4xx_rcc.o(.text)
    SPI_I2S_DeInit                           0x08002ab9   Thumb Code    76  stm32f4xx_spi.o(.text)
    SPI_Init                                 0x08002b05   Thumb Code    60  stm32f4xx_spi.o(.text)
    I2S_Init                                 0x08002b41   Thumb Code   346  stm32f4xx_spi.o(.text)
    SPI_StructInit                           0x08002c9b   Thumb Code    24  stm32f4xx_spi.o(.text)
    I2S_StructInit                           0x08002cb3   Thumb Code    20  stm32f4xx_spi.o(.text)
    SPI_Cmd                                  0x08002cc7   Thumb Code    24  stm32f4xx_spi.o(.text)
    I2S_Cmd                                  0x08002cdf   Thumb Code    24  stm32f4xx_spi.o(.text)
    SPI_DataSizeConfig                       0x08002cf7   Thumb Code    18  stm32f4xx_spi.o(.text)
    SPI_BiDirectionalLineConfig              0x08002d09   Thumb Code    28  stm32f4xx_spi.o(.text)
    SPI_NSSInternalSoftwareConfig            0x08002d25   Thumb Code    30  stm32f4xx_spi.o(.text)
    SPI_SSOutputCmd                          0x08002d43   Thumb Code    24  stm32f4xx_spi.o(.text)
    SPI_TIModeCmd                            0x08002d5b   Thumb Code    24  stm32f4xx_spi.o(.text)
    I2S_FullDuplexConfig                     0x08002d73   Thumb Code    80  stm32f4xx_spi.o(.text)
    SPI_I2S_ReceiveData                      0x08002dc3   Thumb Code     6  stm32f4xx_spi.o(.text)
    SPI_I2S_SendData                         0x08002dc9   Thumb Code     4  stm32f4xx_spi.o(.text)
    SPI_CalculateCRC                         0x08002dcd   Thumb Code    24  stm32f4xx_spi.o(.text)
    SPI_TransmitCRC                          0x08002de5   Thumb Code    10  stm32f4xx_spi.o(.text)
    SPI_GetCRC                               0x08002def   Thumb Code    16  stm32f4xx_spi.o(.text)
    SPI_GetCRCPolynomial                     0x08002dff   Thumb Code     6  stm32f4xx_spi.o(.text)
    SPI_I2S_DMACmd                           0x08002e05   Thumb Code    18  stm32f4xx_spi.o(.text)
    SPI_I2S_ITConfig                         0x08002e17   Thumb Code    32  stm32f4xx_spi.o(.text)
    SPI_I2S_GetFlagStatus                    0x08002e37   Thumb Code    18  stm32f4xx_spi.o(.text)
    SPI_I2S_ClearFlag                        0x08002e49   Thumb Code     6  stm32f4xx_spi.o(.text)
    SPI_I2S_GetITStatus                      0x08002e4f   Thumb Code    52  stm32f4xx_spi.o(.text)
    SPI_I2S_ClearITPendingBit                0x08002e83   Thumb Code    20  stm32f4xx_spi.o(.text)
    SYSCFG_DeInit                            0x08002ead   Thumb Code    22  stm32f4xx_syscfg.o(.text)
    SYSCFG_MemoryRemapConfig                 0x08002ec3   Thumb Code     6  stm32f4xx_syscfg.o(.text)
    SYSCFG_EXTILineConfig                    0x08002ec9   Thumb Code    66  stm32f4xx_syscfg.o(.text)
    SYSCFG_ETH_MediaInterfaceConfig          0x08002f0b   Thumb Code     6  stm32f4xx_syscfg.o(.text)
    SYSCFG_CompensationCellCmd               0x08002f11   Thumb Code     6  stm32f4xx_syscfg.o(.text)
    SYSCFG_GetCompensationCellStatus         0x08002f17   Thumb Code    22  stm32f4xx_syscfg.o(.text)
    TIM_DeInit                               0x08002f39   Thumb Code   346  stm32f4xx_tim.o(.text)
    TIM_TimeBaseInit                         0x08003093   Thumb Code   104  stm32f4xx_tim.o(.text)
    TIM_TimeBaseStructInit                   0x080030fb   Thumb Code    18  stm32f4xx_tim.o(.text)
    TIM_PrescalerConfig                      0x0800310d   Thumb Code     6  stm32f4xx_tim.o(.text)
    TIM_CounterModeConfig                    0x08003113   Thumb Code    18  stm32f4xx_tim.o(.text)
    TIM_SetCounter                           0x08003125   Thumb Code     4  stm32f4xx_tim.o(.text)
    TIM_SetAutoreload                        0x08003129   Thumb Code     4  stm32f4xx_tim.o(.text)
    TIM_GetCounter                           0x0800312d   Thumb Code     6  stm32f4xx_tim.o(.text)
    TIM_GetPrescaler                         0x08003133   Thumb Code     6  stm32f4xx_tim.o(.text)
    TIM_UpdateDisableConfig                  0x08003139   Thumb Code    24  stm32f4xx_tim.o(.text)
    TIM_UpdateRequestConfig                  0x08003151   Thumb Code    24  stm32f4xx_tim.o(.text)
    TIM_ARRPreloadConfig                     0x08003169   Thumb Code    24  stm32f4xx_tim.o(.text)
    TIM_SelectOnePulseMode                   0x08003181   Thumb Code    18  stm32f4xx_tim.o(.text)
    TIM_SetClockDivision                     0x08003193   Thumb Code    18  stm32f4xx_tim.o(.text)
    TIM_Cmd                                  0x080031a5   Thumb Code    24  stm32f4xx_tim.o(.text)
    TIM_OC1Init                              0x080031bd   Thumb Code   114  stm32f4xx_tim.o(.text)
    TIM_OC2Init                              0x0800322f   Thumb Code   154  stm32f4xx_tim.o(.text)
    TIM_OC3Init                              0x080032c9   Thumb Code   204  stm32f4xx_tim.o(.text)
    TIM_OC4Init                              0x08003395   Thumb Code   112  stm32f4xx_tim.o(.text)
    TIM_OCStructInit                         0x08003405   Thumb Code    20  stm32f4xx_tim.o(.text)
    TIM_SelectOCxM                           0x08003419   Thumb Code    86  stm32f4xx_tim.o(.text)
    TIM_SetCompare1                          0x0800346f   Thumb Code     4  stm32f4xx_tim.o(.text)
    TIM_SetCompare2                          0x08003473   Thumb Code     4  stm32f4xx_tim.o(.text)
    TIM_SetCompare3                          0x08003477   Thumb Code     4  stm32f4xx_tim.o(.text)
    TIM_SetCompare4                          0x0800347b   Thumb Code     4  stm32f4xx_tim.o(.text)
    TIM_ForcedOC1Config                      0x0800347f   Thumb Code    18  stm32f4xx_tim.o(.text)
    TIM_ForcedOC2Config                      0x08003491   Thumb Code    26  stm32f4xx_tim.o(.text)
    TIM_ForcedOC3Config                      0x080034ab   Thumb Code    18  stm32f4xx_tim.o(.text)
    TIM_ForcedOC4Config                      0x080034bd   Thumb Code    26  stm32f4xx_tim.o(.text)
    TIM_OC1PreloadConfig                     0x080034d7   Thumb Code    18  stm32f4xx_tim.o(.text)
    TIM_OC2PreloadConfig                     0x080034e9   Thumb Code    26  stm32f4xx_tim.o(.text)
    TIM_OC3PreloadConfig                     0x08003503   Thumb Code    18  stm32f4xx_tim.o(.text)
    TIM_OC4PreloadConfig                     0x08003515   Thumb Code    26  stm32f4xx_tim.o(.text)
    TIM_OC1FastConfig                        0x0800352f   Thumb Code    18  stm32f4xx_tim.o(.text)
    TIM_OC2FastConfig                        0x08003541   Thumb Code    26  stm32f4xx_tim.o(.text)
    TIM_OC3FastConfig                        0x0800355b   Thumb Code    18  stm32f4xx_tim.o(.text)
    TIM_OC4FastConfig                        0x0800356d   Thumb Code    26  stm32f4xx_tim.o(.text)
    TIM_ClearOC1Ref                          0x08003587   Thumb Code    18  stm32f4xx_tim.o(.text)
    TIM_ClearOC2Ref                          0x08003599   Thumb Code    24  stm32f4xx_tim.o(.text)
    TIM_ClearOC3Ref                          0x080035b1   Thumb Code    18  stm32f4xx_tim.o(.text)
    TIM_ClearOC4Ref                          0x080035c3   Thumb Code    24  stm32f4xx_tim.o(.text)
    TIM_OC1PolarityConfig                    0x080035db   Thumb Code    18  stm32f4xx_tim.o(.text)
    TIM_OC1NPolarityConfig                   0x080035ed   Thumb Code    18  stm32f4xx_tim.o(.text)
    TIM_OC2PolarityConfig                    0x080035ff   Thumb Code    26  stm32f4xx_tim.o(.text)
    TIM_OC2NPolarityConfig                   0x08003619   Thumb Code    26  stm32f4xx_tim.o(.text)
    TIM_OC3PolarityConfig                    0x08003633   Thumb Code    26  stm32f4xx_tim.o(.text)
    TIM_OC3NPolarityConfig                   0x0800364d   Thumb Code    26  stm32f4xx_tim.o(.text)
    TIM_OC4PolarityConfig                    0x08003667   Thumb Code    26  stm32f4xx_tim.o(.text)
    TIM_CCxCmd                               0x08003681   Thumb Code    30  stm32f4xx_tim.o(.text)
    TIM_CCxNCmd                              0x0800369f   Thumb Code    30  stm32f4xx_tim.o(.text)
    TIM_SetIC4Prescaler                      0x080036bd   Thumb Code    26  stm32f4xx_tim.o(.text)
    TIM_SetIC3Prescaler                      0x08003727   Thumb Code    18  stm32f4xx_tim.o(.text)
    TIM_SetIC2Prescaler                      0x08003781   Thumb Code    26  stm32f4xx_tim.o(.text)
    TIM_SetIC1Prescaler                      0x080037f5   Thumb Code    18  stm32f4xx_tim.o(.text)
    TIM_ICInit                               0x08003841   Thumb Code   110  stm32f4xx_tim.o(.text)
    TIM_ICStructInit                         0x080038af   Thumb Code    18  stm32f4xx_tim.o(.text)
    TIM_PWMIConfig                           0x080038c1   Thumb Code   124  stm32f4xx_tim.o(.text)
    TIM_GetCapture1                          0x0800393d   Thumb Code     6  stm32f4xx_tim.o(.text)
    TIM_GetCapture2                          0x08003943   Thumb Code     6  stm32f4xx_tim.o(.text)
    TIM_GetCapture3                          0x08003949   Thumb Code     6  stm32f4xx_tim.o(.text)
    TIM_GetCapture4                          0x0800394f   Thumb Code     6  stm32f4xx_tim.o(.text)
    TIM_BDTRConfig                           0x08003955   Thumb Code    32  stm32f4xx_tim.o(.text)
    TIM_BDTRStructInit                       0x08003975   Thumb Code    18  stm32f4xx_tim.o(.text)
    TIM_CtrlPWMOutputs                       0x08003987   Thumb Code    30  stm32f4xx_tim.o(.text)
    TIM_SelectCOM                            0x080039a5   Thumb Code    24  stm32f4xx_tim.o(.text)
    TIM_CCPreloadControl                     0x080039bd   Thumb Code    24  stm32f4xx_tim.o(.text)
    TIM_ITConfig                             0x080039d5   Thumb Code    18  stm32f4xx_tim.o(.text)
    TIM_GenerateEvent                        0x080039e7   Thumb Code     4  stm32f4xx_tim.o(.text)
    TIM_GetFlagStatus                        0x080039eb   Thumb Code    18  stm32f4xx_tim.o(.text)
    TIM_ClearFlag                            0x080039fd   Thumb Code     6  stm32f4xx_tim.o(.text)
    TIM_GetITStatus                          0x08003a03   Thumb Code    34  stm32f4xx_tim.o(.text)
    TIM_ClearITPendingBit                    0x08003a25   Thumb Code     6  stm32f4xx_tim.o(.text)
    TIM_DMAConfig                            0x08003a2b   Thumb Code    10  stm32f4xx_tim.o(.text)
    TIM_DMACmd                               0x08003a35   Thumb Code    18  stm32f4xx_tim.o(.text)
    TIM_SelectCCDMA                          0x08003a47   Thumb Code    24  stm32f4xx_tim.o(.text)
    TIM_InternalClockConfig                  0x08003a5f   Thumb Code    12  stm32f4xx_tim.o(.text)
    TIM_SelectInputTrigger                   0x08003a6b   Thumb Code    18  stm32f4xx_tim.o(.text)
    TIM_ITRxExternalClockConfig              0x08003a7d   Thumb Code    24  stm32f4xx_tim.o(.text)
    TIM_TIxExternalClockConfig               0x08003a95   Thumb Code    62  stm32f4xx_tim.o(.text)
    TIM_ETRConfig                            0x08003ad3   Thumb Code    28  stm32f4xx_tim.o(.text)
    TIM_ETRClockMode1Config                  0x08003aef   Thumb Code    54  stm32f4xx_tim.o(.text)
    TIM_ETRClockMode2Config                  0x08003b25   Thumb Code    32  stm32f4xx_tim.o(.text)
    TIM_SelectOutputTrigger                  0x08003b45   Thumb Code    18  stm32f4xx_tim.o(.text)
    TIM_SelectSlaveMode                      0x08003b57   Thumb Code    18  stm32f4xx_tim.o(.text)
    TIM_SelectMasterSlaveMode                0x08003b69   Thumb Code    18  stm32f4xx_tim.o(.text)
    TIM_EncoderInterfaceConfig               0x08003b7b   Thumb Code    66  stm32f4xx_tim.o(.text)
    TIM_SelectHallSensor                     0x08003bbd   Thumb Code    24  stm32f4xx_tim.o(.text)
    TIM_RemapConfig                          0x08003bd5   Thumb Code     6  stm32f4xx_tim.o(.text)
    __aeabi_memset                           0x08003bdb   Thumb Code    14  memseta.o(.text)
    __aeabi_memset4                          0x08003bdb   Thumb Code     0  memseta.o(.text)
    __aeabi_memset8                          0x08003bdb   Thumb Code     0  memseta.o(.text)
    __aeabi_memclr                           0x08003be9   Thumb Code     4  memseta.o(.text)
    __aeabi_memclr4                          0x08003be9   Thumb Code     0  memseta.o(.text)
    __aeabi_memclr8                          0x08003be9   Thumb Code     0  memseta.o(.text)
    _memset$wrapper                          0x08003bed   Thumb Code    18  memseta.o(.text)
    __aeabi_dadd                             0x08003bff   Thumb Code   322  dadd.o(.text)
    __aeabi_dsub                             0x08003d41   Thumb Code     6  dadd.o(.text)
    __aeabi_drsub                            0x08003d47   Thumb Code     6  dadd.o(.text)
    __aeabi_dmul                             0x08003d4d   Thumb Code   228  dmul.o(.text)
    __aeabi_ddiv                             0x08003e31   Thumb Code   222  ddiv.o(.text)
    __aeabi_i2d                              0x08003f0f   Thumb Code    34  dflti.o(.text)
    __aeabi_ui2d                             0x08003f31   Thumb Code    26  dfltui.o(.text)
    __aeabi_f2d                              0x08003f4b   Thumb Code    38  f2d.o(.text)
    __aeabi_cdcmpeq                          0x08003f71   Thumb Code     0  cdcmple.o(.text)
    __aeabi_cdcmple                          0x08003f71   Thumb Code    38  cdcmple.o(.text)
    __aeabi_cdrcmple                         0x08003f99   Thumb Code    38  cdrcmple.o(.text)
    __aeabi_d2f                              0x08003fc1   Thumb Code    56  d2f.o(.text)
    __aeabi_uidiv                            0x08003ff9   Thumb Code     0  uidiv.o(.text)
    __aeabi_uidivmod                         0x08003ff9   Thumb Code    44  uidiv.o(.text)
    __aeabi_uldivmod                         0x08004025   Thumb Code    98  uldiv.o(.text)
    __aeabi_llsl                             0x08004087   Thumb Code    30  llshl.o(.text)
    _ll_shift_l                              0x08004087   Thumb Code     0  llshl.o(.text)
    __aeabi_lasr                             0x080040a5   Thumb Code    36  llsshr.o(.text)
    _ll_sshift_r                             0x080040a5   Thumb Code     0  llsshr.o(.text)
    __I$use$fp                               0x080040c9   Thumb Code     0  iusefp.o(.text)
    _float_round                             0x080040c9   Thumb Code    18  fepilogue.o(.text)
    _float_epilogue                          0x080040db   Thumb Code    90  fepilogue.o(.text)
    _double_round                            0x08004135   Thumb Code    26  depilogue.o(.text)
    _double_epilogue                         0x0800414f   Thumb Code   164  depilogue.o(.text)
    _dsqrt                                   0x080041f3   Thumb Code   162  dsqrt.o(.text)
    _drem                                    0x08004295   Thumb Code   128  drem.o(.text)
    __aeabi_d2ulz                            0x08004315   Thumb Code    48  dfixul.o(.text)
    __scatterload                            0x08004345   Thumb Code    28  init.o(.text)
    __scatterload_rt2                        0x08004345   Thumb Code     0  init.o(.text)
    __aeabi_llsr                             0x08004369   Thumb Code    32  llushr.o(.text)
    _ll_ushift_r                             0x08004369   Thumb Code     0  llushr.o(.text)
    SVC_Count                                0x08004388   Data           4  SVC_Table.o(SVC_TABLE)
    SVC_Table                                0x0800438c   Data           0  SVC_Table.o(SVC_TABLE)
    __0printf                                0x0800438d   Thumb Code    22  printfa.o(i.__0printf)
    __1printf                                0x0800438d   Thumb Code     0  printfa.o(i.__0printf)
    __2printf                                0x0800438d   Thumb Code     0  printfa.o(i.__0printf)
    __c89printf                              0x0800438d   Thumb Code     0  printfa.o(i.__0printf)
    printf                                   0x0800438d   Thumb Code     0  printfa.o(i.__0printf)
    __ARM_fpclassify                         0x080043ad   Thumb Code    48  fpclassify.o(i.__ARM_fpclassify)
    __hardfp_atan                            0x080043e1   Thumb Code   636  atan.o(i.__hardfp_atan)
    __hardfp_atan2                           0x080046c9   Thumb Code   416  atan2.o(i.__hardfp_atan2)
    __hardfp_fmod                            0x080048a9   Thumb Code   280  fmod.o(i.__hardfp_fmod)
    __hardfp_sqrt                            0x080049d1   Thumb Code   122  sqrt.o(i.__hardfp_sqrt)
    __kernel_poly                            0x08004a4b   Thumb Code   248  poly.o(i.__kernel_poly)
    __mathlib_dbl_underflow                  0x08004b49   Thumb Code    24  dunder.o(i.__mathlib_dbl_underflow)
    __scatterload_copy                       0x08004b69   Thumb Code    14  handlers.o(i.__scatterload_copy)
    __scatterload_null                       0x08004b77   Thumb Code     2  handlers.o(i.__scatterload_null)
    __scatterload_zeroinit                   0x08004b79   Thumb Code    14  handlers.o(i.__scatterload_zeroinit)
    __set_errno                              0x08004b89   Thumb Code     6  errno.o(i.__set_errno)
    _init_box                                0x08004cf1   Thumb Code    70  rt_membox.o(i._init_box)
    atan                                     0x0800547f   Thumb Code    16  atan.o(i.atan)
    dbg_init                                 0x08005491   Thumb Code    34  hal_cm.o(i.dbg_init)
    dbg_task_notify                          0x080054c1   Thumb Code    32  hal_cm.o(i.dbg_task_notify)
    dbg_task_switch                          0x080054e1   Thumb Code    16  hal_cm.o(i.dbg_task_switch)
    fabs                                     0x080054f1   Thumb Code    32  fabs.o(i.fabs)
    isr_evt_set                              0x0800553d   Thumb Code    34  rt_event.o(i.isr_evt_set)
    isr_mbx_receive                          0x08005565   Thumb Code    80  rt_mailbox.o(i.isr_mbx_receive)
    isr_mbx_send                             0x080055b5   Thumb Code    14  rt_mailbox.o(i.isr_mbx_send)
    isr_sem_send                             0x080055c3   Thumb Code    16  rt_semaphore.o(i.isr_sem_send)
    osKernelStart                            0x080055d5   Thumb Code    94  rt_cmsis.o(i.osKernelStart)
    osMessageGet                             0x0800563d   Thumb Code    64  rt_cmsis.o(i.osMessageGet)
    osSemaphoreCreate                        0x08005681   Thumb Code    18  rt_cmsis.o(i.osSemaphoreCreate)
    osSemaphoreRelease                       0x08005699   Thumb Code    42  rt_cmsis.o(i.osSemaphoreRelease)
    osSemaphoreWait                          0x080056c9   Thumb Code    20  rt_cmsis.o(i.osSemaphoreWait)
    osSignalSet                              0x080056e1   Thumb Code    48  rt_cmsis.o(i.osSignalSet)
    osSignalWait                             0x08005715   Thumb Code    18  rt_cmsis.o(i.osSignalWait)
    osThreadCreate                           0x0800572d   Thumb Code    18  rt_cmsis.o(i.osThreadCreate)
    osThreadExit                             0x08005745   Thumb Code    14  rt_cmsis.o(i.osThreadExit)
    osThreadGetId                            0x0800575d   Thumb Code    18  rt_cmsis.o(i.osThreadGetId)
    osTimerCall                              0x08005775   Thumb Code     8  rt_cmsis.o(i.osTimerCall)
    osTimerThread                            0x08005781   Thumb Code    38  rt_cmsis.o(i.osTimerThread)
    rt_alloc_box                             0x080057ad   Thumb Code    28  rt_membox.o(i.rt_alloc_box)
    rt_alloc_mem                             0x080057c9   Thumb Code    60  rt_memory.o(i.rt_alloc_mem)
    rt_block                                 0x08005805   Thumb Code    48  rt_task.o(i.rt_block)
    rt_chk_robin                             0x0800583d   Thumb Code    58  rt_robin.o(i.rt_chk_robin)
    rt_dec_dly                               0x08005885   Thumb Code   102  rt_list.o(i.rt_dec_dly)
    rt_dispatch                              0x080058f5   Thumb Code    60  rt_task.o(i.rt_dispatch)
    rt_evt_psh                               0x08005939   Thumb Code    76  rt_event.o(i.rt_evt_psh)
    rt_evt_set                               0x08005989   Thumb Code    88  rt_event.o(i.rt_evt_set)
    rt_evt_wait                              0x080059e5   Thumb Code    58  rt_event.o(i.rt_evt_wait)
    rt_free_box                              0x08005a25   Thumb Code    32  rt_membox.o(i.rt_free_box)
    rt_free_mem                              0x08005a45   Thumb Code    40  rt_memory.o(i.rt_free_mem)
    rt_get_first                             0x08005a6d   Thumb Code    40  rt_list.o(i.rt_get_first)
    rt_init_mem                              0x08005add   Thumb Code    26  rt_memory.o(i.rt_init_mem)
    rt_init_robin                            0x08005af9   Thumb Code    14  rt_robin.o(i.rt_init_robin)
    rt_init_stack                            0x08005b11   Thumb Code    70  hal_cm.o(i.rt_init_stack)
    rt_mbx_check                             0x08005b61   Thumb Code     8  rt_mailbox.o(i.rt_mbx_check)
    rt_mbx_init                              0x08005b69   Thumb Code    26  rt_mailbox.o(i.rt_mbx_init)
    rt_mbx_psh                               0x08005b85   Thumb Code   248  rt_mailbox.o(i.rt_mbx_psh)
    rt_mbx_wait                              0x08005c81   Thumb Code   174  rt_mailbox.o(i.rt_mbx_wait)
    rt_pop_req                               0x08005d71   Thumb Code   106  rt_system.o(i.rt_pop_req)
    rt_psh_req                               0x08005de9   Thumb Code    22  rt_system.o(i.rt_psh_req)
    rt_psq_enq                               0x08005e09   Thumb Code    82  rt_list.o(i.rt_psq_enq)
    rt_put_dly                               0x08005e61   Thumb Code    88  rt_list.o(i.rt_put_dly)
    rt_put_prio                              0x08005ebd   Thumb Code    56  rt_list.o(i.rt_put_prio)
    rt_put_rdy_first                         0x08005ef5   Thumb Code    14  rt_list.o(i.rt_put_rdy_first)
    rt_ret_val                               0x08005f19   Thumb Code    12  hal_cm.o(i.rt_ret_val)
    rt_ret_val2                              0x08005f25   Thumb Code    16  hal_cm.o(i.rt_ret_val2)
    rt_rmv_dly                               0x08005f35   Thumb Code    40  rt_list.o(i.rt_rmv_dly)
    rt_rmv_list                              0x08005f5d   Thumb Code    44  rt_list.o(i.rt_rmv_list)
    rt_sem_init                              0x08005f8d   Thumb Code    12  rt_semaphore.o(i.rt_sem_init)
    rt_sem_psh                               0x08005f99   Thumb Code    48  rt_semaphore.o(i.rt_sem_psh)
    rt_sem_send                              0x08005fcd   Thumb Code    42  rt_semaphore.o(i.rt_sem_send)
    rt_sem_wait                              0x08005ff9   Thumb Code    56  rt_semaphore.o(i.rt_sem_wait)
    rt_stk_check                             0x08006035   Thumb Code    28  rt_system.o(i.rt_stk_check)
    rt_switch_req                            0x08006059   Thumb Code    30  rt_task.o(i.rt_switch_req)
    rt_sys_init                              0x08006081   Thumb Code   242  rt_task.o(i.rt_sys_init)
    rt_systick                               0x080061c1   Thumb Code    48  rt_system.o(i.rt_systick)
    rt_tsk_create                            0x0800624d   Thumb Code   112  rt_task.o(i.rt_tsk_create)
    rt_tsk_delete                            0x080062cd   Thumb Code   146  rt_task.o(i.rt_tsk_delete)
    rt_tsk_self                              0x08006379   Thumb Code    12  rt_task.o(i.rt_tsk_self)
    svcKernelStart                           0x08006389   Thumb Code   174  rt_cmsis.o(i.svcKernelStart)
    svcMessageCreate                         0x0800645d   Thumb Code    36  rt_cmsis.o(i.svcMessageCreate)
    svcMessageGet                            0x08006481   Thumb Code    58  rt_cmsis.o(i.svcMessageGet)
    svcSemaphoreCreate                       0x080064bb   Thumb Code    36  rt_cmsis.o(i.svcSemaphoreCreate)
    svcSemaphoreRelease                      0x080064df   Thumb Code    26  rt_cmsis.o(i.svcSemaphoreRelease)
    svcSemaphoreWait                         0x080064f9   Thumb Code    54  rt_cmsis.o(i.svcSemaphoreWait)
    svcSignalSet                             0x0800652f   Thumb Code    36  rt_cmsis.o(i.svcSignalSet)
    svcSignalWait                            0x08006555   Thumb Code    80  rt_cmsis.o(i.svcSignalWait)
    svcThreadCreate                          0x080065a9   Thumb Code   100  rt_cmsis.o(i.svcThreadCreate)
    svcThreadGetId                           0x08006619   Thumb Code    22  rt_cmsis.o(i.svcThreadGetId)
    svcThreadTerminate                       0x08006635   Thumb Code    52  rt_cmsis.o(i.svcThreadTerminate)
    svcTimerCall                             0x0800666d   Thumb Code    24  rt_cmsis.o(i.svcTimerCall)
    sysTimerTick                             0x08006685   Thumb Code    76  rt_cmsis.o(i.sysTimerTick)
    os_maxtaskrun                            0x080066d8   Data           2  rtx_conf_cm.o(.constdata)
    os_stackinfo                             0x080066dc   Data           4  rtx_conf_cm.o(.constdata)
    os_rrobin                                0x080066e0   Data           4  rtx_conf_cm.o(.constdata)
    os_trv                                   0x080066e4   Data           4  rtx_conf_cm.o(.constdata)
    os_flags                                 0x080066e8   Data           1  rtx_conf_cm.o(.constdata)
    os_clockrate                             0x080066ec   Data           4  rtx_conf_cm.o(.constdata)
    os_timernum                              0x080066f0   Data           4  rtx_conf_cm.o(.constdata)
    mp_tcb_size                              0x080066f4   Data           2  rtx_conf_cm.o(.constdata)
    mp_stk_size                              0x080066f8   Data           4  rtx_conf_cm.o(.constdata)
    os_stack_sz                              0x080066fc   Data           4  rtx_conf_cm.o(.constdata)
    os_fifo_size                             0x08006700   Data           1  rtx_conf_cm.o(.constdata)
    os_thread_def_osTimerThread              0x08006704   Data          16  rtx_conf_cm.o(.constdata)
    os_messageQ_def_osTimerMessageQ          0x08006714   Data           8  rtx_conf_cm.o(.constdata)
    mp_tmr_size                              0x0800671c   Data           2  rtx_conf_cm.o(.constdata)
    os_thread_def_main                       0x08006720   Data          16  rtx_conf_cm.o(.constdata)
    os_semaphore_def_tempSema                0x08006750   Data           4  tempmode.o(.constdata)
    os_semaphore_def_accSema                 0x08006754   Data           4  accmode.o(.constdata)
    __mathlib_zero                           0x080067f0   Data           8  qnan.o(.constdata)
    Region$$Table$$Base                      0x080067f8   Number         0  anon$$obj.o(Region$$Table)
    Region$$Table$$Limit                     0x08006828   Number         0  anon$$obj.o(Region$$Table)
    mp_tcb                                   0x10000000   Data         348  rtx_conf_cm.o(.bss)
    mp_stk                                   0x10000160   Data        4816  rtx_conf_cm.o(.bss)
    os_stack_mem                             0x10001430   Data        1632  rtx_conf_cm.o(.bss)
    os_fifo                                  0x10001a90   Data         132  rtx_conf_cm.o(.bss)
    os_active_TCB                            0x10001b14   Data          28  rtx_conf_cm.o(.bss)
    os_messageQ_q_osTimerMessageQ            0x10001b30   Data          32  rtx_conf_cm.o(.bss)
    SystemCoreClock                          0x20000000   Data           4  system_stm32f4xx.o(.data)
    AHBPrescTable                            0x20000004   Data          16  system_stm32f4xx.o(.data)
    os_tmr                                   0x20000014   Data           4  rtx_conf_cm.o(.data)
    m_tmr                                    0x20000018   Data           4  rtx_conf_cm.o(.data)
    osThreadId_osTimerThread                 0x2000001c   Data           4  rtx_conf_cm.o(.data)
    osMessageQId_osTimerMessageQ             0x20000020   Data           4  rtx_conf_cm.o(.data)
    mainThread_ID                            0x20000024   Data           4  main.o(.data)
    __stdout                                 0x2000002c   Data           4  fputc_debug.o(.data)
    __stdin                                  0x20000030   Data           4  fputc_debug.o(.data)
    LIS302DLTimeout                          0x20000034   Data           4  stm32f4_discovery_lis302dl.o(.data)
    os_semaphore_cb_tempSema                 0x20000038   Data           8  tempmode.o(.data)
    tempSema                                 0x20000040   Data           4  tempmode.o(.data)
    tempThread_ID                            0x20000044   Data           4  tempmode.o(.data)
    send                                     0x20000048   Data           7  accmode.o(.data)
    accThread_ID                             0x20000050   Data           4  accmode.o(.data)
    receive                                  0x20000054   Data           7  accmode.o(.data)
    os_semaphore_cb_accSema                  0x2000005c   Data           8  accmode.o(.data)
    accSema                                  0x20000064   Data           4  accmode.o(.data)
    os_timer_head                            0x20000078   Data           4  rt_cmsis.o(.data)
    os_tsk                                   0x2000007c   Data           8  rt_task.o(.data)
    os_time                                  0x20000088   Data           2  rt_time.o(.data)
    dbg_msg                                  0x2000008a   Data           1  hal_cm.o(.data)
    os_robin                                 0x2000008c   Data           8  rt_robin.o(.data)
    os_idle_TCB                              0x200000ec   Data          48  rt_task.o(.bss)
    os_rdy                                   0x2000011c   Data          24  rt_list.o(.bss)
    os_dly                                   0x20000134   Data          24  rt_list.o(.bss)
    __initial_sp                             0x20000550   Data           0  startup_stm32f4xx.o(STACK)



==============================================================================

Memory Map of the image

  Image Entry point : 0x08000189

  Load Region LR_IROM1 (Base: 0x08000000, Size: 0x000068c0, Max: 0x00100000, ABSOLUTE)

    Execution Region ER_IROM1 (Base: 0x08000000, Size: 0x00006828, Max: 0x00100000, ABSOLUTE)

    Base Addr    Size         Type   Attr      Idx    E Section Name        Object

    0x08000000   0x00000188   Data   RO          132    RESET               startup_stm32f4xx.o
    0x08000188   0x00000000   Code   RO         2351  * .ARM.Collect$$$$00000000  mc_w.l(entry.o)
    0x08000188   0x00000004   Code   RO         2658    .ARM.Collect$$$$00000001  mc_w.l(entry2.o)
    0x0800018c   0x00000004   Code   RO         2661    .ARM.Collect$$$$00000004  mc_w.l(entry5.o)
    0x08000190   0x00000000   Code   RO         2663    .ARM.Collect$$$$00000008  mc_w.l(entry7b.o)
    0x08000190   0x00000000   Code   RO         2665    .ARM.Collect$$$$0000000A  mc_w.l(entry8b.o)
    0x08000190   0x00000000   Code   RO         2666    .ARM.Collect$$$$0000000D  mc_w.l(entry10a.o)
    0x08000190   0x00000000   Code   RO         2668    .ARM.Collect$$$$0000000F  mc_w.l(entry11a.o)
    0x08000190   0x00000010   Code   RO          137    .ARM.Collect$$$$000000FF  rtx_conf_cm.o
    0x080001a0   0x00000004   Code   RO         2659    .ARM.Collect$$$$00002712  mc_w.l(entry2.o)
    0x080001a4   0x00000174   Code   RO         2302    .emb_text           RTX_CM4.lib(hal_cm4.o)
    0x08000318   0x0000020c   Code   RO            3    .text               system_stm32f4xx.o
    0x08000524   0x00000024   Code   RO          133    .text               startup_stm32f4xx.o
    0x08000548   0x00000008   Code   RO          138    .text               rtx_conf_cm.o
    0x08000550   0x00000124   Code   RO          171    .text               main.o
    0x08000674   0x0000015c   Code   RO          245    .text               acc.o
    0x080007d0   0x00000158   Code   RO          268    .text               adc.o
    0x08000928   0x00000074   Code   RO          294    .text               button.o
    0x0800099c   0x0000004c   Code   RO          318    .text               fputc_debug.o
    0x080009e8   0x000000e8   Code   RO          352    .text               led.o
    0x08000ad0   0x0000004a   Code   RO          373    .text               moving_average_c.o
    0x08000b1a   0x00000002   PAD
    0x08000b1c   0x000003c0   Code   RO          390    .text               stm32f4_discovery_lis302dl.o
    0x08000edc   0x00000170   Code   RO          416    .text               tempmode.o
    0x0800104c   0x00000750   Code   RO          443    .text               accmode.o
    0x0800179c   0x000000ac   Code   RO          474    .text               dma.o
    0x08001848   0x00000078   Code   RO          494    .text               tim3.o
    0x080018c0   0x000000e4   Code   RO          517    .text               misc.o
    0x080019a4   0x00000470   Code   RO          615    .text               stm32f4xx_adc.o
    0x08001e14   0x000003a4   Code   RO          833    .text               stm32f4xx_dma.o
    0x080021b8   0x0000011c   Code   RO          856    .text               stm32f4xx_exti.o
    0x080022d4   0x0000025c   Code   RO          925    .text               stm32f4xx_gpio.o
    0x08002530   0x00000588   Code   RO         1074    .text               stm32f4xx_rcc.o
    0x08002ab8   0x000003f4   Code   RO         1165    .text               stm32f4xx_spi.o
    0x08002eac   0x0000008c   Code   RO         1188    .text               stm32f4xx_syscfg.o
    0x08002f38   0x00000ca2   Code   RO         1208    .text               stm32f4xx_tim.o
    0x08003bda   0x00000024   Code   RO         2354    .text               mc_w.l(memseta.o)
    0x08003bfe   0x0000014e   Code   RO         2617    .text               mf_w.l(dadd.o)
    0x08003d4c   0x000000e4   Code   RO         2619    .text               mf_w.l(dmul.o)
    0x08003e30   0x000000de   Code   RO         2621    .text               mf_w.l(ddiv.o)
    0x08003f0e   0x00000022   Code   RO         2625    .text               mf_w.l(dflti.o)
    0x08003f30   0x0000001a   Code   RO         2627    .text               mf_w.l(dfltui.o)
    0x08003f4a   0x00000026   Code   RO         2629    .text               mf_w.l(f2d.o)
    0x08003f70   0x00000028   Code   RO         2631    .text               mf_w.l(cdcmple.o)
    0x08003f98   0x00000028   Code   RO         2633    .text               mf_w.l(cdrcmple.o)
    0x08003fc0   0x00000038   Code   RO         2635    .text               mf_w.l(d2f.o)
    0x08003ff8   0x0000002c   Code   RO         2670    .text               mc_w.l(uidiv.o)
    0x08004024   0x00000062   Code   RO         2672    .text               mc_w.l(uldiv.o)
    0x08004086   0x0000001e   Code   RO         2674    .text               mc_w.l(llshl.o)
    0x080040a4   0x00000024   Code   RO         2676    .text               mc_w.l(llsshr.o)
    0x080040c8   0x00000000   Code   RO         2685    .text               mc_w.l(iusefp.o)
    0x080040c8   0x0000006c   Code   RO         2686    .text               mf_w.l(fepilogue.o)
    0x08004134   0x000000be   Code   RO         2688    .text               mf_w.l(depilogue.o)
    0x080041f2   0x000000a2   Code   RO         2690    .text               mf_w.l(dsqrt.o)
    0x08004294   0x00000080   Code   RO         2692    .text               mf_w.l(drem.o)
    0x08004314   0x00000030   Code   RO         2694    .text               mf_w.l(dfixul.o)
    0x08004344   0x00000024   Code   RO         2702    .text               mc_w.l(init.o)
    0x08004368   0x00000020   Code   RO         2704    .text               mc_w.l(llushr.o)
    0x08004388   0x00000004   Code   RO         2312    SVC_TABLE           RTX_CM4.lib(SVC_Table.o)
    0x0800438c   0x00000020   Code   RO         2589    i.__0printf         mc_w.l(printfa.o)
    0x080043ac   0x00000030   Code   RO         2698    i.__ARM_fpclassify  m_wm.l(fpclassify.o)
    0x080043dc   0x00000004   PAD
    0x080043e0   0x000002e8   Code   RO         2637    i.__hardfp_atan     m_wm.l(atan.o)
    0x080046c8   0x000001e0   Code   RO         2315    i.__hardfp_atan2    m_wm.l(atan2.o)
    0x080048a8   0x00000128   Code   RO         2327    i.__hardfp_fmod     m_wm.l(fmod.o)
    0x080049d0   0x0000007a   Code   RO         2339    i.__hardfp_sqrt     m_wm.l(sqrt.o)
    0x08004a4a   0x000000f8   Code   RO         2700    i.__kernel_poly     m_wm.l(poly.o)
    0x08004b42   0x00000006   PAD
    0x08004b48   0x00000020   Code   RO         2696    i.__mathlib_dbl_underflow  m_wm.l(dunder.o)
    0x08004b68   0x0000000e   Code   RO         2708    i.__scatterload_copy  mc_w.l(handlers.o)
    0x08004b76   0x00000002   Code   RO         2709    i.__scatterload_null  mc_w.l(handlers.o)
    0x08004b78   0x0000000e   Code   RO         2710    i.__scatterload_zeroinit  mc_w.l(handlers.o)
    0x08004b86   0x00000002   PAD
    0x08004b88   0x0000000c   Code   RO         2680    i.__set_errno       mc_w.l(errno.o)
    0x08004b94   0x0000015c   Code   RO         2596    i._fp_digits        mc_w.l(printfa.o)
    0x08004cf0   0x00000046   Code   RO         2175    i._init_box         RTX_CM4.lib(rt_membox.o)
    0x08004d36   0x00000002   PAD
    0x08004d38   0x000006f0   Code   RO         2597    i._printf_core      mc_w.l(printfa.o)
    0x08005428   0x00000026   Code   RO         2598    i._printf_post_padding  mc_w.l(printfa.o)
    0x0800544e   0x00000030   Code   RO         2599    i._printf_pre_padding  mc_w.l(printfa.o)
    0x0800547e   0x00000010   Code   RO         2639    i.atan              m_wm.l(atan.o)
    0x0800548e   0x00000002   PAD
    0x08005490   0x00000030   Code   RO         2228    i.dbg_init          RTX_CM4.lib(hal_cm.o)
    0x080054c0   0x00000020   Code   RO         2229    i.dbg_task_notify   RTX_CM4.lib(hal_cm.o)
    0x080054e0   0x00000010   Code   RO         2230    i.dbg_task_switch   RTX_CM4.lib(hal_cm.o)
    0x080054f0   0x00000020   Code   RO         2653    i.fabs              m_wm.l(fabs.o)
    0x08005510   0x0000002c   Code   RO         1274    i.isrMessagePut     RTX_CM4.lib(rt_cmsis.o)
    0x0800553c   0x00000028   Code   RO         1921    i.isr_evt_set       RTX_CM4.lib(rt_event.o)
    0x08005564   0x00000050   Code   RO         2039    i.isr_mbx_receive   RTX_CM4.lib(rt_mailbox.o)
    0x080055b4   0x0000000e   Code   RO         2040    i.isr_mbx_send      RTX_CM4.lib(rt_mailbox.o)
    0x080055c2   0x00000010   Code   RO         2087    i.isr_sem_send      RTX_CM4.lib(rt_semaphore.o)
    0x080055d2   0x00000002   PAD
    0x080055d4   0x00000068   Code   RO         1277    i.osKernelStart     RTX_CM4.lib(rt_cmsis.o)
    0x0800563c   0x00000044   Code   RO         1285    i.osMessageGet      RTX_CM4.lib(rt_cmsis.o)
    0x08005680   0x00000018   Code   RO         1294    i.osSemaphoreCreate  RTX_CM4.lib(rt_cmsis.o)
    0x08005698   0x00000030   Code   RO         1295    i.osSemaphoreRelease  RTX_CM4.lib(rt_cmsis.o)
    0x080056c8   0x00000018   Code   RO         1296    i.osSemaphoreWait   RTX_CM4.lib(rt_cmsis.o)
    0x080056e0   0x00000034   Code   RO         1299    i.osSignalSet       RTX_CM4.lib(rt_cmsis.o)
    0x08005714   0x00000018   Code   RO         1300    i.osSignalWait      RTX_CM4.lib(rt_cmsis.o)
    0x0800572c   0x00000018   Code   RO         1301    i.osThreadCreate    RTX_CM4.lib(rt_cmsis.o)
    0x08005744   0x00000018   Code   RO         1302    i.osThreadExit      RTX_CM4.lib(rt_cmsis.o)
    0x0800575c   0x00000018   Code   RO         1303    i.osThreadGetId     RTX_CM4.lib(rt_cmsis.o)
    0x08005774   0x0000000c   Code   RO         1308    i.osTimerCall       RTX_CM4.lib(rt_cmsis.o)
    0x08005780   0x0000002c   Code   RO         1312    i.osTimerThread     RTX_CM4.lib(rt_cmsis.o)
    0x080057ac   0x0000001c   Code   RO         2176    i.rt_alloc_box      RTX_CM4.lib(rt_membox.o)
    0x080057c8   0x0000003c   Code   RO         2204    i.rt_alloc_mem      RTX_CM4.lib(rt_memory.o)
    0x08005804   0x00000038   Code   RO         1796    i.rt_block          RTX_CM4.lib(rt_task.o)
    0x0800583c   0x00000048   Code   RO         2281    i.rt_chk_robin      RTX_CM4.lib(rt_robin.o)
    0x08005884   0x00000070   Code   RO         1963    i.rt_dec_dly        RTX_CM4.lib(rt_list.o)
    0x080058f4   0x00000044   Code   RO         1797    i.rt_dispatch       RTX_CM4.lib(rt_task.o)
    0x08005938   0x00000050   Code   RO         1924    i.rt_evt_psh        RTX_CM4.lib(rt_event.o)
    0x08005988   0x0000005c   Code   RO         1925    i.rt_evt_set        RTX_CM4.lib(rt_event.o)
    0x080059e4   0x00000040   Code   RO         1926    i.rt_evt_wait       RTX_CM4.lib(rt_event.o)
    0x08005a24   0x00000020   Code   RO         2177    i.rt_free_box       RTX_CM4.lib(rt_membox.o)
    0x08005a44   0x00000028   Code   RO         2205    i.rt_free_mem       RTX_CM4.lib(rt_memory.o)
    0x08005a6c   0x00000028   Code   RO         1964    i.rt_get_first      RTX_CM4.lib(rt_list.o)
    0x08005a94   0x00000008   Code   RO         1315    i.rt_id2obj         RTX_CM4.lib(rt_cmsis.o)
    0x08005a9c   0x00000040   Code   RO         1798    i.rt_init_context   RTX_CM4.lib(rt_task.o)
    0x08005adc   0x0000001a   Code   RO         2206    i.rt_init_mem       RTX_CM4.lib(rt_memory.o)
    0x08005af6   0x00000002   PAD
    0x08005af8   0x00000018   Code   RO         2282    i.rt_init_robin     RTX_CM4.lib(rt_robin.o)
    0x08005b10   0x00000050   Code   RO         2231    i.rt_init_stack     RTX_CM4.lib(hal_cm.o)
    0x08005b60   0x00000008   Code   RO         2041    i.rt_mbx_check      RTX_CM4.lib(rt_mailbox.o)
    0x08005b68   0x0000001a   Code   RO         2042    i.rt_mbx_init       RTX_CM4.lib(rt_mailbox.o)
    0x08005b82   0x00000002   PAD
    0x08005b84   0x000000fc   Code   RO         2043    i.rt_mbx_psh        RTX_CM4.lib(rt_mailbox.o)
    0x08005c80   0x000000b4   Code   RO         2045    i.rt_mbx_wait       RTX_CM4.lib(rt_mailbox.o)
    0x08005d34   0x0000003c   Code   RO         1316    i.rt_ms2tick        RTX_CM4.lib(rt_cmsis.o)
    0x08005d70   0x00000078   Code   RO         1875    i.rt_pop_req        RTX_CM4.lib(rt_system.o)
    0x08005de8   0x00000020   Code   RO         1876    i.rt_psh_req        RTX_CM4.lib(rt_system.o)
    0x08005e08   0x00000058   Code   RO         1966    i.rt_psq_enq        RTX_CM4.lib(rt_list.o)
    0x08005e60   0x0000005c   Code   RO         1967    i.rt_put_dly        RTX_CM4.lib(rt_list.o)
    0x08005ebc   0x00000038   Code   RO         1968    i.rt_put_prio       RTX_CM4.lib(rt_list.o)
    0x08005ef4   0x00000014   Code   RO         1969    i.rt_put_rdy_first  RTX_CM4.lib(rt_list.o)
    0x08005f08   0x00000010   Code   RO         2232    i.rt_ret_regs       RTX_CM4.lib(hal_cm.o)
    0x08005f18   0x0000000c   Code   RO         2233    i.rt_ret_val        RTX_CM4.lib(hal_cm.o)
    0x08005f24   0x00000010   Code   RO         2234    i.rt_ret_val2       RTX_CM4.lib(hal_cm.o)
    0x08005f34   0x00000028   Code   RO         1971    i.rt_rmv_dly        RTX_CM4.lib(rt_list.o)
    0x08005f5c   0x00000030   Code   RO         1972    i.rt_rmv_list       RTX_CM4.lib(rt_list.o)
    0x08005f8c   0x0000000c   Code   RO         2088    i.rt_sem_init       RTX_CM4.lib(rt_semaphore.o)
    0x08005f98   0x00000034   Code   RO         2089    i.rt_sem_psh        RTX_CM4.lib(rt_semaphore.o)
    0x08005fcc   0x0000002a   Code   RO         2090    i.rt_sem_send       RTX_CM4.lib(rt_semaphore.o)
    0x08005ff6   0x00000002   PAD
    0x08005ff8   0x0000003c   Code   RO         2091    i.rt_sem_wait       RTX_CM4.lib(rt_semaphore.o)
    0x08006034   0x00000024   Code   RO         1877    i.rt_stk_check      RTX_CM4.lib(rt_system.o)
    0x08006058   0x00000028   Code   RO         1799    i.rt_switch_req     RTX_CM4.lib(rt_task.o)
    0x08006080   0x00000140   Code   RO         1800    i.rt_sys_init       RTX_CM4.lib(rt_task.o)
    0x080061c0   0x0000003c   Code   RO         1878    i.rt_systick        RTX_CM4.lib(rt_system.o)
    0x080061fc   0x00000012   Code   RO         1317    i.rt_tid2ptcb       RTX_CM4.lib(rt_cmsis.o)
    0x0800620e   0x00000002   PAD
    0x08006210   0x0000003c   Code   RO         1318    i.rt_timer_insert   RTX_CM4.lib(rt_cmsis.o)
    0x0800624c   0x00000080   Code   RO         1801    i.rt_tsk_create     RTX_CM4.lib(rt_task.o)
    0x080062cc   0x000000ac   Code   RO         1802    i.rt_tsk_delete     RTX_CM4.lib(rt_task.o)
    0x08006378   0x00000010   Code   RO         1805    i.rt_tsk_self       RTX_CM4.lib(rt_task.o)
    0x08006388   0x000000d4   Code   RO         1321    i.svcKernelStart    RTX_CM4.lib(rt_cmsis.o)
    0x0800645c   0x00000024   Code   RO         1323    i.svcMessageCreate  RTX_CM4.lib(rt_cmsis.o)
    0x08006480   0x0000003a   Code   RO         1324    i.svcMessageGet     RTX_CM4.lib(rt_cmsis.o)
    0x080064ba   0x00000024   Code   RO         1330    i.svcSemaphoreCreate  RTX_CM4.lib(rt_cmsis.o)
    0x080064de   0x0000001a   Code   RO         1331    i.svcSemaphoreRelease  RTX_CM4.lib(rt_cmsis.o)
    0x080064f8   0x00000036   Code   RO         1332    i.svcSemaphoreWait  RTX_CM4.lib(rt_cmsis.o)
    0x0800652e   0x00000024   Code   RO         1335    i.svcSignalSet      RTX_CM4.lib(rt_cmsis.o)
    0x08006552   0x00000002   PAD
    0x08006554   0x00000054   Code   RO         1336    i.svcSignalWait     RTX_CM4.lib(rt_cmsis.o)
    0x080065a8   0x00000070   Code   RO         1337    i.svcThreadCreate   RTX_CM4.lib(rt_cmsis.o)
    0x08006618   0x0000001c   Code   RO         1338    i.svcThreadGetId    RTX_CM4.lib(rt_cmsis.o)
    0x08006634   0x00000038   Code   RO         1341    i.svcThreadTerminate  RTX_CM4.lib(rt_cmsis.o)
    0x0800666c   0x00000018   Code   RO         1343    i.svcTimerCall      RTX_CM4.lib(rt_cmsis.o)
    0x08006684   0x00000054   Code   RO         1351    i.sysTimerTick      RTX_CM4.lib(rt_cmsis.o)
    0x080066d8   0x00000058   Data   RO          140    .constdata          rtx_conf_cm.o
    0x08006730   0x00000020   Data   RO          172    .constdata          main.o
    0x08006750   0x00000004   Data   RO          417    .constdata          tempmode.o
    0x08006754   0x00000004   Data   RO          445    .constdata          accmode.o
    0x08006758   0x00000098   Data   RO         2640    .constdata          m_wm.l(atan.o)
    0x080067f0   0x00000008   Data   RO         2657    .constdata          m_wm.l(qnan.o)
    0x080067f8   0x00000030   Data   RO         2706    Region$$Table       anon$$obj.o


    Execution Region RW_IRAM1 (Base: 0x10000000, Size: 0x00001b50, Max: 0x0001ffff, ABSOLUTE)

    Base Addr    Size         Type   Attr      Idx    E Section Name        Object

    0x10000000   0x00001b50   Zero   RW          139    .bss                rtx_conf_cm.o


    Execution Region RW_IRAM2 (Base: 0x20000000, Size: 0x00000550, Max: 0x0001ffff, ABSOLUTE)

    Base Addr    Size         Type   Attr      Idx    E Section Name        Object

    0x20000000   0x00000014   Data   RW            4    .data               system_stm32f4xx.o
    0x20000014   0x00000010   Data   RW          141    .data               rtx_conf_cm.o
    0x20000024   0x00000004   Data   RW          173    .data               main.o
    0x20000028   0x00000004   Data   RW          295    .data               button.o
    0x2000002c   0x00000008   Data   RW          319    .data               fputc_debug.o
    0x20000034   0x00000004   Data   RW          391    .data               stm32f4_discovery_lis302dl.o
    0x20000038   0x00000010   Data   RW          418    .data               tempmode.o
    0x20000048   0x00000020   Data   RW          446    .data               accmode.o
    0x20000068   0x00000010   Data   RW         1075    .data               stm32f4xx_rcc.o
    0x20000078   0x00000004   Data   RW         1352    .data               RTX_CM4.lib(rt_cmsis.o)
    0x2000007c   0x00000008   Data   RW         1807    .data               RTX_CM4.lib(rt_task.o)
    0x20000084   0x00000003   Data   RW         1881    .data               RTX_CM4.lib(rt_system.o)
    0x20000087   0x00000001   PAD
    0x20000088   0x00000002   Data   RW         2126    .data               RTX_CM4.lib(rt_time.o)
    0x2000008a   0x00000001   Data   RW         2235    .data               RTX_CM4.lib(hal_cm.o)
    0x2000008b   0x00000001   PAD
    0x2000008c   0x00000008   Data   RW         2283    .data               RTX_CM4.lib(rt_robin.o)
    0x20000094   0x00000004   Data   RW         2681    .data               mc_w.l(errno.o)
    0x20000098   0x00000054   Zero   RW          444    .bss                accmode.o
    0x200000ec   0x00000030   Zero   RW         1806    .bss                RTX_CM4.lib(rt_task.o)
    0x2000011c   0x00000030   Zero   RW         1973    .bss                RTX_CM4.lib(rt_list.o)
    0x2000014c   0x00000004   PAD
    0x20000150   0x00000400   Zero   RW          130    STACK               startup_stm32f4xx.o


==============================================================================

Image component sizes


      Code (inc. data)   RO Data    RW Data    ZI Data      Debug   Object Name

       348          0          0          0          0       2012   acc.o
      1872        116          4         32         84       3179   accmode.o
       344         44          0          0          0        791   adc.o
       116         10          0          4          0       1008   button.o
       172          8          0          0          0        599   dma.o
        76          4          0          8          0       2705   fputc_debug.o
       232          6          0          0          0       1649   led.o
       292         28         32          4          0      10220   main.o
       228         22          0          0          0       3573   misc.o
        74          0          0          0          0       1105   moving_average_c.o
        24          6         88         16       6992       6440   rtx_conf_cm.o
        36          8        392          0       1024        768   startup_stm32f4xx.o
       960         18          0          4          0       9412   stm32f4_discovery_lis302dl.o
      1136         28          0          0          0      24454   stm32f4xx_adc.o
       932         32          0          0          0      18965   stm32f4xx_dma.o
       284         10          0          0          0       4755   stm32f4xx_exti.o
       604         36          0          0          0      10485   stm32f4xx_gpio.o
      1416         48          0         16          0      23899   stm32f4xx_rcc.o
      1012         22          0          0          0      14913   stm32f4xx_spi.o
       140         12          0          0          0       1687   stm32f4xx_syscfg.o
      3234         60          0          0          0      42132   stm32f4xx_tim.o
       524         44          0         20          0     290855   system_stm32f4xx.o
       368         18          4         16          0       1753   tempmode.o
       120          6          0          0          0        636   tim3.o

    ----------------------------------------------------------------------
     14546        586        568        120       8100     477995   Object Totals
         0          0         48          0          0          0   (incl. Generated)
         2          0          0          0          0          0   (incl. Padding)

    ----------------------------------------------------------------------

      Code (inc. data)   RO Data    RW Data    ZI Data      Debug   Library Member Name

         4          4          0          0          0        132   SVC_Table.o
       220         24          0          1          0       3876   hal_cm.o
       372         32          0          0          0        616   hal_cm4.o
      1508        158          0          4          0      33051   rt_cmsis.o
       276         20          0          0          0       2550   rt_event.o
       496         30          0          0         48       6636   rt_list.o
       560         10          0          0          0       3829   rt_mailbox.o
       130          0          0          0          0       1837   rt_membox.o
       126          0          0          0          0       2159   rt_memory.o
        96         24          0          8          0       1042   rt_robin.o
       182          8          0          0          0       2810   rt_semaphore.o
       248         44          0          3          0       2066   rt_system.o
       864        154          0          8         48       7224   rt_task.o
         0          0          0          2          0        150   rt_time.o
       760        108        152          0          0        344   atan.o
       480         64          0          0          0        156   atan2.o
        32          8          0          0          0        124   dunder.o
        32          0          0          0          0        124   fabs.o
       296         16          0          0          0        152   fmod.o
        48          0          0          0          0        124   fpclassify.o
       248          0          0          0          0        152   poly.o
         0          0          8          0          0          0   qnan.o
       122          0          0          0          0        148   sqrt.o
         0          0          0          0          0          0   entry.o
         0          0          0          0          0          0   entry10a.o
         0          0          0          0          0          0   entry11a.o
         8          4          0          0          0          0   entry2.o
         4          0          0          0          0          0   entry5.o
         0          0          0          0          0          0   entry7b.o
         0          0          0          0          0          0   entry8b.o
        12          6          0          4          0         68   errno.o
        30          0          0          0          0          0   handlers.o
        36          8          0          0          0         68   init.o
         0          0          0          0          0          0   iusefp.o
        30          0          0          0          0         68   llshl.o
        36          0          0          0          0         68   llsshr.o
        32          0          0          0          0         68   llushr.o
        36          0          0          0          0        108   memseta.o
      2242         90          0          0          0        444   printfa.o
        44          0          0          0          0         80   uidiv.o
        98          0          0          0          0         92   uldiv.o
        40          2          0          0          0         68   cdcmple.o
        40          2          0          0          0         68   cdrcmple.o
        56          0          0          0          0         88   d2f.o
       334          0          0          0          0        144   dadd.o
       222          0          0          0          0        100   ddiv.o
       190          0          0          0          0        176   depilogue.o
        48          0          0          0          0         68   dfixul.o
        34          0          0          0          0         76   dflti.o
        26          0          0          0          0         76   dfltui.o
       228          0          0          0          0         92   dmul.o
       128          0          0          0          0         92   drem.o
       162          0          0          0          0        100   dsqrt.o
        38          0          0          0          0         68   f2d.o
       108          0          0          0          0        168   fepilogue.o

    ----------------------------------------------------------------------
     11390        816        160         32        100      71750   Library Totals
        28          0          0          2          4          0   (incl. Padding)

    ----------------------------------------------------------------------

      Code (inc. data)   RO Data    RW Data    ZI Data      Debug   Library Name

      5082        508          0         26         96      67978   RTX_CM4.lib
      2018        196        160          0          0       1324   m_wm.l
      2608        108          0          4          0       1064   mc_w.l
      1654          4          0          0          0       1384   mf_w.l

    ----------------------------------------------------------------------
     11390        816        160         32        100      71750   Library Totals

    ----------------------------------------------------------------------

==============================================================================


      Code (inc. data)   RO Data    RW Data    ZI Data      Debug   

     25936       1402        728        152       8200     534897   Grand Totals
     25936       1402        728        152       8200     534897   ELF Image Totals
     25936       1402        728        152          0          0   ROM Totals

==============================================================================

    Total RO  Size (Code + RO Data)                26664 (  26.04kB)
    Total RW  Size (RW Data + ZI Data)              8352 (   8.16kB)
    Total ROM Size (Code + RO Data + RW Data)      26816 (  26.19kB)

==============================================================================

